[02:28:18:298] [ERROR] - my.utils.loggerUtils.error(loggerUtils.java:34) - 日志插入异常
### Error updating database.  Cause: java.sql.SQLSyntaxErrorException: (conn=1352) Incorrect integer value: '' for column `myxq3d1`.`xq_log_online`.`offline` at row 1
### The error may exist in my/dao/logMapper.xml
### The error may involve defaultParameterMap
### The error occurred while setting parameters
### SQL: insert into xq_log_online(name,online,accumulate,offline) values(?,?,?,?)
### Cause: java.sql.SQLSyntaxErrorException: (conn=1352) Incorrect integer value: '' for column `myxq3d1`.`xq_log_online`.`offline` at row 1
[02:31:49:440] [ERROR] - my.utils.loggerUtils.error(loggerUtils.java:34) - 日志插入异常
### Error updating database.  Cause: java.sql.SQLSyntaxErrorException: (conn=1371) Incorrect integer value: '' for column `myxq3d1`.`xq_log_online`.`offline` at row 1
### The error may exist in my/dao/logMapper.xml
### The error may involve defaultParameterMap
### The error occurred while setting parameters
### SQL: insert into xq_log_online(name,online,accumulate,offline) values(?,?,?,?)
### Cause: java.sql.SQLSyntaxErrorException: (conn=1371) Incorrect integer value: '' for column `myxq3d1`.`xq_log_online`.`offline` at row 1
[02:40:35:357] [ERROR] - my.utils.loggerUtils.error(loggerUtils.java:34) - 日志插入异常
### Error updating database.  Cause: java.sql.SQLSyntaxErrorException: (conn=1392) Incorrect integer value: '' for column `myxq3d1`.`xq_log_online`.`offline` at row 1
### The error may exist in my/dao/logMapper.xml
### The error may involve defaultParameterMap
### The error occurred while setting parameters
### SQL: insert into xq_log_online(name,online,accumulate,offline) values(?,?,?,?)
### Cause: java.sql.SQLSyntaxErrorException: (conn=1392) Incorrect integer value: '' for column `myxq3d1`.`xq_log_online`.`offline` at row 1
[02:44:52:593] [ERROR] - my.utils.loggerUtils.error(loggerUtils.java:34) - 日志插入异常
### Error updating database.  Cause: java.sql.SQLSyntaxErrorException: (conn=1412) Incorrect integer value: '' for column `myxq3d1`.`xq_log_online`.`offline` at row 1
### The error may exist in my/dao/logMapper.xml
### The error may involve defaultParameterMap
### The error occurred while setting parameters
### SQL: insert into xq_log_online(name,online,accumulate,offline) values(?,?,?,?)
### Cause: java.sql.SQLSyntaxErrorException: (conn=1412) Incorrect integer value: '' for column `myxq3d1`.`xq_log_online`.`offline` at row 1
[03:10:38:156] [ERROR] - my.utils.loggerUtils.error(loggerUtils.java:34) - 日志插入异常
### Error updating database.  Cause: java.sql.SQLSyntaxErrorException: (conn=1512) Incorrect integer value: '' for column `myxq3d1`.`xq_log_online`.`offline` at row 1
### The error may exist in my/dao/logMapper.xml
### The error may involve defaultParameterMap
### The error occurred while setting parameters
### SQL: insert into xq_log_online(name,online,accumulate,offline) values(?,?,?,?)
### Cause: java.sql.SQLSyntaxErrorException: (conn=1512) Incorrect integer value: '' for column `myxq3d1`.`xq_log_online`.`offline` at row 1
[15:57:50:539] [ERROR] - my.utils.loggerUtils.error(loggerUtils.java:34) - 日志插入异常
### Error updating database.  Cause: java.sql.SQLSyntaxErrorException: (conn=1796) Incorrect integer value: '' for column `myxq3d1`.`xq_log_online`.`offline` at row 1
### The error may exist in my/dao/logMapper.xml
### The error may involve defaultParameterMap
### The error occurred while setting parameters
### SQL: insert into xq_log_online(name,online,accumulate,offline) values(?,?,?,?)
### Cause: java.sql.SQLSyntaxErrorException: (conn=1796) Incorrect integer value: '' for column `myxq3d1`.`xq_log_online`.`offline` at row 1
[16:20:43:401] [ERROR] - my.utils.loggerUtils.error(loggerUtils.java:34) - 日志插入异常
### Error updating database.  Cause: java.sql.SQLSyntaxErrorException: (conn=1876) Incorrect integer value: '' for column `myxq3d1`.`xq_log_online`.`offline` at row 1
### The error may exist in my/dao/logMapper.xml
### The error may involve defaultParameterMap
### The error occurred while setting parameters
### SQL: insert into xq_log_online(name,online,accumulate,offline) values(?,?,?,?)
### Cause: java.sql.SQLSyntaxErrorException: (conn=1876) Incorrect integer value: '' for column `myxq3d1`.`xq_log_online`.`offline` at row 1
