[19:00:08:082] [WARN] - com.zaxxer.hikari.HikariConfig.validateNumerics(HikariConfig.java:1084) - data-pool- - idleTimeout is close to or more than maxLifetime, disabling it.
[19:02:30:145] [WARN] - com.zaxxer.hikari.pool.PoolBase.isConnectionAlive(PoolBase.java:184) - data-pool- - Failed to validate connection org.mariadb.jdbc.Connection@6c552679 ((conn=20886) Connection.setNetworkTimeout cannot be called on a closed connection). Possibly consider using a shorter maxLifetime value.
[19:02:30:145] [WARN] - com.zaxxer.hikari.pool.PoolBase.isConnectionAlive(PoolBase.java:184) - data-pool- - Failed to validate connection org.mariadb.jdbc.Connection@5337a30 ((conn=20887) Connection.setNetworkTimeout cannot be called on a closed connection). Possibly consider using a shorter maxLifetime value.
[19:02:30:147] [WARN] - com.zaxxer.hikari.pool.PoolBase.isConnectionAlive(PoolBase.java:184) - data-pool- - Failed to validate connection org.mariadb.jdbc.Connection@59ac05b8 ((conn=20888) Connection.setNetworkTimeout cannot be called on a closed connection). Possibly consider using a shorter maxLifetime value.
[19:02:30:149] [WARN] - com.zaxxer.hikari.pool.PoolBase.isConnectionAlive(PoolBase.java:184) - data-pool- - Failed to validate connection org.mariadb.jdbc.Connection@1c8f861a ((conn=20889) Connection.setNetworkTimeout cannot be called on a closed connection). Possibly consider using a shorter maxLifetime value.
[19:02:30:149] [WARN] - com.zaxxer.hikari.pool.PoolBase.isConnectionAlive(PoolBase.java:184) - data-pool- - Failed to validate connection org.mariadb.jdbc.Connection@21a1f147 ((conn=20890) Connection.setNetworkTimeout cannot be called on a closed connection). Possibly consider using a shorter maxLifetime value.
[19:02:30:150] [WARN] - com.zaxxer.hikari.pool.PoolBase.isConnectionAlive(PoolBase.java:184) - data-pool- - Failed to validate connection org.mariadb.jdbc.Connection@4d47d30d ((conn=20891) Connection.setNetworkTimeout cannot be called on a closed connection). Possibly consider using a shorter maxLifetime value.
[19:02:30:150] [WARN] - com.zaxxer.hikari.pool.PoolBase.isConnectionAlive(PoolBase.java:184) - data-pool- - Failed to validate connection org.mariadb.jdbc.Connection@74ff9ed8 ((conn=20892) Connection.setNetworkTimeout cannot be called on a closed connection). Possibly consider using a shorter maxLifetime value.
[19:02:30:152] [WARN] - com.zaxxer.hikari.pool.PoolBase.isConnectionAlive(PoolBase.java:184) - data-pool- - Failed to validate connection org.mariadb.jdbc.Connection@1420790b ((conn=20893) Connection.setNetworkTimeout cannot be called on a closed connection). Possibly consider using a shorter maxLifetime value.
[19:02:30:153] [WARN] - com.zaxxer.hikari.pool.PoolBase.isConnectionAlive(PoolBase.java:184) - data-pool- - Failed to validate connection org.mariadb.jdbc.Connection@3aa59901 ((conn=20894) Connection.setNetworkTimeout cannot be called on a closed connection). Possibly consider using a shorter maxLifetime value.
[19:05:28:661] [WARN] - com.zaxxer.hikari.pool.PoolBase.isConnectionAlive(PoolBase.java:184) - data-pool- - Failed to validate connection org.mariadb.jdbc.Connection@2771ff8 ((conn=20898) Connection.setNetworkTimeout cannot be called on a closed connection). Possibly consider using a shorter maxLifetime value.
[19:05:28:663] [WARN] - com.zaxxer.hikari.pool.PoolBase.isConnectionAlive(PoolBase.java:184) - data-pool- - Failed to validate connection org.mariadb.jdbc.Connection@3d02b99b ((conn=20900) Connection.setNetworkTimeout cannot be called on a closed connection). Possibly consider using a shorter maxLifetime value.
[19:05:28:665] [WARN] - com.zaxxer.hikari.pool.PoolBase.isConnectionAlive(PoolBase.java:184) - data-pool- - Failed to validate connection org.mariadb.jdbc.Connection@422a8012 ((conn=20902) Connection.setNetworkTimeout cannot be called on a closed connection). Possibly consider using a shorter maxLifetime value.
[19:05:28:666] [WARN] - com.zaxxer.hikari.pool.PoolBase.isConnectionAlive(PoolBase.java:184) - data-pool- - Failed to validate connection org.mariadb.jdbc.Connection@4313f250 ((conn=20904) Connection.setNetworkTimeout cannot be called on a closed connection). Possibly consider using a shorter maxLifetime value.
[19:08:26:662] [WARN] - com.zaxxer.hikari.pool.PoolBase.isConnectionAlive(PoolBase.java:184) - data-pool- - Failed to validate connection org.mariadb.jdbc.Connection@79a1bd15 ((conn=20911) Connection.setNetworkTimeout cannot be called on a closed connection). Possibly consider using a shorter maxLifetime value.
[19:08:26:667] [WARN] - com.zaxxer.hikari.pool.PoolBase.isConnectionAlive(PoolBase.java:184) - data-pool- - Failed to validate connection org.mariadb.jdbc.Connection@51470ddb ((conn=20914) Connection.setNetworkTimeout cannot be called on a closed connection). Possibly consider using a shorter maxLifetime value.
[19:10:22:679] [WARN] - org.mariadb.jdbc.util.log.Slf4JLogger.warn(Slf4JLogger.java:100) - Error: 1406-22001: Data too long for column 'email' at row 1
[19:10:22:692] [WARN] - org.mariadb.jdbc.util.log.Slf4JLogger.warn(Slf4JLogger.java:100) - Error: 1406-22001: Data too long for column 'email' at row 1
[19:10:22:704] [WARN] - org.mariadb.jdbc.util.log.Slf4JLogger.warn(Slf4JLogger.java:100) - Error: 1406-22001: Data too long for column 'email' at row 1
[19:10:22:714] [WARN] - org.mariadb.jdbc.util.log.Slf4JLogger.warn(Slf4JLogger.java:100) - Error: 1406-22001: Data too long for column 'email' at row 1
[19:10:22:727] [WARN] - org.mariadb.jdbc.util.log.Slf4JLogger.warn(Slf4JLogger.java:100) - Error: 1406-22001: Data too long for column 'email' at row 1
[19:10:22:741] [WARN] - org.mariadb.jdbc.util.log.Slf4JLogger.warn(Slf4JLogger.java:100) - Error: 1406-22001: Data too long for column 'email' at row 1
[19:10:22:754] [WARN] - org.mariadb.jdbc.util.log.Slf4JLogger.warn(Slf4JLogger.java:100) - Error: 1406-22001: Data too long for column 'email' at row 1
[19:10:22:764] [WARN] - org.mariadb.jdbc.util.log.Slf4JLogger.warn(Slf4JLogger.java:100) - Error: 1406-22001: Data too long for column 'email' at row 1
[19:10:22:776] [WARN] - org.mariadb.jdbc.util.log.Slf4JLogger.warn(Slf4JLogger.java:100) - Error: 1406-22001: Data too long for column 'email' at row 1
[19:10:22:787] [WARN] - org.mariadb.jdbc.util.log.Slf4JLogger.warn(Slf4JLogger.java:100) - Error: 1406-22001: Data too long for column 'email' at row 1
[19:10:22:799] [WARN] - org.mariadb.jdbc.util.log.Slf4JLogger.warn(Slf4JLogger.java:100) - Error: 1406-22001: Data too long for column 'email' at row 1
[19:10:22:809] [WARN] - org.mariadb.jdbc.util.log.Slf4JLogger.warn(Slf4JLogger.java:100) - Error: 1406-22001: Data too long for column 'email' at row 1
[19:10:22:823] [WARN] - org.mariadb.jdbc.util.log.Slf4JLogger.warn(Slf4JLogger.java:100) - Error: 1406-22001: Data too long for column 'email' at row 1
[19:10:22:834] [WARN] - org.mariadb.jdbc.util.log.Slf4JLogger.warn(Slf4JLogger.java:100) - Error: 1406-22001: Data too long for column 'email' at row 1
[19:10:22:847] [WARN] - org.mariadb.jdbc.util.log.Slf4JLogger.warn(Slf4JLogger.java:100) - Error: 1406-22001: Data too long for column 'email' at row 1
[19:10:22:858] [WARN] - org.mariadb.jdbc.util.log.Slf4JLogger.warn(Slf4JLogger.java:100) - Error: 1406-22001: Data too long for column 'email' at row 1
[19:10:22:872] [WARN] - org.mariadb.jdbc.util.log.Slf4JLogger.warn(Slf4JLogger.java:100) - Error: 1406-22001: Data too long for column 'email' at row 1
[19:10:22:886] [WARN] - org.mariadb.jdbc.util.log.Slf4JLogger.warn(Slf4JLogger.java:100) - Error: 1406-22001: Data too long for column 'email' at row 1
[19:10:22:901] [WARN] - org.mariadb.jdbc.util.log.Slf4JLogger.warn(Slf4JLogger.java:100) - Error: 1406-22001: Data too long for column 'email' at row 1
[19:20:24:674] [WARN] - org.mariadb.jdbc.util.log.Slf4JLogger.warn(Slf4JLogger.java:100) - Error: 1406-22001: Data too long for column 'email' at row 1
[19:20:24:693] [WARN] - org.mariadb.jdbc.util.log.Slf4JLogger.warn(Slf4JLogger.java:100) - Error: 1406-22001: Data too long for column 'email' at row 1
[19:20:24:705] [WARN] - org.mariadb.jdbc.util.log.Slf4JLogger.warn(Slf4JLogger.java:100) - Error: 1406-22001: Data too long for column 'email' at row 1
[19:20:24:716] [WARN] - org.mariadb.jdbc.util.log.Slf4JLogger.warn(Slf4JLogger.java:100) - Error: 1406-22001: Data too long for column 'email' at row 1
[19:20:24:728] [WARN] - org.mariadb.jdbc.util.log.Slf4JLogger.warn(Slf4JLogger.java:100) - Error: 1406-22001: Data too long for column 'email' at row 1
[19:20:24:741] [WARN] - org.mariadb.jdbc.util.log.Slf4JLogger.warn(Slf4JLogger.java:100) - Error: 1406-22001: Data too long for column 'email' at row 1
[19:20:24:751] [WARN] - org.mariadb.jdbc.util.log.Slf4JLogger.warn(Slf4JLogger.java:100) - Error: 1406-22001: Data too long for column 'email' at row 1
[19:20:24:766] [WARN] - org.mariadb.jdbc.util.log.Slf4JLogger.warn(Slf4JLogger.java:100) - Error: 1406-22001: Data too long for column 'email' at row 1
[19:20:24:778] [WARN] - org.mariadb.jdbc.util.log.Slf4JLogger.warn(Slf4JLogger.java:100) - Error: 1406-22001: Data too long for column 'email' at row 1
[19:20:24:789] [WARN] - org.mariadb.jdbc.util.log.Slf4JLogger.warn(Slf4JLogger.java:100) - Error: 1406-22001: Data too long for column 'email' at row 1
[19:20:24:801] [WARN] - org.mariadb.jdbc.util.log.Slf4JLogger.warn(Slf4JLogger.java:100) - Error: 1406-22001: Data too long for column 'email' at row 1
[19:20:24:814] [WARN] - org.mariadb.jdbc.util.log.Slf4JLogger.warn(Slf4JLogger.java:100) - Error: 1406-22001: Data too long for column 'email' at row 1
[19:20:24:825] [WARN] - org.mariadb.jdbc.util.log.Slf4JLogger.warn(Slf4JLogger.java:100) - Error: 1406-22001: Data too long for column 'email' at row 1
[19:20:24:837] [WARN] - org.mariadb.jdbc.util.log.Slf4JLogger.warn(Slf4JLogger.java:100) - Error: 1406-22001: Data too long for column 'email' at row 1
[19:20:24:849] [WARN] - org.mariadb.jdbc.util.log.Slf4JLogger.warn(Slf4JLogger.java:100) - Error: 1406-22001: Data too long for column 'email' at row 1
[19:20:24:860] [WARN] - org.mariadb.jdbc.util.log.Slf4JLogger.warn(Slf4JLogger.java:100) - Error: 1406-22001: Data too long for column 'email' at row 1
[19:20:24:871] [WARN] - org.mariadb.jdbc.util.log.Slf4JLogger.warn(Slf4JLogger.java:100) - Error: 1406-22001: Data too long for column 'email' at row 1
[19:20:24:883] [WARN] - org.mariadb.jdbc.util.log.Slf4JLogger.warn(Slf4JLogger.java:100) - Error: 1406-22001: Data too long for column 'email' at row 1
[19:20:24:896] [WARN] - org.mariadb.jdbc.util.log.Slf4JLogger.warn(Slf4JLogger.java:100) - Error: 1406-22001: Data too long for column 'email' at row 1
[19:29:15:761] [WARN] - com.zaxxer.hikari.pool.PoolBase.isConnectionAlive(PoolBase.java:184) - data-pool- - Failed to validate connection org.mariadb.jdbc.Connection@48255cc8 ((conn=20983) Connection.setNetworkTimeout cannot be called on a closed connection). Possibly consider using a shorter maxLifetime value.
[19:30:26:669] [WARN] - org.mariadb.jdbc.util.log.Slf4JLogger.warn(Slf4JLogger.java:100) - Error: 1406-22001: Data too long for column 'email' at row 1
[19:30:26:686] [WARN] - org.mariadb.jdbc.util.log.Slf4JLogger.warn(Slf4JLogger.java:100) - Error: 1406-22001: Data too long for column 'email' at row 1
[19:30:26:701] [WARN] - org.mariadb.jdbc.util.log.Slf4JLogger.warn(Slf4JLogger.java:100) - Error: 1406-22001: Data too long for column 'email' at row 1
[19:30:26:717] [WARN] - org.mariadb.jdbc.util.log.Slf4JLogger.warn(Slf4JLogger.java:100) - Error: 1406-22001: Data too long for column 'email' at row 1
[19:30:26:732] [WARN] - org.mariadb.jdbc.util.log.Slf4JLogger.warn(Slf4JLogger.java:100) - Error: 1406-22001: Data too long for column 'email' at row 1
[19:30:26:750] [WARN] - org.mariadb.jdbc.util.log.Slf4JLogger.warn(Slf4JLogger.java:100) - Error: 1406-22001: Data too long for column 'email' at row 1
[19:30:26:767] [WARN] - org.mariadb.jdbc.util.log.Slf4JLogger.warn(Slf4JLogger.java:100) - Error: 1406-22001: Data too long for column 'email' at row 1
[19:30:26:782] [WARN] - org.mariadb.jdbc.util.log.Slf4JLogger.warn(Slf4JLogger.java:100) - Error: 1406-22001: Data too long for column 'email' at row 1
[19:30:26:801] [WARN] - org.mariadb.jdbc.util.log.Slf4JLogger.warn(Slf4JLogger.java:100) - Error: 1406-22001: Data too long for column 'email' at row 1
[19:30:26:816] [WARN] - org.mariadb.jdbc.util.log.Slf4JLogger.warn(Slf4JLogger.java:100) - Error: 1406-22001: Data too long for column 'email' at row 1
[19:30:26:835] [WARN] - org.mariadb.jdbc.util.log.Slf4JLogger.warn(Slf4JLogger.java:100) - Error: 1406-22001: Data too long for column 'email' at row 1
[19:30:26:849] [WARN] - org.mariadb.jdbc.util.log.Slf4JLogger.warn(Slf4JLogger.java:100) - Error: 1406-22001: Data too long for column 'email' at row 1
[19:30:26:862] [WARN] - org.mariadb.jdbc.util.log.Slf4JLogger.warn(Slf4JLogger.java:100) - Error: 1406-22001: Data too long for column 'email' at row 1
[19:30:26:881] [WARN] - org.mariadb.jdbc.util.log.Slf4JLogger.warn(Slf4JLogger.java:100) - Error: 1406-22001: Data too long for column 'email' at row 1
[19:30:26:894] [WARN] - org.mariadb.jdbc.util.log.Slf4JLogger.warn(Slf4JLogger.java:100) - Error: 1406-22001: Data too long for column 'email' at row 1
[19:30:26:910] [WARN] - org.mariadb.jdbc.util.log.Slf4JLogger.warn(Slf4JLogger.java:100) - Error: 1406-22001: Data too long for column 'email' at row 1
[19:30:26:925] [WARN] - org.mariadb.jdbc.util.log.Slf4JLogger.warn(Slf4JLogger.java:100) - Error: 1406-22001: Data too long for column 'email' at row 1
[19:30:26:941] [WARN] - org.mariadb.jdbc.util.log.Slf4JLogger.warn(Slf4JLogger.java:100) - Error: 1406-22001: Data too long for column 'email' at row 1
[19:30:26:954] [WARN] - org.mariadb.jdbc.util.log.Slf4JLogger.warn(Slf4JLogger.java:100) - Error: 1406-22001: Data too long for column 'email' at row 1
[19:40:26:663] [WARN] - org.mariadb.jdbc.util.log.Slf4JLogger.warn(Slf4JLogger.java:100) - Error: 1406-22001: Data too long for column 'email' at row 1
[19:40:26:697] [WARN] - org.mariadb.jdbc.util.log.Slf4JLogger.warn(Slf4JLogger.java:100) - Error: 1406-22001: Data too long for column 'email' at row 1
[19:40:26:707] [WARN] - org.mariadb.jdbc.util.log.Slf4JLogger.warn(Slf4JLogger.java:100) - Error: 1406-22001: Data too long for column 'email' at row 1
[19:40:26:721] [WARN] - org.mariadb.jdbc.util.log.Slf4JLogger.warn(Slf4JLogger.java:100) - Error: 1406-22001: Data too long for column 'email' at row 1
[19:40:26:733] [WARN] - org.mariadb.jdbc.util.log.Slf4JLogger.warn(Slf4JLogger.java:100) - Error: 1406-22001: Data too long for column 'email' at row 1
[19:40:26:747] [WARN] - org.mariadb.jdbc.util.log.Slf4JLogger.warn(Slf4JLogger.java:100) - Error: 1406-22001: Data too long for column 'email' at row 1
[19:40:26:762] [WARN] - org.mariadb.jdbc.util.log.Slf4JLogger.warn(Slf4JLogger.java:100) - Error: 1406-22001: Data too long for column 'email' at row 1
[19:40:26:776] [WARN] - org.mariadb.jdbc.util.log.Slf4JLogger.warn(Slf4JLogger.java:100) - Error: 1406-22001: Data too long for column 'email' at row 1
[19:40:26:789] [WARN] - org.mariadb.jdbc.util.log.Slf4JLogger.warn(Slf4JLogger.java:100) - Error: 1406-22001: Data too long for column 'email' at row 1
[19:40:26:801] [WARN] - org.mariadb.jdbc.util.log.Slf4JLogger.warn(Slf4JLogger.java:100) - Error: 1406-22001: Data too long for column 'email' at row 1
[19:40:26:813] [WARN] - org.mariadb.jdbc.util.log.Slf4JLogger.warn(Slf4JLogger.java:100) - Error: 1406-22001: Data too long for column 'email' at row 1
[19:40:26:825] [WARN] - org.mariadb.jdbc.util.log.Slf4JLogger.warn(Slf4JLogger.java:100) - Error: 1406-22001: Data too long for column 'email' at row 1
[19:40:26:839] [WARN] - org.mariadb.jdbc.util.log.Slf4JLogger.warn(Slf4JLogger.java:100) - Error: 1406-22001: Data too long for column 'email' at row 1
[19:40:26:851] [WARN] - org.mariadb.jdbc.util.log.Slf4JLogger.warn(Slf4JLogger.java:100) - Error: 1406-22001: Data too long for column 'email' at row 1
[19:40:26:861] [WARN] - org.mariadb.jdbc.util.log.Slf4JLogger.warn(Slf4JLogger.java:100) - Error: 1406-22001: Data too long for column 'email' at row 1
[19:40:26:871] [WARN] - org.mariadb.jdbc.util.log.Slf4JLogger.warn(Slf4JLogger.java:100) - Error: 1406-22001: Data too long for column 'email' at row 1
[19:40:26:883] [WARN] - org.mariadb.jdbc.util.log.Slf4JLogger.warn(Slf4JLogger.java:100) - Error: 1406-22001: Data too long for column 'email' at row 1
[19:40:26:896] [WARN] - org.mariadb.jdbc.util.log.Slf4JLogger.warn(Slf4JLogger.java:100) - Error: 1406-22001: Data too long for column 'email' at row 1
[19:40:26:907] [WARN] - org.mariadb.jdbc.util.log.Slf4JLogger.warn(Slf4JLogger.java:100) - Error: 1406-22001: Data too long for column 'email' at row 1
[19:41:00:653] [WARN] - com.zaxxer.hikari.pool.PoolBase.isConnectionAlive(PoolBase.java:184) - data-pool- - Failed to validate connection org.mariadb.jdbc.Connection@4e95de0e ((conn=21019) Connection.setNetworkTimeout cannot be called on a closed connection). Possibly consider using a shorter maxLifetime value.
[19:41:00:655] [WARN] - com.zaxxer.hikari.pool.PoolBase.isConnectionAlive(PoolBase.java:184) - data-pool- - Failed to validate connection org.mariadb.jdbc.Connection@6e101714 ((conn=21020) Connection.setNetworkTimeout cannot be called on a closed connection). Possibly consider using a shorter maxLifetime value.
[19:41:00:660] [WARN] - com.zaxxer.hikari.pool.PoolBase.isConnectionAlive(PoolBase.java:184) - data-pool- - Failed to validate connection org.mariadb.jdbc.Connection@2954a85c ((conn=21021) Connection.setNetworkTimeout cannot be called on a closed connection). Possibly consider using a shorter maxLifetime value.
[19:41:00:662] [WARN] - com.zaxxer.hikari.pool.PoolBase.isConnectionAlive(PoolBase.java:184) - data-pool- - Failed to validate connection org.mariadb.jdbc.Connection@6eea5ac3 ((conn=21022) Connection.setNetworkTimeout cannot be called on a closed connection). Possibly consider using a shorter maxLifetime value.
[19:41:00:665] [WARN] - com.zaxxer.hikari.pool.PoolBase.isConnectionAlive(PoolBase.java:184) - data-pool- - Failed to validate connection org.mariadb.jdbc.Connection@eef9cbe ((conn=21023) Connection.setNetworkTimeout cannot be called on a closed connection). Possibly consider using a shorter maxLifetime value.
[19:41:00:670] [WARN] - com.zaxxer.hikari.pool.PoolBase.isConnectionAlive(PoolBase.java:184) - data-pool- - Failed to validate connection org.mariadb.jdbc.Connection@602982c0 ((conn=21024) Connection.setNetworkTimeout cannot be called on a closed connection). Possibly consider using a shorter maxLifetime value.
[19:41:00:674] [WARN] - com.zaxxer.hikari.pool.PoolBase.isConnectionAlive(PoolBase.java:184) - data-pool- - Failed to validate connection org.mariadb.jdbc.Connection@6c33d0d1 ((conn=21025) Connection.setNetworkTimeout cannot be called on a closed connection). Possibly consider using a shorter maxLifetime value.
[19:41:00:679] [WARN] - com.zaxxer.hikari.pool.PoolBase.isConnectionAlive(PoolBase.java:184) - data-pool- - Failed to validate connection org.mariadb.jdbc.Connection@5033a3d6 ((conn=21026) Connection.setNetworkTimeout cannot be called on a closed connection). Possibly consider using a shorter maxLifetime value.
[19:47:28:474] [WARN] - com.zaxxer.hikari.pool.PoolBase.isConnectionAlive(PoolBase.java:184) - data-pool- - Failed to validate connection org.mariadb.jdbc.Connection@edb8fa2 ((conn=21041) Connection.setNetworkTimeout cannot be called on a closed connection). Possibly consider using a shorter maxLifetime value.
[19:49:58:205] [WARN] - com.zaxxer.hikari.pool.HikariPool$HouseKeeper.run(HikariPool.java:788) - data-pool- - Thread starvation or clock leap detected (housekeeper delta=2m29s718ms652µs600ns).
[19:50:14:227] [WARN] - com.zaxxer.hikari.pool.ProxyConnection.checkException(ProxyConnection.java:182) - data-pool- - Connection org.mariadb.jdbc.Connection@358a9fb7 marked as broken because of SQLSTATE(08000), ErrorCode(-1)
java.sql.SQLNonTransientConnectionException: (conn=21047) Socket error
	at org.mariadb.jdbc.export.ExceptionFactory.createException(ExceptionFactory.java:291) ~[mariadb-java-client-3.0.6.jar:?]
	at org.mariadb.jdbc.export.ExceptionFactory.create(ExceptionFactory.java:357) ~[mariadb-java-client-3.0.6.jar:?]
	at org.mariadb.jdbc.client.impl.StandardClient.readPacket(StandardClient.java:847) ~[mariadb-java-client-3.0.6.jar:?]
	at org.mariadb.jdbc.client.impl.StandardClient.readResults(StandardClient.java:763) ~[mariadb-java-client-3.0.6.jar:?]
	at org.mariadb.jdbc.client.impl.StandardClient.readResponse(StandardClient.java:682) ~[mariadb-java-client-3.0.6.jar:?]
	at org.mariadb.jdbc.client.impl.StandardClient.execute(StandardClient.java:625) ~[mariadb-java-client-3.0.6.jar:?]
	at org.mariadb.jdbc.ClientPreparedStatement.executeInternal(ClientPreparedStatement.java:95) ~[mariadb-java-client-3.0.6.jar:?]
	at org.mariadb.jdbc.ClientPreparedStatement.execute(ClientPreparedStatement.java:265) ~[mariadb-java-client-3.0.6.jar:?]
	at com.zaxxer.hikari.pool.ProxyPreparedStatement.execute(ProxyPreparedStatement.java:44) ~[HikariCP-4.0.3.jar:?]
	at com.zaxxer.hikari.pool.HikariProxyPreparedStatement.execute(HikariProxyPreparedStatement.java) ~[HikariCP-4.0.3.jar:?]
	at org.apache.ibatis.executor.statement.PreparedStatementHandler.query(PreparedStatementHandler.java:64) ~[mybatis-3.5.10.jar:3.5.10]
	at org.apache.ibatis.executor.statement.RoutingStatementHandler.query(RoutingStatementHandler.java:79) ~[mybatis-3.5.10.jar:3.5.10]
	at org.apache.ibatis.executor.SimpleExecutor.doQuery(SimpleExecutor.java:63) ~[mybatis-3.5.10.jar:3.5.10]
	at org.apache.ibatis.executor.BaseExecutor.queryFromDatabase(BaseExecutor.java:325) ~[mybatis-3.5.10.jar:3.5.10]
	at org.apache.ibatis.executor.BaseExecutor.query(BaseExecutor.java:156) ~[mybatis-3.5.10.jar:3.5.10]
	at org.apache.ibatis.executor.CachingExecutor.query(CachingExecutor.java:109) ~[mybatis-3.5.10.jar:3.5.10]
	at org.apache.ibatis.executor.CachingExecutor.query(CachingExecutor.java:89) ~[mybatis-3.5.10.jar:3.5.10]
	at org.apache.ibatis.session.defaults.DefaultSqlSession.selectList(DefaultSqlSession.java:151) ~[mybatis-3.5.10.jar:3.5.10]
	at org.apache.ibatis.session.defaults.DefaultSqlSession.selectList(DefaultSqlSession.java:145) ~[mybatis-3.5.10.jar:3.5.10]
	at org.apache.ibatis.session.defaults.DefaultSqlSession.selectList(DefaultSqlSession.java:140) ~[mybatis-3.5.10.jar:3.5.10]
	at org.apache.ibatis.binding.MapperMethod.executeForMany(MapperMethod.java:147) ~[mybatis-3.5.10.jar:3.5.10]
	at org.apache.ibatis.binding.MapperMethod.execute(MapperMethod.java:80) ~[mybatis-3.5.10.jar:3.5.10]
	at org.apache.ibatis.binding.MapperProxy$PlainMethodInvoker.invoke(MapperProxy.java:145) ~[mybatis-3.5.10.jar:3.5.10]
	at org.apache.ibatis.binding.MapperProxy.invoke(MapperProxy.java:86) ~[mybatis-3.5.10.jar:3.5.10]
	at com.sun.proxy.$Proxy22.selectDzfsbLogByName(Unknown Source) ~[?:?]
	at my.service.ac.dzfsbService.addFightLog(dzfsbService.java:56) ~[classes/:?]
	at my.service.ac.dzfsbService.handleDzfsb(dzfsbService.java:43) ~[classes/:?]
	at my.service.fightOverService.handleDzfsb(fightOverService.java:440) ~[classes/:?]
	at my.service.fightService.handleFightOverReward(fightService.java:706) ~[classes/:?]
	at my.service.fightService.lambda$doAction$0(fightService.java:576) ~[classes/:?]
	at io.netty.util.concurrent.AbstractEventExecutor.runTask$$$capture(AbstractEventExecutor.java:174) ~[netty-common-4.1.79.Final.jar:4.1.79.Final]
	at io.netty.util.concurrent.AbstractEventExecutor.runTask(AbstractEventExecutor.java) ~[netty-common-4.1.79.Final.jar:4.1.79.Final]
	at io.netty.util.concurrent.AbstractEventExecutor.safeExecute$$$capture(AbstractEventExecutor.java:167) ~[netty-common-4.1.79.Final.jar:4.1.79.Final]
	at io.netty.util.concurrent.AbstractEventExecutor.safeExecute(AbstractEventExecutor.java) ~[netty-common-4.1.79.Final.jar:4.1.79.Final]
	at io.netty.util.concurrent.SingleThreadEventExecutor.runAllTasks(SingleThreadEventExecutor.java:470) ~[netty-common-4.1.79.Final.jar:4.1.79.Final]
	at io.netty.channel.nio.NioEventLoop.run(NioEventLoop.java:503) ~[netty-transport-4.1.79.Final.jar:4.1.79.Final]
	at io.netty.util.concurrent.SingleThreadEventExecutor$4.run(SingleThreadEventExecutor.java:997) ~[netty-common-4.1.79.Final.jar:4.1.79.Final]
	at io.netty.util.internal.ThreadExecutorMap$2.run(ThreadExecutorMap.java:74) ~[netty-common-4.1.79.Final.jar:4.1.79.Final]
	at io.netty.util.concurrent.FastThreadLocalRunnable.run(FastThreadLocalRunnable.java:30) ~[netty-common-4.1.79.Final.jar:4.1.79.Final]
	at java.lang.Thread.run(Thread.java:748) ~[?:1.8.0_192]
Caused by: java.net.SocketException: Software caused connection abort: recv failed
	at java.net.SocketInputStream.socketRead0(Native Method) ~[?:1.8.0_192]
	at java.net.SocketInputStream.socketRead(SocketInputStream.java:116) ~[?:1.8.0_192]
	at java.net.SocketInputStream.read(SocketInputStream.java:171) ~[?:1.8.0_192]
	at java.net.SocketInputStream.read(SocketInputStream.java:141) ~[?:1.8.0_192]
	at java.io.FilterInputStream.read(FilterInputStream.java:133) ~[?:1.8.0_192]
	at org.mariadb.jdbc.client.socket.impl.ReadAheadBufferedStream.fillingBuffer(ReadAheadBufferedStream.java:93) ~[mariadb-java-client-3.0.6.jar:?]
	at org.mariadb.jdbc.client.socket.impl.ReadAheadBufferedStream.read(ReadAheadBufferedStream.java:66) ~[mariadb-java-client-3.0.6.jar:?]
	at org.mariadb.jdbc.client.socket.impl.PacketReader.readPacket(PacketReader.java:76) ~[mariadb-java-client-3.0.6.jar:?]
	at org.mariadb.jdbc.message.ClientMessage.readPacket(ClientMessage.java:118) ~[mariadb-java-client-3.0.6.jar:?]
	at org.mariadb.jdbc.client.impl.StandardClient.readPacket(StandardClient.java:824) ~[mariadb-java-client-3.0.6.jar:?]
	... 37 more
[19:50:28:659] [WARN] - org.mariadb.jdbc.util.log.Slf4JLogger.warn(Slf4JLogger.java:100) - Error: 1406-22001: Data too long for column 'email' at row 1
[19:50:28:675] [WARN] - org.mariadb.jdbc.util.log.Slf4JLogger.warn(Slf4JLogger.java:100) - Error: 1406-22001: Data too long for column 'email' at row 1
[19:50:28:688] [WARN] - org.mariadb.jdbc.util.log.Slf4JLogger.warn(Slf4JLogger.java:100) - Error: 1406-22001: Data too long for column 'email' at row 1
[19:50:28:701] [WARN] - org.mariadb.jdbc.util.log.Slf4JLogger.warn(Slf4JLogger.java:100) - Error: 1406-22001: Data too long for column 'email' at row 1
[19:50:28:715] [WARN] - org.mariadb.jdbc.util.log.Slf4JLogger.warn(Slf4JLogger.java:100) - Error: 1406-22001: Data too long for column 'email' at row 1
[19:50:28:726] [WARN] - org.mariadb.jdbc.util.log.Slf4JLogger.warn(Slf4JLogger.java:100) - Error: 1406-22001: Data too long for column 'email' at row 1
[19:50:28:738] [WARN] - org.mariadb.jdbc.util.log.Slf4JLogger.warn(Slf4JLogger.java:100) - Error: 1406-22001: Data too long for column 'email' at row 1
[19:50:28:754] [WARN] - org.mariadb.jdbc.util.log.Slf4JLogger.warn(Slf4JLogger.java:100) - Error: 1406-22001: Data too long for column 'email' at row 1
[19:50:28:765] [WARN] - org.mariadb.jdbc.util.log.Slf4JLogger.warn(Slf4JLogger.java:100) - Error: 1406-22001: Data too long for column 'email' at row 1
[19:50:28:777] [WARN] - org.mariadb.jdbc.util.log.Slf4JLogger.warn(Slf4JLogger.java:100) - Error: 1406-22001: Data too long for column 'email' at row 1
[19:50:28:786] [WARN] - org.mariadb.jdbc.util.log.Slf4JLogger.warn(Slf4JLogger.java:100) - Error: 1406-22001: Data too long for column 'email' at row 1
[19:50:28:799] [WARN] - org.mariadb.jdbc.util.log.Slf4JLogger.warn(Slf4JLogger.java:100) - Error: 1406-22001: Data too long for column 'email' at row 1
[19:50:28:813] [WARN] - org.mariadb.jdbc.util.log.Slf4JLogger.warn(Slf4JLogger.java:100) - Error: 1406-22001: Data too long for column 'email' at row 1
[19:50:28:822] [WARN] - org.mariadb.jdbc.util.log.Slf4JLogger.warn(Slf4JLogger.java:100) - Error: 1406-22001: Data too long for column 'email' at row 1
[19:50:28:835] [WARN] - org.mariadb.jdbc.util.log.Slf4JLogger.warn(Slf4JLogger.java:100) - Error: 1406-22001: Data too long for column 'email' at row 1
[19:50:28:847] [WARN] - org.mariadb.jdbc.util.log.Slf4JLogger.warn(Slf4JLogger.java:100) - Error: 1406-22001: Data too long for column 'email' at row 1
[19:50:28:859] [WARN] - org.mariadb.jdbc.util.log.Slf4JLogger.warn(Slf4JLogger.java:100) - Error: 1406-22001: Data too long for column 'email' at row 1
[19:50:28:875] [WARN] - org.mariadb.jdbc.util.log.Slf4JLogger.warn(Slf4JLogger.java:100) - Error: 1406-22001: Data too long for column 'email' at row 1
[19:50:28:888] [WARN] - org.mariadb.jdbc.util.log.Slf4JLogger.warn(Slf4JLogger.java:100) - Error: 1406-22001: Data too long for column 'email' at row 1
[19:50:44:247] [WARN] - com.zaxxer.hikari.pool.HikariPool$HouseKeeper.run(HikariPool.java:788) - data-pool- - Thread starvation or clock leap detected (housekeeper delta=46s55ms422µs400ns).
[19:59:06:651] [WARN] - com.zaxxer.hikari.pool.PoolBase.isConnectionAlive(PoolBase.java:184) - data-pool- - Failed to validate connection org.mariadb.jdbc.Connection@685271d1 ((conn=21073) Connection.setNetworkTimeout cannot be called on a closed connection). Possibly consider using a shorter maxLifetime value.
[19:59:06:654] [WARN] - com.zaxxer.hikari.pool.PoolBase.isConnectionAlive(PoolBase.java:184) - data-pool- - Failed to validate connection org.mariadb.jdbc.Connection@23e2d1d ((conn=21074) Connection.setNetworkTimeout cannot be called on a closed connection). Possibly consider using a shorter maxLifetime value.
[19:59:06:662] [WARN] - com.zaxxer.hikari.pool.PoolBase.isConnectionAlive(PoolBase.java:184) - data-pool- - Failed to validate connection org.mariadb.jdbc.Connection@76ce4f0a ((conn=21075) Connection.setNetworkTimeout cannot be called on a closed connection). Possibly consider using a shorter maxLifetime value.
[19:59:06:667] [WARN] - com.zaxxer.hikari.pool.PoolBase.isConnectionAlive(PoolBase.java:184) - data-pool- - Failed to validate connection org.mariadb.jdbc.Connection@165c2726 ((conn=21076) Connection.setNetworkTimeout cannot be called on a closed connection). Possibly consider using a shorter maxLifetime value.
[19:59:06:671] [WARN] - com.zaxxer.hikari.pool.PoolBase.isConnectionAlive(PoolBase.java:184) - data-pool- - Failed to validate connection org.mariadb.jdbc.Connection@6dfb10c5 ((conn=21077) Connection.setNetworkTimeout cannot be called on a closed connection). Possibly consider using a shorter maxLifetime value.
[19:59:06:682] [WARN] - com.zaxxer.hikari.pool.PoolBase.isConnectionAlive(PoolBase.java:184) - data-pool- - Failed to validate connection org.mariadb.jdbc.Connection@1e5e9ea2 ((conn=21078) Connection.setNetworkTimeout cannot be called on a closed connection). Possibly consider using a shorter maxLifetime value.
[19:59:48:179] [WARN] - com.zaxxer.hikari.pool.HikariPool$HouseKeeper.run(HikariPool.java:788) - data-pool- - Thread starvation or clock leap detected (housekeeper delta=1m3s782ms529µs100ns).
[19:59:54:482] [WARN] - com.zaxxer.hikari.HikariConfig.validateNumerics(HikariConfig.java:1084) - data-pool- - idleTimeout is close to or more than maxLifetime, disabling it.
[20:10:12:819] [WARN] - org.mariadb.jdbc.util.log.Slf4JLogger.warn(Slf4JLogger.java:100) - Error: 1406-22001: Data too long for column 'email' at row 1
[20:10:12:828] [WARN] - org.mariadb.jdbc.util.log.Slf4JLogger.warn(Slf4JLogger.java:100) - Error: 1406-22001: Data too long for column 'email' at row 1
[20:10:12:862] [WARN] - org.mariadb.jdbc.util.log.Slf4JLogger.warn(Slf4JLogger.java:100) - Error: 1406-22001: Data too long for column 'email' at row 1
[20:10:12:873] [WARN] - org.mariadb.jdbc.util.log.Slf4JLogger.warn(Slf4JLogger.java:100) - Error: 1406-22001: Data too long for column 'email' at row 1
[20:10:12:877] [WARN] - org.mariadb.jdbc.util.log.Slf4JLogger.warn(Slf4JLogger.java:100) - Error: 1406-22001: Data too long for column 'email' at row 1
[20:10:12:882] [WARN] - org.mariadb.jdbc.util.log.Slf4JLogger.warn(Slf4JLogger.java:100) - Error: 1406-22001: Data too long for column 'email' at row 1
[20:10:12:886] [WARN] - org.mariadb.jdbc.util.log.Slf4JLogger.warn(Slf4JLogger.java:100) - Error: 1406-22001: Data too long for column 'email' at row 1
[20:10:12:891] [WARN] - org.mariadb.jdbc.util.log.Slf4JLogger.warn(Slf4JLogger.java:100) - Error: 1406-22001: Data too long for column 'email' at row 1
[20:10:12:895] [WARN] - org.mariadb.jdbc.util.log.Slf4JLogger.warn(Slf4JLogger.java:100) - Error: 1406-22001: Data too long for column 'email' at row 1
[20:10:12:898] [WARN] - org.mariadb.jdbc.util.log.Slf4JLogger.warn(Slf4JLogger.java:100) - Error: 1406-22001: Data too long for column 'email' at row 1
[20:10:12:903] [WARN] - org.mariadb.jdbc.util.log.Slf4JLogger.warn(Slf4JLogger.java:100) - Error: 1406-22001: Data too long for column 'email' at row 1
[20:10:12:906] [WARN] - org.mariadb.jdbc.util.log.Slf4JLogger.warn(Slf4JLogger.java:100) - Error: 1406-22001: Data too long for column 'email' at row 1
[20:10:12:911] [WARN] - org.mariadb.jdbc.util.log.Slf4JLogger.warn(Slf4JLogger.java:100) - Error: 1406-22001: Data too long for column 'email' at row 1
[20:10:12:915] [WARN] - org.mariadb.jdbc.util.log.Slf4JLogger.warn(Slf4JLogger.java:100) - Error: 1406-22001: Data too long for column 'email' at row 1
[20:10:12:918] [WARN] - org.mariadb.jdbc.util.log.Slf4JLogger.warn(Slf4JLogger.java:100) - Error: 1406-22001: Data too long for column 'email' at row 1
[20:10:12:922] [WARN] - org.mariadb.jdbc.util.log.Slf4JLogger.warn(Slf4JLogger.java:100) - Error: 1406-22001: Data too long for column 'email' at row 1
[20:10:12:926] [WARN] - org.mariadb.jdbc.util.log.Slf4JLogger.warn(Slf4JLogger.java:100) - Error: 1406-22001: Data too long for column 'email' at row 1
[20:10:12:930] [WARN] - org.mariadb.jdbc.util.log.Slf4JLogger.warn(Slf4JLogger.java:100) - Error: 1406-22001: Data too long for column 'email' at row 1
[20:10:12:934] [WARN] - org.mariadb.jdbc.util.log.Slf4JLogger.warn(Slf4JLogger.java:100) - Error: 1406-22001: Data too long for column 'email' at row 1
[20:10:58:029] [WARN] - com.zaxxer.hikari.pool.PoolBase.isConnectionAlive(PoolBase.java:184) - data-pool- - Failed to validate connection org.mariadb.jdbc.Connection@6c8d9f2d ((conn=21121) Connection.setNetworkTimeout cannot be called on a closed connection). Possibly consider using a shorter maxLifetime value.
[20:10:58:032] [WARN] - com.zaxxer.hikari.pool.PoolBase.isConnectionAlive(PoolBase.java:184) - data-pool- - Failed to validate connection org.mariadb.jdbc.Connection@6675f45d ((conn=21122) Connection.setNetworkTimeout cannot be called on a closed connection). Possibly consider using a shorter maxLifetime value.
[20:10:58:035] [WARN] - com.zaxxer.hikari.pool.PoolBase.isConnectionAlive(PoolBase.java:184) - data-pool- - Failed to validate connection org.mariadb.jdbc.Connection@237766f7 ((conn=21123) Connection.setNetworkTimeout cannot be called on a closed connection). Possibly consider using a shorter maxLifetime value.
[20:14:34:810] [WARN] - com.zaxxer.hikari.pool.PoolBase.isConnectionAlive(PoolBase.java:184) - data-pool- - Failed to validate connection org.mariadb.jdbc.Connection@1bf77c8b ((conn=21133) Connection.setNetworkTimeout cannot be called on a closed connection). Possibly consider using a shorter maxLifetime value.
[20:14:34:814] [WARN] - com.zaxxer.hikari.pool.PoolBase.isConnectionAlive(PoolBase.java:184) - data-pool- - Failed to validate connection org.mariadb.jdbc.Connection@64391d66 ((conn=21134) Connection.setNetworkTimeout cannot be called on a closed connection). Possibly consider using a shorter maxLifetime value.
[20:14:34:824] [WARN] - com.zaxxer.hikari.pool.PoolBase.isConnectionAlive(PoolBase.java:184) - data-pool- - Failed to validate connection org.mariadb.jdbc.Connection@4191e590 ((conn=21135) Connection.setNetworkTimeout cannot be called on a closed connection). Possibly consider using a shorter maxLifetime value.
[20:14:34:828] [WARN] - com.zaxxer.hikari.pool.PoolBase.isConnectionAlive(PoolBase.java:184) - data-pool- - Failed to validate connection org.mariadb.jdbc.Connection@61a2da0d ((conn=21136) Connection.setNetworkTimeout cannot be called on a closed connection). Possibly consider using a shorter maxLifetime value.
[20:14:34:831] [WARN] - com.zaxxer.hikari.pool.PoolBase.isConnectionAlive(PoolBase.java:184) - data-pool- - Failed to validate connection org.mariadb.jdbc.Connection@44b3c708 ((conn=21137) Connection.setNetworkTimeout cannot be called on a closed connection). Possibly consider using a shorter maxLifetime value.
[20:14:34:832] [WARN] - com.zaxxer.hikari.pool.PoolBase.isConnectionAlive(PoolBase.java:184) - data-pool- - Failed to validate connection org.mariadb.jdbc.Connection@684d20d5 ((conn=21138) Connection.setNetworkTimeout cannot be called on a closed connection). Possibly consider using a shorter maxLifetime value.
[20:14:34:838] [WARN] - com.zaxxer.hikari.pool.PoolBase.isConnectionAlive(PoolBase.java:184) - data-pool- - Failed to validate connection org.mariadb.jdbc.Connection@263ee529 ((conn=21139) Connection.setNetworkTimeout cannot be called on a closed connection). Possibly consider using a shorter maxLifetime value.
[21:41:07:913] [WARN] - org.mariadb.jdbc.util.log.Slf4JLogger.warn(Slf4JLogger.java:100) - Error: 1406-22001: Data too long for column 'email' at row 1
[21:41:07:929] [WARN] - org.mariadb.jdbc.util.log.Slf4JLogger.warn(Slf4JLogger.java:100) - Error: 1406-22001: Data too long for column 'email' at row 1
[21:41:07:937] [WARN] - org.mariadb.jdbc.util.log.Slf4JLogger.warn(Slf4JLogger.java:100) - Error: 1406-22001: Data too long for column 'email' at row 1
[21:41:07:945] [WARN] - org.mariadb.jdbc.util.log.Slf4JLogger.warn(Slf4JLogger.java:100) - Error: 1406-22001: Data too long for column 'email' at row 1
[21:41:07:945] [WARN] - org.mariadb.jdbc.util.log.Slf4JLogger.warn(Slf4JLogger.java:100) - Error: 1406-22001: Data too long for column 'email' at row 1
[21:41:07:954] [WARN] - org.mariadb.jdbc.util.log.Slf4JLogger.warn(Slf4JLogger.java:100) - Error: 1406-22001: Data too long for column 'email' at row 1
[21:41:07:962] [WARN] - org.mariadb.jdbc.util.log.Slf4JLogger.warn(Slf4JLogger.java:100) - Error: 1406-22001: Data too long for column 'email' at row 1
[21:41:07:970] [WARN] - org.mariadb.jdbc.util.log.Slf4JLogger.warn(Slf4JLogger.java:100) - Error: 1406-22001: Data too long for column 'email' at row 1
[21:41:07:970] [WARN] - org.mariadb.jdbc.util.log.Slf4JLogger.warn(Slf4JLogger.java:100) - Error: 1406-22001: Data too long for column 'email' at row 1
[21:41:07:978] [WARN] - org.mariadb.jdbc.util.log.Slf4JLogger.warn(Slf4JLogger.java:100) - Error: 1406-22001: Data too long for column 'email' at row 1
[21:41:07:986] [WARN] - org.mariadb.jdbc.util.log.Slf4JLogger.warn(Slf4JLogger.java:100) - Error: 1406-22001: Data too long for column 'email' at row 1
[21:41:07:986] [WARN] - org.mariadb.jdbc.util.log.Slf4JLogger.warn(Slf4JLogger.java:100) - Error: 1406-22001: Data too long for column 'email' at row 1
[21:41:07:994] [WARN] - org.mariadb.jdbc.util.log.Slf4JLogger.warn(Slf4JLogger.java:100) - Error: 1406-22001: Data too long for column 'email' at row 1
[21:41:08:002] [WARN] - org.mariadb.jdbc.util.log.Slf4JLogger.warn(Slf4JLogger.java:100) - Error: 1406-22001: Data too long for column 'email' at row 1
[21:41:08:002] [WARN] - org.mariadb.jdbc.util.log.Slf4JLogger.warn(Slf4JLogger.java:100) - Error: 1406-22001: Data too long for column 'email' at row 1
[21:41:08:010] [WARN] - org.mariadb.jdbc.util.log.Slf4JLogger.warn(Slf4JLogger.java:100) - Error: 1406-22001: Data too long for column 'email' at row 1
[21:41:08:018] [WARN] - org.mariadb.jdbc.util.log.Slf4JLogger.warn(Slf4JLogger.java:100) - Error: 1406-22001: Data too long for column 'email' at row 1
[21:41:08:021] [WARN] - org.mariadb.jdbc.util.log.Slf4JLogger.warn(Slf4JLogger.java:100) - Error: 1406-22001: Data too long for column 'email' at row 1
[21:41:08:031] [WARN] - org.mariadb.jdbc.util.log.Slf4JLogger.warn(Slf4JLogger.java:100) - Error: 1406-22001: Data too long for column 'email' at row 1
[21:41:24:158] [WARN] - com.zaxxer.hikari.pool.HikariPool$HouseKeeper.run(HikariPool.java:788) - data-pool- - Thread starvation or clock leap detected (housekeeper delta=1h23m29s148ms921µs500ns).
[21:50:20:725] [WARN] - com.zaxxer.hikari.pool.PoolBase.isConnectionAlive(PoolBase.java:184) - data-pool- - Failed to validate connection org.mariadb.jdbc.Connection@7b90fddc ((conn=21189) Connection.setNetworkTimeout cannot be called on a closed connection). Possibly consider using a shorter maxLifetime value.
[21:51:08:738] [WARN] - org.mariadb.jdbc.util.log.Slf4JLogger.warn(Slf4JLogger.java:100) - Error: 1406-22001: Data too long for column 'email' at row 1
[21:51:08:747] [WARN] - org.mariadb.jdbc.util.log.Slf4JLogger.warn(Slf4JLogger.java:100) - Error: 1406-22001: Data too long for column 'email' at row 1
[21:51:08:750] [WARN] - org.mariadb.jdbc.util.log.Slf4JLogger.warn(Slf4JLogger.java:100) - Error: 1406-22001: Data too long for column 'email' at row 1
[21:51:08:755] [WARN] - org.mariadb.jdbc.util.log.Slf4JLogger.warn(Slf4JLogger.java:100) - Error: 1406-22001: Data too long for column 'email' at row 1
[21:51:08:758] [WARN] - org.mariadb.jdbc.util.log.Slf4JLogger.warn(Slf4JLogger.java:100) - Error: 1406-22001: Data too long for column 'email' at row 1
[21:51:08:763] [WARN] - org.mariadb.jdbc.util.log.Slf4JLogger.warn(Slf4JLogger.java:100) - Error: 1406-22001: Data too long for column 'email' at row 1
[21:51:08:766] [WARN] - org.mariadb.jdbc.util.log.Slf4JLogger.warn(Slf4JLogger.java:100) - Error: 1406-22001: Data too long for column 'email' at row 1
[21:51:08:770] [WARN] - org.mariadb.jdbc.util.log.Slf4JLogger.warn(Slf4JLogger.java:100) - Error: 1406-22001: Data too long for column 'email' at row 1
[21:51:08:773] [WARN] - org.mariadb.jdbc.util.log.Slf4JLogger.warn(Slf4JLogger.java:100) - Error: 1406-22001: Data too long for column 'email' at row 1
[21:51:08:778] [WARN] - org.mariadb.jdbc.util.log.Slf4JLogger.warn(Slf4JLogger.java:100) - Error: 1406-22001: Data too long for column 'email' at row 1
[21:51:08:781] [WARN] - org.mariadb.jdbc.util.log.Slf4JLogger.warn(Slf4JLogger.java:100) - Error: 1406-22001: Data too long for column 'email' at row 1
[21:51:08:785] [WARN] - org.mariadb.jdbc.util.log.Slf4JLogger.warn(Slf4JLogger.java:100) - Error: 1406-22001: Data too long for column 'email' at row 1
[21:51:08:788] [WARN] - org.mariadb.jdbc.util.log.Slf4JLogger.warn(Slf4JLogger.java:100) - Error: 1406-22001: Data too long for column 'email' at row 1
[21:51:08:791] [WARN] - org.mariadb.jdbc.util.log.Slf4JLogger.warn(Slf4JLogger.java:100) - Error: 1406-22001: Data too long for column 'email' at row 1
[21:51:08:795] [WARN] - org.mariadb.jdbc.util.log.Slf4JLogger.warn(Slf4JLogger.java:100) - Error: 1406-22001: Data too long for column 'email' at row 1
[21:51:08:799] [WARN] - org.mariadb.jdbc.util.log.Slf4JLogger.warn(Slf4JLogger.java:100) - Error: 1406-22001: Data too long for column 'email' at row 1
[21:51:08:803] [WARN] - org.mariadb.jdbc.util.log.Slf4JLogger.warn(Slf4JLogger.java:100) - Error: 1406-22001: Data too long for column 'email' at row 1
[21:51:08:807] [WARN] - org.mariadb.jdbc.util.log.Slf4JLogger.warn(Slf4JLogger.java:100) - Error: 1406-22001: Data too long for column 'email' at row 1
[21:51:08:813] [WARN] - org.mariadb.jdbc.util.log.Slf4JLogger.warn(Slf4JLogger.java:100) - Error: 1406-22001: Data too long for column 'email' at row 1
[22:01:08:740] [WARN] - org.mariadb.jdbc.util.log.Slf4JLogger.warn(Slf4JLogger.java:100) - Error: 1406-22001: Data too long for column 'email' at row 1
[22:01:08:747] [WARN] - org.mariadb.jdbc.util.log.Slf4JLogger.warn(Slf4JLogger.java:100) - Error: 1406-22001: Data too long for column 'email' at row 1
[22:01:08:752] [WARN] - org.mariadb.jdbc.util.log.Slf4JLogger.warn(Slf4JLogger.java:100) - Error: 1406-22001: Data too long for column 'email' at row 1
[22:01:08:755] [WARN] - org.mariadb.jdbc.util.log.Slf4JLogger.warn(Slf4JLogger.java:100) - Error: 1406-22001: Data too long for column 'email' at row 1
[22:01:08:760] [WARN] - org.mariadb.jdbc.util.log.Slf4JLogger.warn(Slf4JLogger.java:100) - Error: 1406-22001: Data too long for column 'email' at row 1
[22:01:08:763] [WARN] - org.mariadb.jdbc.util.log.Slf4JLogger.warn(Slf4JLogger.java:100) - Error: 1406-22001: Data too long for column 'email' at row 1
[22:01:08:767] [WARN] - org.mariadb.jdbc.util.log.Slf4JLogger.warn(Slf4JLogger.java:100) - Error: 1406-22001: Data too long for column 'email' at row 1
[22:01:08:772] [WARN] - org.mariadb.jdbc.util.log.Slf4JLogger.warn(Slf4JLogger.java:100) - Error: 1406-22001: Data too long for column 'email' at row 1
[22:01:08:775] [WARN] - org.mariadb.jdbc.util.log.Slf4JLogger.warn(Slf4JLogger.java:100) - Error: 1406-22001: Data too long for column 'email' at row 1
[22:01:08:780] [WARN] - org.mariadb.jdbc.util.log.Slf4JLogger.warn(Slf4JLogger.java:100) - Error: 1406-22001: Data too long for column 'email' at row 1
[22:01:08:785] [WARN] - org.mariadb.jdbc.util.log.Slf4JLogger.warn(Slf4JLogger.java:100) - Error: 1406-22001: Data too long for column 'email' at row 1
[22:01:08:791] [WARN] - org.mariadb.jdbc.util.log.Slf4JLogger.warn(Slf4JLogger.java:100) - Error: 1406-22001: Data too long for column 'email' at row 1
[22:01:08:795] [WARN] - org.mariadb.jdbc.util.log.Slf4JLogger.warn(Slf4JLogger.java:100) - Error: 1406-22001: Data too long for column 'email' at row 1
[22:01:08:800] [WARN] - org.mariadb.jdbc.util.log.Slf4JLogger.warn(Slf4JLogger.java:100) - Error: 1406-22001: Data too long for column 'email' at row 1
[22:01:08:803] [WARN] - org.mariadb.jdbc.util.log.Slf4JLogger.warn(Slf4JLogger.java:100) - Error: 1406-22001: Data too long for column 'email' at row 1
[22:01:08:807] [WARN] - org.mariadb.jdbc.util.log.Slf4JLogger.warn(Slf4JLogger.java:100) - Error: 1406-22001: Data too long for column 'email' at row 1
[22:01:08:811] [WARN] - org.mariadb.jdbc.util.log.Slf4JLogger.warn(Slf4JLogger.java:100) - Error: 1406-22001: Data too long for column 'email' at row 1
[22:01:08:814] [WARN] - org.mariadb.jdbc.util.log.Slf4JLogger.warn(Slf4JLogger.java:100) - Error: 1406-22001: Data too long for column 'email' at row 1
[22:01:08:818] [WARN] - org.mariadb.jdbc.util.log.Slf4JLogger.warn(Slf4JLogger.java:100) - Error: 1406-22001: Data too long for column 'email' at row 1
[22:11:10:734] [WARN] - com.zaxxer.hikari.pool.PoolBase.isConnectionAlive(PoolBase.java:184) - data-pool- - Failed to validate connection org.mariadb.jdbc.Connection@619aaaa5 ((conn=21259) Connection.setNetworkTimeout cannot be called on a closed connection). Possibly consider using a shorter maxLifetime value.
[22:11:10:748] [WARN] - org.mariadb.jdbc.util.log.Slf4JLogger.warn(Slf4JLogger.java:100) - Error: 1406-22001: Data too long for column 'email' at row 1
[22:11:10:758] [WARN] - org.mariadb.jdbc.util.log.Slf4JLogger.warn(Slf4JLogger.java:100) - Error: 1406-22001: Data too long for column 'email' at row 1
[22:11:10:767] [WARN] - org.mariadb.jdbc.util.log.Slf4JLogger.warn(Slf4JLogger.java:100) - Error: 1406-22001: Data too long for column 'email' at row 1
[22:11:10:777] [WARN] - org.mariadb.jdbc.util.log.Slf4JLogger.warn(Slf4JLogger.java:100) - Error: 1406-22001: Data too long for column 'email' at row 1
[22:11:10:787] [WARN] - org.mariadb.jdbc.util.log.Slf4JLogger.warn(Slf4JLogger.java:100) - Error: 1406-22001: Data too long for column 'email' at row 1
[22:11:10:798] [WARN] - org.mariadb.jdbc.util.log.Slf4JLogger.warn(Slf4JLogger.java:100) - Error: 1406-22001: Data too long for column 'email' at row 1
[22:11:10:811] [WARN] - org.mariadb.jdbc.util.log.Slf4JLogger.warn(Slf4JLogger.java:100) - Error: 1406-22001: Data too long for column 'email' at row 1
[22:11:10:824] [WARN] - org.mariadb.jdbc.util.log.Slf4JLogger.warn(Slf4JLogger.java:100) - Error: 1406-22001: Data too long for column 'email' at row 1
[22:11:10:835] [WARN] - org.mariadb.jdbc.util.log.Slf4JLogger.warn(Slf4JLogger.java:100) - Error: 1406-22001: Data too long for column 'email' at row 1
[22:11:10:848] [WARN] - org.mariadb.jdbc.util.log.Slf4JLogger.warn(Slf4JLogger.java:100) - Error: 1406-22001: Data too long for column 'email' at row 1
[22:11:10:861] [WARN] - org.mariadb.jdbc.util.log.Slf4JLogger.warn(Slf4JLogger.java:100) - Error: 1406-22001: Data too long for column 'email' at row 1
[22:11:10:872] [WARN] - org.mariadb.jdbc.util.log.Slf4JLogger.warn(Slf4JLogger.java:100) - Error: 1406-22001: Data too long for column 'email' at row 1
[22:11:10:883] [WARN] - org.mariadb.jdbc.util.log.Slf4JLogger.warn(Slf4JLogger.java:100) - Error: 1406-22001: Data too long for column 'email' at row 1
[22:11:10:895] [WARN] - org.mariadb.jdbc.util.log.Slf4JLogger.warn(Slf4JLogger.java:100) - Error: 1406-22001: Data too long for column 'email' at row 1
[22:11:10:906] [WARN] - org.mariadb.jdbc.util.log.Slf4JLogger.warn(Slf4JLogger.java:100) - Error: 1406-22001: Data too long for column 'email' at row 1
[22:11:10:918] [WARN] - org.mariadb.jdbc.util.log.Slf4JLogger.warn(Slf4JLogger.java:100) - Error: 1406-22001: Data too long for column 'email' at row 1
[22:11:10:930] [WARN] - org.mariadb.jdbc.util.log.Slf4JLogger.warn(Slf4JLogger.java:100) - Error: 1406-22001: Data too long for column 'email' at row 1
[22:11:10:944] [WARN] - org.mariadb.jdbc.util.log.Slf4JLogger.warn(Slf4JLogger.java:100) - Error: 1406-22001: Data too long for column 'email' at row 1
[22:11:10:956] [WARN] - org.mariadb.jdbc.util.log.Slf4JLogger.warn(Slf4JLogger.java:100) - Error: 1406-22001: Data too long for column 'email' at row 1
[22:19:54:738] [WARN] - com.zaxxer.hikari.pool.PoolBase.isConnectionAlive(PoolBase.java:184) - data-pool- - Failed to validate connection org.mariadb.jdbc.Connection@16d42c06 ((conn=21282) Connection.setNetworkTimeout cannot be called on a closed connection). Possibly consider using a shorter maxLifetime value.
[22:19:54:739] [WARN] - com.zaxxer.hikari.pool.PoolBase.isConnectionAlive(PoolBase.java:184) - data-pool- - Failed to validate connection org.mariadb.jdbc.Connection@2d7c1503 ((conn=21283) Connection.setNetworkTimeout cannot be called on a closed connection). Possibly consider using a shorter maxLifetime value.
[22:19:54:740] [WARN] - com.zaxxer.hikari.pool.PoolBase.isConnectionAlive(PoolBase.java:184) - data-pool- - Failed to validate connection org.mariadb.jdbc.Connection@520166d6 ((conn=21285) Connection.setNetworkTimeout cannot be called on a closed connection). Possibly consider using a shorter maxLifetime value.
[22:19:54:741] [WARN] - com.zaxxer.hikari.pool.PoolBase.isConnectionAlive(PoolBase.java:184) - data-pool- - Failed to validate connection org.mariadb.jdbc.Connection@5da0c75e ((conn=21286) Connection.setNetworkTimeout cannot be called on a closed connection). Possibly consider using a shorter maxLifetime value.
[22:19:54:741] [WARN] - com.zaxxer.hikari.pool.PoolBase.isConnectionAlive(PoolBase.java:184) - data-pool- - Failed to validate connection org.mariadb.jdbc.Connection@6aa364f0 ((conn=21287) Connection.setNetworkTimeout cannot be called on a closed connection). Possibly consider using a shorter maxLifetime value.
[22:19:54:744] [WARN] - com.zaxxer.hikari.pool.PoolBase.isConnectionAlive(PoolBase.java:184) - data-pool- - Failed to validate connection org.mariadb.jdbc.Connection@27baa0aa ((conn=21288) Connection.setNetworkTimeout cannot be called on a closed connection). Possibly consider using a shorter maxLifetime value.
[22:19:54:745] [WARN] - com.zaxxer.hikari.pool.PoolBase.isConnectionAlive(PoolBase.java:184) - data-pool- - Failed to validate connection org.mariadb.jdbc.Connection@7e54455d ((conn=21289) Connection.setNetworkTimeout cannot be called on a closed connection). Possibly consider using a shorter maxLifetime value.
[22:19:54:746] [WARN] - com.zaxxer.hikari.pool.PoolBase.isConnectionAlive(PoolBase.java:184) - data-pool- - Failed to validate connection org.mariadb.jdbc.Connection@2595f7fe ((conn=21290) Connection.setNetworkTimeout cannot be called on a closed connection). Possibly consider using a shorter maxLifetime value.
[22:21:12:743] [WARN] - org.mariadb.jdbc.util.log.Slf4JLogger.warn(Slf4JLogger.java:100) - Error: 1406-22001: Data too long for column 'email' at row 1
[22:21:12:752] [WARN] - org.mariadb.jdbc.util.log.Slf4JLogger.warn(Slf4JLogger.java:100) - Error: 1406-22001: Data too long for column 'email' at row 1
[22:21:12:758] [WARN] - org.mariadb.jdbc.util.log.Slf4JLogger.warn(Slf4JLogger.java:100) - Error: 1406-22001: Data too long for column 'email' at row 1
[22:21:12:765] [WARN] - org.mariadb.jdbc.util.log.Slf4JLogger.warn(Slf4JLogger.java:100) - Error: 1406-22001: Data too long for column 'email' at row 1
[22:21:12:771] [WARN] - org.mariadb.jdbc.util.log.Slf4JLogger.warn(Slf4JLogger.java:100) - Error: 1406-22001: Data too long for column 'email' at row 1
[22:21:12:778] [WARN] - org.mariadb.jdbc.util.log.Slf4JLogger.warn(Slf4JLogger.java:100) - Error: 1406-22001: Data too long for column 'email' at row 1
[22:21:12:785] [WARN] - org.mariadb.jdbc.util.log.Slf4JLogger.warn(Slf4JLogger.java:100) - Error: 1406-22001: Data too long for column 'email' at row 1
[22:21:12:793] [WARN] - org.mariadb.jdbc.util.log.Slf4JLogger.warn(Slf4JLogger.java:100) - Error: 1406-22001: Data too long for column 'email' at row 1
[22:21:12:806] [WARN] - org.mariadb.jdbc.util.log.Slf4JLogger.warn(Slf4JLogger.java:100) - Error: 1406-22001: Data too long for column 'email' at row 1
[22:21:12:815] [WARN] - org.mariadb.jdbc.util.log.Slf4JLogger.warn(Slf4JLogger.java:100) - Error: 1406-22001: Data too long for column 'email' at row 1
[22:21:12:824] [WARN] - org.mariadb.jdbc.util.log.Slf4JLogger.warn(Slf4JLogger.java:100) - Error: 1406-22001: Data too long for column 'email' at row 1
[22:21:12:833] [WARN] - org.mariadb.jdbc.util.log.Slf4JLogger.warn(Slf4JLogger.java:100) - Error: 1406-22001: Data too long for column 'email' at row 1
[22:21:12:841] [WARN] - org.mariadb.jdbc.util.log.Slf4JLogger.warn(Slf4JLogger.java:100) - Error: 1406-22001: Data too long for column 'email' at row 1
[22:21:12:850] [WARN] - org.mariadb.jdbc.util.log.Slf4JLogger.warn(Slf4JLogger.java:100) - Error: 1406-22001: Data too long for column 'email' at row 1
[22:21:12:861] [WARN] - org.mariadb.jdbc.util.log.Slf4JLogger.warn(Slf4JLogger.java:100) - Error: 1406-22001: Data too long for column 'email' at row 1
[22:21:12:871] [WARN] - org.mariadb.jdbc.util.log.Slf4JLogger.warn(Slf4JLogger.java:100) - Error: 1406-22001: Data too long for column 'email' at row 1
[22:21:12:881] [WARN] - org.mariadb.jdbc.util.log.Slf4JLogger.warn(Slf4JLogger.java:100) - Error: 1406-22001: Data too long for column 'email' at row 1
[22:21:12:891] [WARN] - org.mariadb.jdbc.util.log.Slf4JLogger.warn(Slf4JLogger.java:100) - Error: 1406-22001: Data too long for column 'email' at row 1
[22:21:12:902] [WARN] - org.mariadb.jdbc.util.log.Slf4JLogger.warn(Slf4JLogger.java:100) - Error: 1406-22001: Data too long for column 'email' at row 1
[22:31:14:746] [WARN] - org.mariadb.jdbc.util.log.Slf4JLogger.warn(Slf4JLogger.java:100) - Error: 1406-22001: Data too long for column 'email' at row 1
[22:31:14:756] [WARN] - org.mariadb.jdbc.util.log.Slf4JLogger.warn(Slf4JLogger.java:100) - Error: 1406-22001: Data too long for column 'email' at row 1
[22:31:14:766] [WARN] - org.mariadb.jdbc.util.log.Slf4JLogger.warn(Slf4JLogger.java:100) - Error: 1406-22001: Data too long for column 'email' at row 1
[22:31:14:776] [WARN] - org.mariadb.jdbc.util.log.Slf4JLogger.warn(Slf4JLogger.java:100) - Error: 1406-22001: Data too long for column 'email' at row 1
[22:31:14:791] [WARN] - org.mariadb.jdbc.util.log.Slf4JLogger.warn(Slf4JLogger.java:100) - Error: 1406-22001: Data too long for column 'email' at row 1
[22:31:14:800] [WARN] - org.mariadb.jdbc.util.log.Slf4JLogger.warn(Slf4JLogger.java:100) - Error: 1406-22001: Data too long for column 'email' at row 1
[22:31:14:811] [WARN] - org.mariadb.jdbc.util.log.Slf4JLogger.warn(Slf4JLogger.java:100) - Error: 1406-22001: Data too long for column 'email' at row 1
[22:31:14:821] [WARN] - org.mariadb.jdbc.util.log.Slf4JLogger.warn(Slf4JLogger.java:100) - Error: 1406-22001: Data too long for column 'email' at row 1
[22:31:14:831] [WARN] - org.mariadb.jdbc.util.log.Slf4JLogger.warn(Slf4JLogger.java:100) - Error: 1406-22001: Data too long for column 'email' at row 1
[22:31:14:842] [WARN] - org.mariadb.jdbc.util.log.Slf4JLogger.warn(Slf4JLogger.java:100) - Error: 1406-22001: Data too long for column 'email' at row 1
[22:31:14:852] [WARN] - org.mariadb.jdbc.util.log.Slf4JLogger.warn(Slf4JLogger.java:100) - Error: 1406-22001: Data too long for column 'email' at row 1
[22:31:14:860] [WARN] - org.mariadb.jdbc.util.log.Slf4JLogger.warn(Slf4JLogger.java:100) - Error: 1406-22001: Data too long for column 'email' at row 1
[22:31:14:868] [WARN] - org.mariadb.jdbc.util.log.Slf4JLogger.warn(Slf4JLogger.java:100) - Error: 1406-22001: Data too long for column 'email' at row 1
[22:31:14:874] [WARN] - org.mariadb.jdbc.util.log.Slf4JLogger.warn(Slf4JLogger.java:100) - Error: 1406-22001: Data too long for column 'email' at row 1
[22:31:14:883] [WARN] - org.mariadb.jdbc.util.log.Slf4JLogger.warn(Slf4JLogger.java:100) - Error: 1406-22001: Data too long for column 'email' at row 1
[22:31:14:891] [WARN] - org.mariadb.jdbc.util.log.Slf4JLogger.warn(Slf4JLogger.java:100) - Error: 1406-22001: Data too long for column 'email' at row 1
[22:31:14:901] [WARN] - org.mariadb.jdbc.util.log.Slf4JLogger.warn(Slf4JLogger.java:100) - Error: 1406-22001: Data too long for column 'email' at row 1
[22:31:14:909] [WARN] - org.mariadb.jdbc.util.log.Slf4JLogger.warn(Slf4JLogger.java:100) - Error: 1406-22001: Data too long for column 'email' at row 1
[22:31:14:917] [WARN] - org.mariadb.jdbc.util.log.Slf4JLogger.warn(Slf4JLogger.java:100) - Error: 1406-22001: Data too long for column 'email' at row 1
[22:39:34:080] [WARN] - com.zaxxer.hikari.HikariConfig.validateNumerics(HikariConfig.java:1084) - data-pool- - idleTimeout is close to or more than maxLifetime, disabling it.
[22:47:58:559] [WARN] - com.zaxxer.hikari.pool.PoolBase.isConnectionAlive(PoolBase.java:184) - data-pool- - Failed to validate connection org.mariadb.jdbc.Connection@5e431fe7 ((conn=21383) Connection.setNetworkTimeout cannot be called on a closed connection). Possibly consider using a shorter maxLifetime value.
[22:48:28:820] [WARN] - com.zaxxer.hikari.pool.PoolBase.isConnectionAlive(PoolBase.java:184) - data-pool- - Failed to validate connection org.mariadb.jdbc.Connection@658f4727 ((conn=21385) Connection.setNetworkTimeout cannot be called on a closed connection). Possibly consider using a shorter maxLifetime value.
[22:48:28:823] [WARN] - com.zaxxer.hikari.pool.PoolBase.isConnectionAlive(PoolBase.java:184) - data-pool- - Failed to validate connection org.mariadb.jdbc.Connection@5dfa9da4 ((conn=21388) Connection.setNetworkTimeout cannot be called on a closed connection). Possibly consider using a shorter maxLifetime value.
[22:48:28:831] [WARN] - com.zaxxer.hikari.pool.PoolBase.isConnectionAlive(PoolBase.java:184) - data-pool- - Failed to validate connection org.mariadb.jdbc.Connection@7d8c4369 ((conn=21389) Connection.setNetworkTimeout cannot be called on a closed connection). Possibly consider using a shorter maxLifetime value.
[22:48:28:837] [WARN] - com.zaxxer.hikari.pool.PoolBase.isConnectionAlive(PoolBase.java:184) - data-pool- - Failed to validate connection org.mariadb.jdbc.Connection@72ed38d1 ((conn=21390) Connection.setNetworkTimeout cannot be called on a closed connection). Possibly consider using a shorter maxLifetime value.
[22:49:54:490] [WARN] - org.mariadb.jdbc.util.log.Slf4JLogger.warn(Slf4JLogger.java:100) - Error: 1406-22001: Data too long for column 'email' at row 1
[22:49:54:506] [WARN] - org.mariadb.jdbc.util.log.Slf4JLogger.warn(Slf4JLogger.java:100) - Error: 1406-22001: Data too long for column 'email' at row 1
[22:49:54:519] [WARN] - org.mariadb.jdbc.util.log.Slf4JLogger.warn(Slf4JLogger.java:100) - Error: 1406-22001: Data too long for column 'email' at row 1
[22:49:54:531] [WARN] - org.mariadb.jdbc.util.log.Slf4JLogger.warn(Slf4JLogger.java:100) - Error: 1406-22001: Data too long for column 'email' at row 1
[22:49:54:540] [WARN] - org.mariadb.jdbc.util.log.Slf4JLogger.warn(Slf4JLogger.java:100) - Error: 1406-22001: Data too long for column 'email' at row 1
[22:49:54:553] [WARN] - org.mariadb.jdbc.util.log.Slf4JLogger.warn(Slf4JLogger.java:100) - Error: 1406-22001: Data too long for column 'email' at row 1
[22:49:54:567] [WARN] - org.mariadb.jdbc.util.log.Slf4JLogger.warn(Slf4JLogger.java:100) - Error: 1406-22001: Data too long for column 'email' at row 1
[22:49:54:578] [WARN] - org.mariadb.jdbc.util.log.Slf4JLogger.warn(Slf4JLogger.java:100) - Error: 1406-22001: Data too long for column 'email' at row 1
[22:49:54:589] [WARN] - org.mariadb.jdbc.util.log.Slf4JLogger.warn(Slf4JLogger.java:100) - Error: 1406-22001: Data too long for column 'email' at row 1
[22:49:54:600] [WARN] - org.mariadb.jdbc.util.log.Slf4JLogger.warn(Slf4JLogger.java:100) - Error: 1406-22001: Data too long for column 'email' at row 1
[22:49:54:611] [WARN] - org.mariadb.jdbc.util.log.Slf4JLogger.warn(Slf4JLogger.java:100) - Error: 1406-22001: Data too long for column 'email' at row 1
[22:49:54:623] [WARN] - org.mariadb.jdbc.util.log.Slf4JLogger.warn(Slf4JLogger.java:100) - Error: 1406-22001: Data too long for column 'email' at row 1
[22:49:54:636] [WARN] - org.mariadb.jdbc.util.log.Slf4JLogger.warn(Slf4JLogger.java:100) - Error: 1406-22001: Data too long for column 'email' at row 1
[22:49:54:646] [WARN] - org.mariadb.jdbc.util.log.Slf4JLogger.warn(Slf4JLogger.java:100) - Error: 1406-22001: Data too long for column 'email' at row 1
[22:49:54:659] [WARN] - org.mariadb.jdbc.util.log.Slf4JLogger.warn(Slf4JLogger.java:100) - Error: 1406-22001: Data too long for column 'email' at row 1
[22:49:54:671] [WARN] - org.mariadb.jdbc.util.log.Slf4JLogger.warn(Slf4JLogger.java:100) - Error: 1406-22001: Data too long for column 'email' at row 1
[22:49:54:683] [WARN] - org.mariadb.jdbc.util.log.Slf4JLogger.warn(Slf4JLogger.java:100) - Error: 1406-22001: Data too long for column 'email' at row 1
[22:49:54:696] [WARN] - org.mariadb.jdbc.util.log.Slf4JLogger.warn(Slf4JLogger.java:100) - Error: 1406-22001: Data too long for column 'email' at row 1
[22:49:54:709] [WARN] - org.mariadb.jdbc.util.log.Slf4JLogger.warn(Slf4JLogger.java:100) - Error: 1406-22001: Data too long for column 'email' at row 1
[22:51:04:466] [WARN] - com.zaxxer.hikari.pool.PoolBase.isConnectionAlive(PoolBase.java:184) - data-pool- - Failed to validate connection org.mariadb.jdbc.Connection@5e80abaf ((conn=21392) Connection.setNetworkTimeout cannot be called on a closed connection). Possibly consider using a shorter maxLifetime value.
[22:51:04:469] [WARN] - com.zaxxer.hikari.pool.PoolBase.isConnectionAlive(PoolBase.java:184) - data-pool- - Failed to validate connection org.mariadb.jdbc.Connection@15273b3 ((conn=21393) Connection.setNetworkTimeout cannot be called on a closed connection). Possibly consider using a shorter maxLifetime value.
[22:51:04:471] [WARN] - com.zaxxer.hikari.pool.PoolBase.isConnectionAlive(PoolBase.java:184) - data-pool- - Failed to validate connection org.mariadb.jdbc.Connection@594694d1 ((conn=21394) Connection.setNetworkTimeout cannot be called on a closed connection). Possibly consider using a shorter maxLifetime value.
[22:51:04:472] [WARN] - com.zaxxer.hikari.pool.PoolBase.isConnectionAlive(PoolBase.java:184) - data-pool- - Failed to validate connection org.mariadb.jdbc.Connection@2c08185 ((conn=21395) Connection.setNetworkTimeout cannot be called on a closed connection). Possibly consider using a shorter maxLifetime value.
[22:51:04:474] [WARN] - com.zaxxer.hikari.pool.PoolBase.isConnectionAlive(PoolBase.java:184) - data-pool- - Failed to validate connection org.mariadb.jdbc.Connection@4f96e818 ((conn=21396) Connection.setNetworkTimeout cannot be called on a closed connection). Possibly consider using a shorter maxLifetime value.
[22:51:04:476] [WARN] - com.zaxxer.hikari.pool.PoolBase.isConnectionAlive(PoolBase.java:184) - data-pool- - Failed to validate connection org.mariadb.jdbc.Connection@5d4bc5b2 ((conn=21397) Connection.setNetworkTimeout cannot be called on a closed connection). Possibly consider using a shorter maxLifetime value.
[22:51:04:477] [WARN] - com.zaxxer.hikari.pool.PoolBase.isConnectionAlive(PoolBase.java:184) - data-pool- - Failed to validate connection org.mariadb.jdbc.Connection@304632d6 ((conn=21398) Connection.setNetworkTimeout cannot be called on a closed connection). Possibly consider using a shorter maxLifetime value.
[22:51:04:480] [WARN] - com.zaxxer.hikari.pool.PoolBase.isConnectionAlive(PoolBase.java:184) - data-pool- - Failed to validate connection org.mariadb.jdbc.Connection@360c41f2 ((conn=21399) Connection.setNetworkTimeout cannot be called on a closed connection). Possibly consider using a shorter maxLifetime value.
[22:51:04:482] [WARN] - com.zaxxer.hikari.pool.PoolBase.isConnectionAlive(PoolBase.java:184) - data-pool- - Failed to validate connection org.mariadb.jdbc.Connection@4e22b903 ((conn=21400) Connection.setNetworkTimeout cannot be called on a closed connection). Possibly consider using a shorter maxLifetime value.
[22:59:54:475] [WARN] - com.zaxxer.hikari.pool.PoolBase.isConnectionAlive(PoolBase.java:184) - data-pool- - Failed to validate connection org.mariadb.jdbc.Connection@4d479320 ((conn=21423) Connection.setNetworkTimeout cannot be called on a closed connection). Possibly consider using a shorter maxLifetime value.
[22:59:54:478] [WARN] - com.zaxxer.hikari.pool.PoolBase.isConnectionAlive(PoolBase.java:184) - data-pool- - Failed to validate connection org.mariadb.jdbc.Connection@4c16d8dc ((conn=21424) Connection.setNetworkTimeout cannot be called on a closed connection). Possibly consider using a shorter maxLifetime value.
[22:59:54:480] [WARN] - com.zaxxer.hikari.pool.PoolBase.isConnectionAlive(PoolBase.java:184) - data-pool- - Failed to validate connection org.mariadb.jdbc.Connection@1841037d ((conn=21425) Connection.setNetworkTimeout cannot be called on a closed connection). Possibly consider using a shorter maxLifetime value.
[22:59:54:482] [WARN] - com.zaxxer.hikari.pool.PoolBase.isConnectionAlive(PoolBase.java:184) - data-pool- - Failed to validate connection org.mariadb.jdbc.Connection@43704bd7 ((conn=21426) Connection.setNetworkTimeout cannot be called on a closed connection). Possibly consider using a shorter maxLifetime value.
[22:59:54:484] [WARN] - com.zaxxer.hikari.pool.PoolBase.isConnectionAlive(PoolBase.java:184) - data-pool- - Failed to validate connection org.mariadb.jdbc.Connection@325f1e0a ((conn=21427) Connection.setNetworkTimeout cannot be called on a closed connection). Possibly consider using a shorter maxLifetime value.
[22:59:54:486] [WARN] - com.zaxxer.hikari.pool.PoolBase.isConnectionAlive(PoolBase.java:184) - data-pool- - Failed to validate connection org.mariadb.jdbc.Connection@4875f0a5 ((conn=21428) Connection.setNetworkTimeout cannot be called on a closed connection). Possibly consider using a shorter maxLifetime value.
[22:59:54:488] [WARN] - com.zaxxer.hikari.pool.PoolBase.isConnectionAlive(PoolBase.java:184) - data-pool- - Failed to validate connection org.mariadb.jdbc.Connection@583f583d ((conn=21429) Connection.setNetworkTimeout cannot be called on a closed connection). Possibly consider using a shorter maxLifetime value.
[22:59:54:490] [WARN] - com.zaxxer.hikari.pool.PoolBase.isConnectionAlive(PoolBase.java:184) - data-pool- - Failed to validate connection org.mariadb.jdbc.Connection@19509e1e ((conn=21430) Connection.setNetworkTimeout cannot be called on a closed connection). Possibly consider using a shorter maxLifetime value.
[22:59:54:505] [WARN] - org.mariadb.jdbc.util.log.Slf4JLogger.warn(Slf4JLogger.java:100) - Error: 1406-22001: Data too long for column 'email' at row 1
[22:59:54:521] [WARN] - org.mariadb.jdbc.util.log.Slf4JLogger.warn(Slf4JLogger.java:100) - Error: 1406-22001: Data too long for column 'email' at row 1
[22:59:54:531] [WARN] - org.mariadb.jdbc.util.log.Slf4JLogger.warn(Slf4JLogger.java:100) - Error: 1406-22001: Data too long for column 'email' at row 1
[22:59:54:543] [WARN] - org.mariadb.jdbc.util.log.Slf4JLogger.warn(Slf4JLogger.java:100) - Error: 1406-22001: Data too long for column 'email' at row 1
[22:59:54:555] [WARN] - org.mariadb.jdbc.util.log.Slf4JLogger.warn(Slf4JLogger.java:100) - Error: 1406-22001: Data too long for column 'email' at row 1
[22:59:54:566] [WARN] - org.mariadb.jdbc.util.log.Slf4JLogger.warn(Slf4JLogger.java:100) - Error: 1406-22001: Data too long for column 'email' at row 1
[22:59:54:578] [WARN] - org.mariadb.jdbc.util.log.Slf4JLogger.warn(Slf4JLogger.java:100) - Error: 1406-22001: Data too long for column 'email' at row 1
[22:59:54:589] [WARN] - org.mariadb.jdbc.util.log.Slf4JLogger.warn(Slf4JLogger.java:100) - Error: 1406-22001: Data too long for column 'email' at row 1
[22:59:54:602] [WARN] - org.mariadb.jdbc.util.log.Slf4JLogger.warn(Slf4JLogger.java:100) - Error: 1406-22001: Data too long for column 'email' at row 1
[22:59:54:615] [WARN] - org.mariadb.jdbc.util.log.Slf4JLogger.warn(Slf4JLogger.java:100) - Error: 1406-22001: Data too long for column 'email' at row 1
[22:59:54:624] [WARN] - org.mariadb.jdbc.util.log.Slf4JLogger.warn(Slf4JLogger.java:100) - Error: 1406-22001: Data too long for column 'email' at row 1
[22:59:54:635] [WARN] - org.mariadb.jdbc.util.log.Slf4JLogger.warn(Slf4JLogger.java:100) - Error: 1406-22001: Data too long for column 'email' at row 1
[22:59:54:647] [WARN] - org.mariadb.jdbc.util.log.Slf4JLogger.warn(Slf4JLogger.java:100) - Error: 1406-22001: Data too long for column 'email' at row 1
[22:59:54:657] [WARN] - org.mariadb.jdbc.util.log.Slf4JLogger.warn(Slf4JLogger.java:100) - Error: 1406-22001: Data too long for column 'email' at row 1
[22:59:54:667] [WARN] - org.mariadb.jdbc.util.log.Slf4JLogger.warn(Slf4JLogger.java:100) - Error: 1406-22001: Data too long for column 'email' at row 1
[22:59:54:680] [WARN] - org.mariadb.jdbc.util.log.Slf4JLogger.warn(Slf4JLogger.java:100) - Error: 1406-22001: Data too long for column 'email' at row 1
[22:59:54:692] [WARN] - org.mariadb.jdbc.util.log.Slf4JLogger.warn(Slf4JLogger.java:100) - Error: 1406-22001: Data too long for column 'email' at row 1
[22:59:54:702] [WARN] - org.mariadb.jdbc.util.log.Slf4JLogger.warn(Slf4JLogger.java:100) - Error: 1406-22001: Data too long for column 'email' at row 1
[22:59:54:714] [WARN] - org.mariadb.jdbc.util.log.Slf4JLogger.warn(Slf4JLogger.java:100) - Error: 1406-22001: Data too long for column 'email' at row 1
[23:09:56:479] [WARN] - org.mariadb.jdbc.util.log.Slf4JLogger.warn(Slf4JLogger.java:100) - Error: 1406-22001: Data too long for column 'email' at row 1
[23:09:56:490] [WARN] - org.mariadb.jdbc.util.log.Slf4JLogger.warn(Slf4JLogger.java:100) - Error: 1406-22001: Data too long for column 'email' at row 1
[23:09:56:500] [WARN] - org.mariadb.jdbc.util.log.Slf4JLogger.warn(Slf4JLogger.java:100) - Error: 1406-22001: Data too long for column 'email' at row 1
[23:09:56:509] [WARN] - org.mariadb.jdbc.util.log.Slf4JLogger.warn(Slf4JLogger.java:100) - Error: 1406-22001: Data too long for column 'email' at row 1
[23:09:56:520] [WARN] - org.mariadb.jdbc.util.log.Slf4JLogger.warn(Slf4JLogger.java:100) - Error: 1406-22001: Data too long for column 'email' at row 1
[23:09:56:530] [WARN] - org.mariadb.jdbc.util.log.Slf4JLogger.warn(Slf4JLogger.java:100) - Error: 1406-22001: Data too long for column 'email' at row 1
[23:09:56:538] [WARN] - org.mariadb.jdbc.util.log.Slf4JLogger.warn(Slf4JLogger.java:100) - Error: 1406-22001: Data too long for column 'email' at row 1
[23:09:56:546] [WARN] - org.mariadb.jdbc.util.log.Slf4JLogger.warn(Slf4JLogger.java:100) - Error: 1406-22001: Data too long for column 'email' at row 1
[23:09:56:556] [WARN] - org.mariadb.jdbc.util.log.Slf4JLogger.warn(Slf4JLogger.java:100) - Error: 1406-22001: Data too long for column 'email' at row 1
[23:09:56:566] [WARN] - org.mariadb.jdbc.util.log.Slf4JLogger.warn(Slf4JLogger.java:100) - Error: 1406-22001: Data too long for column 'email' at row 1
[23:09:56:576] [WARN] - org.mariadb.jdbc.util.log.Slf4JLogger.warn(Slf4JLogger.java:100) - Error: 1406-22001: Data too long for column 'email' at row 1
[23:09:56:586] [WARN] - org.mariadb.jdbc.util.log.Slf4JLogger.warn(Slf4JLogger.java:100) - Error: 1406-22001: Data too long for column 'email' at row 1
[23:09:56:597] [WARN] - org.mariadb.jdbc.util.log.Slf4JLogger.warn(Slf4JLogger.java:100) - Error: 1406-22001: Data too long for column 'email' at row 1
[23:09:56:606] [WARN] - org.mariadb.jdbc.util.log.Slf4JLogger.warn(Slf4JLogger.java:100) - Error: 1406-22001: Data too long for column 'email' at row 1
[23:09:56:618] [WARN] - org.mariadb.jdbc.util.log.Slf4JLogger.warn(Slf4JLogger.java:100) - Error: 1406-22001: Data too long for column 'email' at row 1
[23:09:56:628] [WARN] - org.mariadb.jdbc.util.log.Slf4JLogger.warn(Slf4JLogger.java:100) - Error: 1406-22001: Data too long for column 'email' at row 1
[23:09:56:637] [WARN] - org.mariadb.jdbc.util.log.Slf4JLogger.warn(Slf4JLogger.java:100) - Error: 1406-22001: Data too long for column 'email' at row 1
[23:09:56:650] [WARN] - org.mariadb.jdbc.util.log.Slf4JLogger.warn(Slf4JLogger.java:100) - Error: 1406-22001: Data too long for column 'email' at row 1
[23:09:56:661] [WARN] - org.mariadb.jdbc.util.log.Slf4JLogger.warn(Slf4JLogger.java:100) - Error: 1406-22001: Data too long for column 'email' at row 1
[23:19:56:477] [WARN] - org.mariadb.jdbc.util.log.Slf4JLogger.warn(Slf4JLogger.java:100) - Error: 1406-22001: Data too long for column 'email' at row 1
[23:19:56:483] [WARN] - org.mariadb.jdbc.util.log.Slf4JLogger.warn(Slf4JLogger.java:100) - Error: 1406-22001: Data too long for column 'email' at row 1
[23:19:56:488] [WARN] - org.mariadb.jdbc.util.log.Slf4JLogger.warn(Slf4JLogger.java:100) - Error: 1406-22001: Data too long for column 'email' at row 1
[23:19:56:493] [WARN] - org.mariadb.jdbc.util.log.Slf4JLogger.warn(Slf4JLogger.java:100) - Error: 1406-22001: Data too long for column 'email' at row 1
[23:19:56:497] [WARN] - org.mariadb.jdbc.util.log.Slf4JLogger.warn(Slf4JLogger.java:100) - Error: 1406-22001: Data too long for column 'email' at row 1
[23:19:56:500] [WARN] - org.mariadb.jdbc.util.log.Slf4JLogger.warn(Slf4JLogger.java:100) - Error: 1406-22001: Data too long for column 'email' at row 1
[23:19:56:504] [WARN] - org.mariadb.jdbc.util.log.Slf4JLogger.warn(Slf4JLogger.java:100) - Error: 1406-22001: Data too long for column 'email' at row 1
[23:19:56:508] [WARN] - org.mariadb.jdbc.util.log.Slf4JLogger.warn(Slf4JLogger.java:100) - Error: 1406-22001: Data too long for column 'email' at row 1
[23:19:56:510] [WARN] - org.mariadb.jdbc.util.log.Slf4JLogger.warn(Slf4JLogger.java:100) - Error: 1406-22001: Data too long for column 'email' at row 1
[23:19:56:515] [WARN] - org.mariadb.jdbc.util.log.Slf4JLogger.warn(Slf4JLogger.java:100) - Error: 1406-22001: Data too long for column 'email' at row 1
[23:19:56:522] [WARN] - org.mariadb.jdbc.util.log.Slf4JLogger.warn(Slf4JLogger.java:100) - Error: 1406-22001: Data too long for column 'email' at row 1
[23:19:56:528] [WARN] - org.mariadb.jdbc.util.log.Slf4JLogger.warn(Slf4JLogger.java:100) - Error: 1406-22001: Data too long for column 'email' at row 1
[23:19:56:531] [WARN] - org.mariadb.jdbc.util.log.Slf4JLogger.warn(Slf4JLogger.java:100) - Error: 1406-22001: Data too long for column 'email' at row 1
[23:19:56:535] [WARN] - org.mariadb.jdbc.util.log.Slf4JLogger.warn(Slf4JLogger.java:100) - Error: 1406-22001: Data too long for column 'email' at row 1
[23:19:56:539] [WARN] - org.mariadb.jdbc.util.log.Slf4JLogger.warn(Slf4JLogger.java:100) - Error: 1406-22001: Data too long for column 'email' at row 1
[23:19:56:542] [WARN] - org.mariadb.jdbc.util.log.Slf4JLogger.warn(Slf4JLogger.java:100) - Error: 1406-22001: Data too long for column 'email' at row 1
[23:19:56:546] [WARN] - org.mariadb.jdbc.util.log.Slf4JLogger.warn(Slf4JLogger.java:100) - Error: 1406-22001: Data too long for column 'email' at row 1
[23:19:56:549] [WARN] - org.mariadb.jdbc.util.log.Slf4JLogger.warn(Slf4JLogger.java:100) - Error: 1406-22001: Data too long for column 'email' at row 1
[23:19:56:553] [WARN] - org.mariadb.jdbc.util.log.Slf4JLogger.warn(Slf4JLogger.java:100) - Error: 1406-22001: Data too long for column 'email' at row 1
[23:23:32:468] [WARN] - com.zaxxer.hikari.pool.PoolBase.isConnectionAlive(PoolBase.java:184) - data-pool- - Failed to validate connection org.mariadb.jdbc.Connection@2b29e96b ((conn=21503) Connection.setNetworkTimeout cannot be called on a closed connection). Possibly consider using a shorter maxLifetime value.
[23:23:32:469] [WARN] - com.zaxxer.hikari.pool.PoolBase.isConnectionAlive(PoolBase.java:184) - data-pool- - Failed to validate connection org.mariadb.jdbc.Connection@71703a55 ((conn=21504) Connection.setNetworkTimeout cannot be called on a closed connection). Possibly consider using a shorter maxLifetime value.
[23:23:32:470] [WARN] - com.zaxxer.hikari.pool.PoolBase.isConnectionAlive(PoolBase.java:184) - data-pool- - Failed to validate connection org.mariadb.jdbc.Connection@345ffcdf ((conn=21505) Connection.setNetworkTimeout cannot be called on a closed connection). Possibly consider using a shorter maxLifetime value.
[23:23:32:471] [WARN] - com.zaxxer.hikari.pool.PoolBase.isConnectionAlive(PoolBase.java:184) - data-pool- - Failed to validate connection org.mariadb.jdbc.Connection@6df7bab4 ((conn=21506) Connection.setNetworkTimeout cannot be called on a closed connection). Possibly consider using a shorter maxLifetime value.
[23:23:32:471] [WARN] - com.zaxxer.hikari.pool.PoolBase.isConnectionAlive(PoolBase.java:184) - data-pool- - Failed to validate connection org.mariadb.jdbc.Connection@9f174d0 ((conn=21507) Connection.setNetworkTimeout cannot be called on a closed connection). Possibly consider using a shorter maxLifetime value.
[23:23:32:472] [WARN] - com.zaxxer.hikari.pool.PoolBase.isConnectionAlive(PoolBase.java:184) - data-pool- - Failed to validate connection org.mariadb.jdbc.Connection@79a35529 ((conn=21508) Connection.setNetworkTimeout cannot be called on a closed connection). Possibly consider using a shorter maxLifetime value.
[23:23:32:473] [WARN] - com.zaxxer.hikari.pool.PoolBase.isConnectionAlive(PoolBase.java:184) - data-pool- - Failed to validate connection org.mariadb.jdbc.Connection@32d1e7c6 ((conn=21509) Connection.setNetworkTimeout cannot be called on a closed connection). Possibly consider using a shorter maxLifetime value.
[23:23:32:473] [WARN] - com.zaxxer.hikari.pool.PoolBase.isConnectionAlive(PoolBase.java:184) - data-pool- - Failed to validate connection org.mariadb.jdbc.Connection@62a3c932 ((conn=21510) Connection.setNetworkTimeout cannot be called on a closed connection). Possibly consider using a shorter maxLifetime value.
[23:23:32:473] [WARN] - com.zaxxer.hikari.pool.PoolBase.isConnectionAlive(PoolBase.java:184) - data-pool- - Failed to validate connection org.mariadb.jdbc.Connection@60f67642 ((conn=21511) Connection.setNetworkTimeout cannot be called on a closed connection). Possibly consider using a shorter maxLifetime value.
[23:29:58:469] [WARN] - org.mariadb.jdbc.util.log.Slf4JLogger.warn(Slf4JLogger.java:100) - Error: 1406-22001: Data too long for column 'email' at row 1
[23:29:58:473] [WARN] - org.mariadb.jdbc.util.log.Slf4JLogger.warn(Slf4JLogger.java:100) - Error: 1406-22001: Data too long for column 'email' at row 1
[23:29:58:477] [WARN] - org.mariadb.jdbc.util.log.Slf4JLogger.warn(Slf4JLogger.java:100) - Error: 1406-22001: Data too long for column 'email' at row 1
[23:29:58:481] [WARN] - org.mariadb.jdbc.util.log.Slf4JLogger.warn(Slf4JLogger.java:100) - Error: 1406-22001: Data too long for column 'email' at row 1
[23:29:58:485] [WARN] - org.mariadb.jdbc.util.log.Slf4JLogger.warn(Slf4JLogger.java:100) - Error: 1406-22001: Data too long for column 'email' at row 1
[23:29:58:489] [WARN] - org.mariadb.jdbc.util.log.Slf4JLogger.warn(Slf4JLogger.java:100) - Error: 1406-22001: Data too long for column 'email' at row 1
[23:29:58:493] [WARN] - org.mariadb.jdbc.util.log.Slf4JLogger.warn(Slf4JLogger.java:100) - Error: 1406-22001: Data too long for column 'email' at row 1
[23:29:58:496] [WARN] - org.mariadb.jdbc.util.log.Slf4JLogger.warn(Slf4JLogger.java:100) - Error: 1406-22001: Data too long for column 'email' at row 1
[23:29:58:501] [WARN] - org.mariadb.jdbc.util.log.Slf4JLogger.warn(Slf4JLogger.java:100) - Error: 1406-22001: Data too long for column 'email' at row 1
[23:29:58:504] [WARN] - org.mariadb.jdbc.util.log.Slf4JLogger.warn(Slf4JLogger.java:100) - Error: 1406-22001: Data too long for column 'email' at row 1
[23:29:58:509] [WARN] - org.mariadb.jdbc.util.log.Slf4JLogger.warn(Slf4JLogger.java:100) - Error: 1406-22001: Data too long for column 'email' at row 1
[23:29:58:513] [WARN] - org.mariadb.jdbc.util.log.Slf4JLogger.warn(Slf4JLogger.java:100) - Error: 1406-22001: Data too long for column 'email' at row 1
[23:29:58:516] [WARN] - org.mariadb.jdbc.util.log.Slf4JLogger.warn(Slf4JLogger.java:100) - Error: 1406-22001: Data too long for column 'email' at row 1
[23:29:58:521] [WARN] - org.mariadb.jdbc.util.log.Slf4JLogger.warn(Slf4JLogger.java:100) - Error: 1406-22001: Data too long for column 'email' at row 1
[23:29:58:524] [WARN] - org.mariadb.jdbc.util.log.Slf4JLogger.warn(Slf4JLogger.java:100) - Error: 1406-22001: Data too long for column 'email' at row 1
[23:29:58:527] [WARN] - org.mariadb.jdbc.util.log.Slf4JLogger.warn(Slf4JLogger.java:100) - Error: 1406-22001: Data too long for column 'email' at row 1
[23:29:58:532] [WARN] - org.mariadb.jdbc.util.log.Slf4JLogger.warn(Slf4JLogger.java:100) - Error: 1406-22001: Data too long for column 'email' at row 1
[23:29:58:536] [WARN] - org.mariadb.jdbc.util.log.Slf4JLogger.warn(Slf4JLogger.java:100) - Error: 1406-22001: Data too long for column 'email' at row 1
[23:29:58:540] [WARN] - org.mariadb.jdbc.util.log.Slf4JLogger.warn(Slf4JLogger.java:100) - Error: 1406-22001: Data too long for column 'email' at row 1
[23:31:39:996] [WARN] - com.zaxxer.hikari.pool.PoolBase.isConnectionAlive(PoolBase.java:184) - data-pool- - Failed to validate connection org.mariadb.jdbc.Connection@56776554 ((conn=21533) Connection.setNetworkTimeout cannot be called on a closed connection). Possibly consider using a shorter maxLifetime value.
[23:31:40:000] [WARN] - com.zaxxer.hikari.pool.PoolBase.isConnectionAlive(PoolBase.java:184) - data-pool- - Failed to validate connection org.mariadb.jdbc.Connection@c4e5857 ((conn=21534) Connection.setNetworkTimeout cannot be called on a closed connection). Possibly consider using a shorter maxLifetime value.
[23:31:40:003] [WARN] - com.zaxxer.hikari.pool.PoolBase.isConnectionAlive(PoolBase.java:184) - data-pool- - Failed to validate connection org.mariadb.jdbc.Connection@4a71fbb3 ((conn=21535) Connection.setNetworkTimeout cannot be called on a closed connection). Possibly consider using a shorter maxLifetime value.
[23:31:40:009] [WARN] - com.zaxxer.hikari.pool.PoolBase.isConnectionAlive(PoolBase.java:184) - data-pool- - Failed to validate connection org.mariadb.jdbc.Connection@2a75b41f ((conn=21536) Connection.setNetworkTimeout cannot be called on a closed connection). Possibly consider using a shorter maxLifetime value.
[23:34:40:476] [WARN] - com.zaxxer.hikari.pool.PoolBase.isConnectionAlive(PoolBase.java:184) - data-pool- - Failed to validate connection org.mariadb.jdbc.Connection@22f46ed9 ((conn=21546) Connection.setNetworkTimeout cannot be called on a closed connection). Possibly consider using a shorter maxLifetime value.
[23:34:40:481] [WARN] - com.zaxxer.hikari.pool.PoolBase.isConnectionAlive(PoolBase.java:184) - data-pool- - Failed to validate connection org.mariadb.jdbc.Connection@3cb935a4 ((conn=21547) Connection.setNetworkTimeout cannot be called on a closed connection). Possibly consider using a shorter maxLifetime value.
[23:34:40:484] [WARN] - com.zaxxer.hikari.pool.PoolBase.isConnectionAlive(PoolBase.java:184) - data-pool- - Failed to validate connection org.mariadb.jdbc.Connection@6fcd4caa ((conn=21548) Connection.setNetworkTimeout cannot be called on a closed connection). Possibly consider using a shorter maxLifetime value.
[23:34:40:486] [WARN] - com.zaxxer.hikari.pool.PoolBase.isConnectionAlive(PoolBase.java:184) - data-pool- - Failed to validate connection org.mariadb.jdbc.Connection@1d1e9de ((conn=21549) Connection.setNetworkTimeout cannot be called on a closed connection). Possibly consider using a shorter maxLifetime value.
[23:34:40:490] [WARN] - com.zaxxer.hikari.pool.PoolBase.isConnectionAlive(PoolBase.java:184) - data-pool- - Failed to validate connection org.mariadb.jdbc.Connection@52dd9b ((conn=21550) Connection.setNetworkTimeout cannot be called on a closed connection). Possibly consider using a shorter maxLifetime value.
[23:34:40:491] [WARN] - com.zaxxer.hikari.pool.PoolBase.isConnectionAlive(PoolBase.java:184) - data-pool- - Failed to validate connection org.mariadb.jdbc.Connection@75b3cc20 ((conn=21551) Connection.setNetworkTimeout cannot be called on a closed connection). Possibly consider using a shorter maxLifetime value.
[23:40:00:479] [WARN] - org.mariadb.jdbc.util.log.Slf4JLogger.warn(Slf4JLogger.java:100) - Error: 1406-22001: Data too long for column 'email' at row 1
[23:40:00:499] [WARN] - org.mariadb.jdbc.util.log.Slf4JLogger.warn(Slf4JLogger.java:100) - Error: 1406-22001: Data too long for column 'email' at row 1
[23:40:00:514] [WARN] - org.mariadb.jdbc.util.log.Slf4JLogger.warn(Slf4JLogger.java:100) - Error: 1406-22001: Data too long for column 'email' at row 1
[23:40:00:527] [WARN] - org.mariadb.jdbc.util.log.Slf4JLogger.warn(Slf4JLogger.java:100) - Error: 1406-22001: Data too long for column 'email' at row 1
[23:40:00:539] [WARN] - org.mariadb.jdbc.util.log.Slf4JLogger.warn(Slf4JLogger.java:100) - Error: 1406-22001: Data too long for column 'email' at row 1
[23:40:00:553] [WARN] - org.mariadb.jdbc.util.log.Slf4JLogger.warn(Slf4JLogger.java:100) - Error: 1406-22001: Data too long for column 'email' at row 1
[23:40:00:567] [WARN] - org.mariadb.jdbc.util.log.Slf4JLogger.warn(Slf4JLogger.java:100) - Error: 1406-22001: Data too long for column 'email' at row 1
[23:40:00:580] [WARN] - org.mariadb.jdbc.util.log.Slf4JLogger.warn(Slf4JLogger.java:100) - Error: 1406-22001: Data too long for column 'email' at row 1
[23:40:00:594] [WARN] - org.mariadb.jdbc.util.log.Slf4JLogger.warn(Slf4JLogger.java:100) - Error: 1406-22001: Data too long for column 'email' at row 1
[23:40:00:605] [WARN] - org.mariadb.jdbc.util.log.Slf4JLogger.warn(Slf4JLogger.java:100) - Error: 1406-22001: Data too long for column 'email' at row 1
[23:40:00:615] [WARN] - org.mariadb.jdbc.util.log.Slf4JLogger.warn(Slf4JLogger.java:100) - Error: 1406-22001: Data too long for column 'email' at row 1
[23:40:00:625] [WARN] - org.mariadb.jdbc.util.log.Slf4JLogger.warn(Slf4JLogger.java:100) - Error: 1406-22001: Data too long for column 'email' at row 1
[23:40:00:638] [WARN] - org.mariadb.jdbc.util.log.Slf4JLogger.warn(Slf4JLogger.java:100) - Error: 1406-22001: Data too long for column 'email' at row 1
[23:40:00:650] [WARN] - org.mariadb.jdbc.util.log.Slf4JLogger.warn(Slf4JLogger.java:100) - Error: 1406-22001: Data too long for column 'email' at row 1
[23:40:00:659] [WARN] - org.mariadb.jdbc.util.log.Slf4JLogger.warn(Slf4JLogger.java:100) - Error: 1406-22001: Data too long for column 'email' at row 1
[23:40:00:671] [WARN] - org.mariadb.jdbc.util.log.Slf4JLogger.warn(Slf4JLogger.java:100) - Error: 1406-22001: Data too long for column 'email' at row 1
[23:40:00:681] [WARN] - org.mariadb.jdbc.util.log.Slf4JLogger.warn(Slf4JLogger.java:100) - Error: 1406-22001: Data too long for column 'email' at row 1
[23:40:00:703] [WARN] - org.mariadb.jdbc.util.log.Slf4JLogger.warn(Slf4JLogger.java:100) - Error: 1406-22001: Data too long for column 'email' at row 1
[23:40:00:715] [WARN] - org.mariadb.jdbc.util.log.Slf4JLogger.warn(Slf4JLogger.java:100) - Error: 1406-22001: Data too long for column 'email' at row 1
[23:40:19:913] [WARN] - com.zaxxer.hikari.pool.PoolBase.isConnectionAlive(PoolBase.java:184) - data-pool- - Failed to validate connection org.mariadb.jdbc.Connection@fc1528 ((conn=21563) Connection.setNetworkTimeout cannot be called on a closed connection). Possibly consider using a shorter maxLifetime value.
[23:40:19:915] [WARN] - com.zaxxer.hikari.pool.PoolBase.isConnectionAlive(PoolBase.java:184) - data-pool- - Failed to validate connection org.mariadb.jdbc.Connection@773134c ((conn=21564) Connection.setNetworkTimeout cannot be called on a closed connection). Possibly consider using a shorter maxLifetime value.
[23:45:24:732] [WARN] - com.zaxxer.hikari.pool.PoolBase.isConnectionAlive(PoolBase.java:184) - data-pool- - Failed to validate connection org.mariadb.jdbc.Connection@72d568fd ((conn=21583) Connection.setNetworkTimeout cannot be called on a closed connection). Possibly consider using a shorter maxLifetime value.
[23:46:30:356] [WARN] - com.zaxxer.hikari.pool.PoolBase.isConnectionAlive(PoolBase.java:184) - data-pool- - Failed to validate connection org.mariadb.jdbc.Connection@684a17a3 ((conn=21587) Connection.setNetworkTimeout cannot be called on a closed connection). Possibly consider using a shorter maxLifetime value.
[23:46:30:357] [WARN] - com.zaxxer.hikari.pool.PoolBase.isConnectionAlive(PoolBase.java:184) - data-pool- - Failed to validate connection org.mariadb.jdbc.Connection@17d219fe ((conn=21589) Connection.setNetworkTimeout cannot be called on a closed connection). Possibly consider using a shorter maxLifetime value.
[23:46:30:359] [WARN] - com.zaxxer.hikari.pool.PoolBase.isConnectionAlive(PoolBase.java:184) - data-pool- - Failed to validate connection org.mariadb.jdbc.Connection@59f998bb ((conn=21590) Connection.setNetworkTimeout cannot be called on a closed connection). Possibly consider using a shorter maxLifetime value.
[23:46:30:360] [WARN] - com.zaxxer.hikari.pool.PoolBase.isConnectionAlive(PoolBase.java:184) - data-pool- - Failed to validate connection org.mariadb.jdbc.Connection@18e0bb9b ((conn=21591) Connection.setNetworkTimeout cannot be called on a closed connection). Possibly consider using a shorter maxLifetime value.
[23:48:54:460] [WARN] - com.zaxxer.hikari.pool.PoolBase.isConnectionAlive(PoolBase.java:184) - data-pool- - Failed to validate connection org.mariadb.jdbc.Connection@567d9979 ((conn=21593) Connection.setNetworkTimeout cannot be called on a closed connection). Possibly consider using a shorter maxLifetime value.
[23:48:54:465] [WARN] - com.zaxxer.hikari.pool.PoolBase.isConnectionAlive(PoolBase.java:184) - data-pool- - Failed to validate connection org.mariadb.jdbc.Connection@73762dac ((conn=21594) Connection.setNetworkTimeout cannot be called on a closed connection). Possibly consider using a shorter maxLifetime value.
[23:48:54:469] [WARN] - com.zaxxer.hikari.pool.PoolBase.isConnectionAlive(PoolBase.java:184) - data-pool- - Failed to validate connection org.mariadb.jdbc.Connection@161a6b2f ((conn=21595) Connection.setNetworkTimeout cannot be called on a closed connection). Possibly consider using a shorter maxLifetime value.
[23:48:54:491] [WARN] - com.zaxxer.hikari.pool.PoolBase.isConnectionAlive(PoolBase.java:184) - data-pool- - Failed to validate connection org.mariadb.jdbc.Connection@2c969ec4 ((conn=21596) Connection.setNetworkTimeout cannot be called on a closed connection). Possibly consider using a shorter maxLifetime value.
[23:48:54:497] [WARN] - com.zaxxer.hikari.pool.PoolBase.isConnectionAlive(PoolBase.java:184) - data-pool- - Failed to validate connection org.mariadb.jdbc.Connection@32905d74 ((conn=21597) Connection.setNetworkTimeout cannot be called on a closed connection). Possibly consider using a shorter maxLifetime value.
[23:48:54:503] [WARN] - com.zaxxer.hikari.pool.PoolBase.isConnectionAlive(PoolBase.java:184) - data-pool- - Failed to validate connection org.mariadb.jdbc.Connection@70c91dc7 ((conn=21598) Connection.setNetworkTimeout cannot be called on a closed connection). Possibly consider using a shorter maxLifetime value.
[23:48:54:506] [WARN] - com.zaxxer.hikari.pool.PoolBase.isConnectionAlive(PoolBase.java:184) - data-pool- - Failed to validate connection org.mariadb.jdbc.Connection@35cf53e2 ((conn=21599) Connection.setNetworkTimeout cannot be called on a closed connection). Possibly consider using a shorter maxLifetime value.
[23:48:54:515] [WARN] - com.zaxxer.hikari.pool.PoolBase.isConnectionAlive(PoolBase.java:184) - data-pool- - Failed to validate connection org.mariadb.jdbc.Connection@2db79b21 ((conn=21600) Connection.setNetworkTimeout cannot be called on a closed connection). Possibly consider using a shorter maxLifetime value.
[23:48:54:520] [WARN] - com.zaxxer.hikari.pool.PoolBase.isConnectionAlive(PoolBase.java:184) - data-pool- - Failed to validate connection org.mariadb.jdbc.Connection@1dfc081e ((conn=21601) Connection.setNetworkTimeout cannot be called on a closed connection). Possibly consider using a shorter maxLifetime value.
[23:50:00:486] [WARN] - org.mariadb.jdbc.util.log.Slf4JLogger.warn(Slf4JLogger.java:100) - Error: 1406-22001: Data too long for column 'email' at row 1
[23:50:00:498] [WARN] - org.mariadb.jdbc.util.log.Slf4JLogger.warn(Slf4JLogger.java:100) - Error: 1406-22001: Data too long for column 'email' at row 1
[23:50:00:525] [WARN] - org.mariadb.jdbc.util.log.Slf4JLogger.warn(Slf4JLogger.java:100) - Error: 1406-22001: Data too long for column 'email' at row 1
[23:50:00:540] [WARN] - org.mariadb.jdbc.util.log.Slf4JLogger.warn(Slf4JLogger.java:100) - Error: 1406-22001: Data too long for column 'email' at row 1
[23:50:00:552] [WARN] - org.mariadb.jdbc.util.log.Slf4JLogger.warn(Slf4JLogger.java:100) - Error: 1406-22001: Data too long for column 'email' at row 1
[23:50:00:566] [WARN] - org.mariadb.jdbc.util.log.Slf4JLogger.warn(Slf4JLogger.java:100) - Error: 1406-22001: Data too long for column 'email' at row 1
[23:50:00:580] [WARN] - org.mariadb.jdbc.util.log.Slf4JLogger.warn(Slf4JLogger.java:100) - Error: 1406-22001: Data too long for column 'email' at row 1
[23:50:00:594] [WARN] - org.mariadb.jdbc.util.log.Slf4JLogger.warn(Slf4JLogger.java:100) - Error: 1406-22001: Data too long for column 'email' at row 1
[23:50:00:606] [WARN] - org.mariadb.jdbc.util.log.Slf4JLogger.warn(Slf4JLogger.java:100) - Error: 1406-22001: Data too long for column 'email' at row 1
[23:50:00:617] [WARN] - org.mariadb.jdbc.util.log.Slf4JLogger.warn(Slf4JLogger.java:100) - Error: 1406-22001: Data too long for column 'email' at row 1
[23:50:00:630] [WARN] - org.mariadb.jdbc.util.log.Slf4JLogger.warn(Slf4JLogger.java:100) - Error: 1406-22001: Data too long for column 'email' at row 1
[23:50:00:644] [WARN] - org.mariadb.jdbc.util.log.Slf4JLogger.warn(Slf4JLogger.java:100) - Error: 1406-22001: Data too long for column 'email' at row 1
[23:50:00:656] [WARN] - org.mariadb.jdbc.util.log.Slf4JLogger.warn(Slf4JLogger.java:100) - Error: 1406-22001: Data too long for column 'email' at row 1
[23:50:00:668] [WARN] - org.mariadb.jdbc.util.log.Slf4JLogger.warn(Slf4JLogger.java:100) - Error: 1406-22001: Data too long for column 'email' at row 1
[23:50:00:681] [WARN] - org.mariadb.jdbc.util.log.Slf4JLogger.warn(Slf4JLogger.java:100) - Error: 1406-22001: Data too long for column 'email' at row 1
[23:50:00:692] [WARN] - org.mariadb.jdbc.util.log.Slf4JLogger.warn(Slf4JLogger.java:100) - Error: 1406-22001: Data too long for column 'email' at row 1
[23:50:00:706] [WARN] - org.mariadb.jdbc.util.log.Slf4JLogger.warn(Slf4JLogger.java:100) - Error: 1406-22001: Data too long for column 'email' at row 1
[23:50:00:719] [WARN] - org.mariadb.jdbc.util.log.Slf4JLogger.warn(Slf4JLogger.java:100) - Error: 1406-22001: Data too long for column 'email' at row 1
[23:50:00:733] [WARN] - org.mariadb.jdbc.util.log.Slf4JLogger.warn(Slf4JLogger.java:100) - Error: 1406-22001: Data too long for column 'email' at row 1
