2026-7-4 18:15:27-log: Cannot access game frame or container.
2026-7-4 18:15:29-debug: asset-db:require-engine-code (1760ms)
2026-7-4 18:15:29-log: meshopt wasm decoder initialized
2026-7-4 18:15:29-log: [box2d]:box2d wasm lib loaded.
2026-7-4 18:15:29-log: [bullet]:bullet wasm lib loaded.
2026-7-4 18:15:29-log: Cocos Creator v3.8.7
2026-7-4 18:15:29-log: Forward render pipeline initialized.
2026-7-4 18:15:29-log: Using legacy pipeline
2026-7-4 18:15:32-debug: [Assets Memory track]: asset-db:worker-init: initPlugin start:79.97MB, end 274.63MB, increase: 194.67MB
2026-7-4 18:15:29-debug: [Assets Memory track]: asset-db:worker-init: initEngine start:30.21MB, end 79.94MB, increase: 49.73MB
2026-7-4 18:15:32-debug: asset-db:worker-init: initPlugin (3674ms)
2026-7-4 18:15:32-debug: [Assets Memory track]: asset-db:worker-init start:30.20MB, end 274.76MB, increase: 244.57MB
2026-7-4 18:15:32-debug: Run asset db hook programming:beforePreStart ...
2026-7-4 18:15:32-debug: Run asset db hook programming:beforePreStart success!
2026-7-4 18:15:32-debug: Run asset db hook engine-extends:beforePreStart success!
2026-7-4 18:15:32-debug: Run asset db hook engine-extends:beforePreStart ...
2026-7-4 18:15:33-debug: Preimport db  success
2026-7-4 18:15:33-debug: Preimport db  success
2026-7-4 18:15:33-debug: Run asset db hook programming:afterPreStart ...
2026-7-4 18:15:33-debug: starting packer-driver...
2026-7-4 18:15:33-debug: asset-db:worker-init (5821ms)
2026-7-4 18:15:33-debug: asset-db-hook-programming-beforePreStart (196ms)
2026-7-4 18:15:33-debug: asset-db-hook-engine-extends-beforePreStart (194ms)
2026-7-4 18:15:33-debug: initialize scripting environment...
2026-7-4 18:15:33-debug: [[Executor]] prepare before lock
2026-7-4 18:15:33-debug: Set detail map pack:///resolution-detail-map.json: {}
2026-7-4 18:15:33-debug: Run asset db hook engine-extends:afterPreStart ...
2026-7-4 18:15:33-debug: Run asset db hook programming:afterPreStart success!
2026-7-4 18:15:33-debug: [[Executor]] prepare after unlock
2026-7-4 18:15:33-debug: Run asset db hook engine-extends:afterPreStart success!
2026-7-4 18:15:33-debug: Start up the 'internal' database...
2026-7-4 18:15:34-debug: asset-db:worker-effect-data-processing (488ms)
2026-7-4 18:15:34-debug: asset-db-hook-programming-afterPreStart (1001ms)
2026-7-4 18:15:34-debug: asset-db-hook-engine-extends-afterPreStart (489ms)
2026-7-4 18:15:34-debug: Run asset db hook engine-extends:afterStartDB ...
2026-7-4 18:15:35-debug: Run asset db hook engine-extends:afterStartDB success!
2026-7-4 18:15:35-debug: recompile effect.bin success
2026-7-4 18:15:35-debug: Start up the 'assets' database...
2026-7-4 18:15:36-debug: asset-db:worker-effect-data-processing (1319ms)
2026-7-4 18:15:36-debug: asset-db-hook-engine-extends-afterStartDB (1320ms)
2026-7-4 18:15:36-debug: %cImport%c: D:\jjfbol-cocos\jjfbol-cocos\jjfb\assets\resources\Sample\剧情脚本\map_0.jsonbackground: #aaff85; color: #000;color: #000;
2026-7-4 18:15:37-debug: Run asset db hook engine-extends:afterStartDB ...
2026-7-4 18:15:37-debug: lazy register asset handler *
2026-7-4 18:15:37-debug: lazy register asset handler directory
2026-7-4 18:15:37-debug: recompile effect.bin success
2026-7-4 18:15:37-debug: Run asset db hook engine-extends:afterStartDB success!
2026-7-4 18:15:37-debug: lazy register asset handler json
2026-7-4 18:15:37-debug: lazy register asset handler text
2026-7-4 18:15:37-debug: lazy register asset handler spine-data
2026-7-4 18:15:37-debug: lazy register asset handler dragonbones-atlas
2026-7-4 18:15:37-debug: lazy register asset handler dragonbones
2026-7-4 18:15:37-debug: lazy register asset handler javascript
2026-7-4 18:15:37-debug: lazy register asset handler terrain
2026-7-4 18:15:37-debug: lazy register asset handler typescript
2026-7-4 18:15:37-debug: lazy register asset handler prefab
2026-7-4 18:15:37-debug: lazy register asset handler tiled-map
2026-7-4 18:15:37-debug: lazy register asset handler sprite-frame
2026-7-4 18:15:37-debug: lazy register asset handler image
2026-7-4 18:15:37-debug: lazy register asset handler buffer
2026-7-4 18:15:37-debug: lazy register asset handler sign-image
2026-7-4 18:15:37-debug: lazy register asset handler scene
2026-7-4 18:15:37-debug: lazy register asset handler alpha-image
2026-7-4 18:15:37-debug: lazy register asset handler texture-cube
2026-7-4 18:15:37-debug: lazy register asset handler erp-texture-cube
2026-7-4 18:15:37-debug: lazy register asset handler texture
2026-7-4 18:15:37-debug: lazy register asset handler texture-cube-face
2026-7-4 18:15:37-debug: lazy register asset handler render-texture
2026-7-4 18:15:37-debug: lazy register asset handler rt-sprite-frame
2026-7-4 18:15:37-debug: lazy register asset handler gltf-mesh
2026-7-4 18:15:37-debug: lazy register asset handler gltf
2026-7-4 18:15:37-debug: lazy register asset handler gltf-skeleton
2026-7-4 18:15:37-debug: lazy register asset handler gltf-animation
2026-7-4 18:15:37-debug: lazy register asset handler gltf-material
2026-7-4 18:15:37-debug: lazy register asset handler gltf-embeded-image
2026-7-4 18:15:37-debug: lazy register asset handler material
2026-7-4 18:15:37-debug: lazy register asset handler fbx
2026-7-4 18:15:37-debug: lazy register asset handler gltf-scene
2026-7-4 18:15:37-debug: lazy register asset handler physics-material
2026-7-4 18:15:37-debug: lazy register asset handler effect
2026-7-4 18:15:37-debug: lazy register asset handler effect-header
2026-7-4 18:15:37-debug: lazy register asset handler animation-clip
2026-7-4 18:15:37-debug: lazy register asset handler animation-graph
2026-7-4 18:15:37-debug: lazy register asset handler audio-clip
2026-7-4 18:15:37-debug: lazy register asset handler animation-mask
2026-7-4 18:15:37-debug: lazy register asset handler ttf-font
2026-7-4 18:15:37-debug: lazy register asset handler animation-graph-variant
2026-7-4 18:15:37-debug: lazy register asset handler particle
2026-7-4 18:15:37-debug: lazy register asset handler sprite-atlas
2026-7-4 18:15:37-debug: lazy register asset handler bitmap-font
2026-7-4 18:15:37-debug: lazy register asset handler render-pipeline
2026-7-4 18:15:37-debug: lazy register asset handler label-atlas
2026-7-4 18:15:37-debug: lazy register asset handler auto-atlas
2026-7-4 18:15:37-debug: lazy register asset handler instantiation-material
2026-7-4 18:15:37-debug: lazy register asset handler instantiation-mesh
2026-7-4 18:15:37-debug: lazy register asset handler render-flow
2026-7-4 18:15:37-debug: lazy register asset handler render-stage
2026-7-4 18:15:37-debug: lazy register asset handler instantiation-animation
2026-7-4 18:15:37-debug: lazy register asset handler video-clip
2026-7-4 18:15:37-debug: lazy register asset handler instantiation-skeleton
2026-7-4 18:15:37-debug: asset-db:worker-effect-data-processing (471ms)
2026-7-4 18:15:37-debug: asset-db:start-database (4758ms)
2026-7-4 18:15:37-debug: asset-db-hook-engine-extends-afterStartDB (472ms)
2026-7-4 18:15:37-debug: asset-db:ready (15770ms)
2026-7-4 18:15:37-debug: init worker message success
2026-7-4 18:15:38-debug: programming:execute-script (18ms)
2026-7-4 18:15:38-debug: [Build Memory track]: builder:worker-init start:232.66MB, end 255.20MB, increase: 22.54MB
2026-7-4 18:15:38-debug: builder:worker-init (1272ms)
2026-7-4 18:20:45-debug: Query all assets info in project
2026-7-4 18:20:45-debug: init custom config: keepNodeUuid: false, useCache: true
2026-7-4 18:20:45-debug: Skip compress image, progress: 0%
2026-7-4 18:20:45-debug: 查询 Asset Bundle start, progress: 0%
2026-7-4 18:20:45-debug: Init all bundles start..., progress: 0%
2026-7-4 18:20:45-debug: Num of bundles: 3..., progress: 0%
2026-7-4 18:20:45-debug: // ---- build task 查询 Asset Bundle ----
2026-7-4 18:20:45-debug: Init bundle root assets start..., progress: 0%
2026-7-4 18:20:45-debug: Query preload assets/scripts from cc.config.json: 60f7195c-ec2a-45eb-ba94-8955f60e81d0,1c02ae6f-4492-4915-b8f8-7492a3b1e4cd,810e96e4-e456-4468-9b59-f4e8f39732c0,efe8e2a3-eace-427b-b4f1-cb8a937ec77d,e9aa9a3e-5b2b-4ac7-a2c7-073de2b2b24f,8bbdbcdd-5cd4-4100-b6d5-b7c9625b6107,50f4348b-c883-4e2f-8f11-ce233b859fa1,fda095cb-831d-4601-ad94-846013963de8,f92806d7-1768-443f-afe8-12bcde84d0f0,dd3a144d-ab7f-41f0-82b8-2e43a090d496,f0416e68-0200-4b77-a926-4f9d16e494da,970b0598-bcb0-4714-91fb-2e81440dccd8,bcd64cc6-2dd9-43f6-abbe-66318d332032,d930590d-bb92-4cc8-8bd1-23cd027f9edf,a3cd009f-0ab0-420d-9278-b9fdab939bbc,6a2d0734-bd9e-4ddf-946e-caa52498cb75,c27215d8-6835-4b68-bfbb-bdeac6100c04,b5d6115f-0370-4d7c-aad3-c194cc71cf98,871c3b6c-7379-419d-bda3-794b239ab90d,ff9b0199-ce04-4cfe-86cc-6c719f08d6e4,de1c2107-70c8-4021-8459-6399f24d01c6,cbf30902-517f-40dc-af90-a550bac27cf1,5c601d96-e4c7-4698-991b-7ee674b11079
2026-7-4 18:20:46-debug:   Number of other assets: 4124
2026-7-4 18:20:46-debug:   Number of all scenes: 3
2026-7-4 18:20:46-debug:   Number of all scripts: 71
2026-7-4 18:20:46-debug: Init bundle root assets success..., progress: 0%
2026-7-4 18:20:46-debug: // ---- build task 查询 Asset Bundle ---- (71ms)
2026-7-4 18:20:46-debug: [Build Memory track]: 查询 Asset Bundle start:231.23MB, end 233.42MB, increase: 2.19MB
2026-7-4 18:20:46-log: run build task 查询 Asset Bundle success in 71 ms√, progress: 5%
2026-7-4 18:20:46-debug: 查询 Asset Bundle start, progress: 5%
2026-7-4 18:20:46-debug: // ---- build task 查询 Asset Bundle ----
2026-7-4 18:20:46-log: run build task 查询 Asset Bundle success in 9 ms√, progress: 10%
2026-7-4 18:20:46-debug: [Build Memory track]: 查询 Asset Bundle start:233.46MB, end 234.12MB, increase: 681.49KB
2026-7-4 18:20:46-debug: // ---- build task 查询 Asset Bundle ---- (9ms)
2026-7-4 18:20:46-debug: 整理部分构建选项内数据到 settings.json start, progress: 10%
2026-7-4 18:20:46-debug: // ---- build task 整理部分构建选项内数据到 settings.json ----
2026-7-4 18:20:46-debug: 填充脚本数据到 settings.json start, progress: 12%
2026-7-4 18:20:46-debug: [Build Memory track]: 整理部分构建选项内数据到 settings.json start:234.17MB, end 234.20MB, increase: 34.95KB
2026-7-4 18:20:46-debug: // ---- build task 整理部分构建选项内数据到 settings.json ---- (2ms)
2026-7-4 18:20:46-log: run build task 整理部分构建选项内数据到 settings.json success in 2 ms√, progress: 12%
2026-7-4 18:20:46-debug: // ---- build task 填充脚本数据到 settings.json ----
2026-7-4 18:20:46-log: run build task 填充脚本数据到 settings.json success in 3 ms√, progress: 13%
2026-7-4 18:20:46-debug: // ---- build task 填充脚本数据到 settings.json ---- (3ms)
2026-7-4 18:20:46-debug: [Build Memory track]: 填充脚本数据到 settings.json start:234.25MB, end 234.28MB, increase: 34.50KB
2026-7-4 18:20:46-debug: 整理部分构建选项内数据到 settings.json start, progress: 13%
2026-7-4 18:20:46-debug: // ---- build task 整理部分构建选项内数据到 settings.json ----
2026-7-4 18:20:46-debug: // ---- build task 整理部分构建选项内数据到 settings.json ---- (10ms)
2026-7-4 18:20:46-log: run build task 整理部分构建选项内数据到 settings.json success in 10 ms√, progress: 15%
2026-7-4 18:20:46-debug: [Build Memory track]: 整理部分构建选项内数据到 settings.json start:234.32MB, end 234.47MB, increase: 147.05KB
2026-7-4 18:21:12-debug: refresh db internal success
2026-7-4 18:21:14-debug: refresh db assets success
2026-7-4 18:21:14-debug: Run asset db hook engine-extends:afterRefresh ...
2026-7-4 18:21:14-debug: Run asset db hook engine-extends:afterRefresh success!
2026-7-4 18:21:14-debug: asset-db:refresh-all-database (1384ms)
2026-7-4 18:21:14-debug: asset-db:worker-effect-data-processing (2ms)
2026-7-4 18:21:14-debug: asset-db-hook-engine-extends-afterRefresh (2ms)
2026-7-4 18:22:58-debug: refresh db internal success
2026-7-4 18:23:00-debug: refresh db assets success
2026-7-4 18:23:00-debug: Run asset db hook engine-extends:afterRefresh ...
2026-7-4 18:23:00-debug: Run asset db hook engine-extends:afterRefresh success!
2026-7-4 18:23:00-debug: asset-db:refresh-all-database (1856ms)
2026-7-4 18:23:00-debug: asset-db:worker-effect-data-processing (9ms)
2026-7-4 18:23:00-debug: asset-db-hook-engine-extends-afterRefresh (11ms)
2026-7-4 18:24:59-debug: refresh db internal success
2026-7-4 18:25:00-debug: %cImport%c: D:\jjfbol-cocos\jjfbol-cocos\jjfb\assets\Script\Game\BattleScene.tsbackground: #aaff85; color: #000;color: #000;
2026-7-4 18:25:01-debug: Run asset db hook engine-extends:afterRefresh ...
2026-7-4 18:25:01-debug: refresh db assets success
2026-7-4 18:25:01-debug: Run asset db hook engine-extends:afterRefresh success!
2026-7-4 18:25:01-debug: asset-db:refresh-all-database (1923ms)
2026-7-4 18:25:01-debug: asset-db:worker-effect-data-processing (3ms)
2026-7-4 18:25:01-debug: asset-db-hook-engine-extends-afterRefresh (4ms)
2026-7-4 18:25:04-debug: Query all assets info in project
2026-7-4 18:25:04-debug: init custom config: keepNodeUuid: false, useCache: true
2026-7-4 18:25:04-debug: Skip compress image, progress: 0%
2026-7-4 18:25:04-debug: Init all bundles start..., progress: 0%
2026-7-4 18:25:04-debug: Num of bundles: 3..., progress: 0%
2026-7-4 18:25:04-debug: 查询 Asset Bundle start, progress: 0%
2026-7-4 18:25:04-debug: // ---- build task 查询 Asset Bundle ----
2026-7-4 18:25:04-debug: Init bundle root assets start..., progress: 0%
2026-7-4 18:25:04-debug: Query preload assets/scripts from cc.config.json: 60f7195c-ec2a-45eb-ba94-8955f60e81d0,1c02ae6f-4492-4915-b8f8-7492a3b1e4cd,810e96e4-e456-4468-9b59-f4e8f39732c0,efe8e2a3-eace-427b-b4f1-cb8a937ec77d,e9aa9a3e-5b2b-4ac7-a2c7-073de2b2b24f,8bbdbcdd-5cd4-4100-b6d5-b7c9625b6107,50f4348b-c883-4e2f-8f11-ce233b859fa1,fda095cb-831d-4601-ad94-846013963de8,f92806d7-1768-443f-afe8-12bcde84d0f0,dd3a144d-ab7f-41f0-82b8-2e43a090d496,f0416e68-0200-4b77-a926-4f9d16e494da,970b0598-bcb0-4714-91fb-2e81440dccd8,bcd64cc6-2dd9-43f6-abbe-66318d332032,d930590d-bb92-4cc8-8bd1-23cd027f9edf,a3cd009f-0ab0-420d-9278-b9fdab939bbc,6a2d0734-bd9e-4ddf-946e-caa52498cb75,c27215d8-6835-4b68-bfbb-bdeac6100c04,b5d6115f-0370-4d7c-aad3-c194cc71cf98,871c3b6c-7379-419d-bda3-794b239ab90d,ff9b0199-ce04-4cfe-86cc-6c719f08d6e4,de1c2107-70c8-4021-8459-6399f24d01c6,cbf30902-517f-40dc-af90-a550bac27cf1,5c601d96-e4c7-4698-991b-7ee674b11079
2026-7-4 18:25:04-debug:   Number of all scenes: 3
2026-7-4 18:25:04-debug:   Number of all scripts: 71
2026-7-4 18:25:04-debug:   Number of other assets: 4124
2026-7-4 18:25:04-debug: Init bundle root assets success..., progress: 0%
2026-7-4 18:25:04-debug: // ---- build task 查询 Asset Bundle ---- (59ms)
2026-7-4 18:25:04-log: run build task 查询 Asset Bundle success in 59 ms√, progress: 5%
2026-7-4 18:25:04-debug: 查询 Asset Bundle start, progress: 5%
2026-7-4 18:25:04-debug: [Build Memory track]: 查询 Asset Bundle start:234.80MB, end 239.37MB, increase: 4.57MB
2026-7-4 18:25:04-debug: // ---- build task 查询 Asset Bundle ----
2026-7-4 18:25:04-debug: // ---- build task 查询 Asset Bundle ---- (6ms)
2026-7-4 18:25:04-log: run build task 查询 Asset Bundle success in 6 ms√, progress: 10%
2026-7-4 18:25:04-debug: [Build Memory track]: 查询 Asset Bundle start:239.41MB, end 240.06MB, increase: 660.84KB
2026-7-4 18:25:04-debug: 整理部分构建选项内数据到 settings.json start, progress: 10%
2026-7-4 18:25:04-debug: // ---- build task 整理部分构建选项内数据到 settings.json ----
2026-7-4 18:25:04-debug: // ---- build task 整理部分构建选项内数据到 settings.json ---- (3ms)
2026-7-4 18:25:04-log: run build task 整理部分构建选项内数据到 settings.json success in 3 ms√, progress: 12%
2026-7-4 18:25:04-debug: 填充脚本数据到 settings.json start, progress: 12%
2026-7-4 18:25:04-debug: [Build Memory track]: 整理部分构建选项内数据到 settings.json start:240.12MB, end 240.15MB, increase: 37.64KB
2026-7-4 18:25:04-debug: // ---- build task 填充脚本数据到 settings.json ----
2026-7-4 18:25:04-debug: // ---- build task 填充脚本数据到 settings.json ---- (1ms)
2026-7-4 18:25:04-log: run build task 填充脚本数据到 settings.json success in 1 ms√, progress: 13%
2026-7-4 18:25:04-debug: [Build Memory track]: 填充脚本数据到 settings.json start:240.20MB, end 240.23MB, increase: 38.65KB
2026-7-4 18:25:04-debug: 整理部分构建选项内数据到 settings.json start, progress: 13%
2026-7-4 18:25:04-debug: // ---- build task 整理部分构建选项内数据到 settings.json ----
2026-7-4 18:25:04-debug: [Build Memory track]: 整理部分构建选项内数据到 settings.json start:240.28MB, end 240.42MB, increase: 141.24KB
2026-7-4 18:25:04-log: run build task 整理部分构建选项内数据到 settings.json success in 6 ms√, progress: 15%
2026-7-4 18:25:04-debug: // ---- build task 整理部分构建选项内数据到 settings.json ---- (6ms)
2026-7-4 18:25:46-debug: refresh db internal success
2026-7-4 18:25:48-debug: refresh db assets success
2026-7-4 18:25:48-debug: Run asset db hook engine-extends:afterRefresh ...
2026-7-4 18:25:48-debug: Run asset db hook engine-extends:afterRefresh success!
2026-7-4 18:25:48-debug: asset-db:refresh-all-database (1523ms)
2026-7-4 18:25:48-debug: asset-db:worker-effect-data-processing (3ms)
2026-7-4 18:25:48-debug: asset-db-hook-engine-extends-afterRefresh (4ms)
2026-7-4 18:25:55-debug: refresh db internal success
2026-7-4 18:25:56-debug: refresh db assets success
2026-7-4 18:25:56-debug: Run asset db hook engine-extends:afterRefresh ...
2026-7-4 18:25:56-debug: Run asset db hook engine-extends:afterRefresh success!
2026-7-4 18:25:56-debug: asset-db:worker-effect-data-processing (2ms)
2026-7-4 18:25:56-debug: asset-db:refresh-all-database (1442ms)
2026-7-4 18:25:56-debug: asset-db-hook-engine-extends-afterRefresh (3ms)
2026-7-4 18:26:50-debug: refresh db internal success
2026-7-4 18:26:52-debug: %cImport%c: D:\jjfbol-cocos\jjfbol-cocos\jjfb\assets\Script\Game\BattleScene.tsbackground: #aaff85; color: #000;color: #000;
2026-7-4 18:26:52-debug: refresh db assets success
2026-7-4 18:26:52-debug: Run asset db hook engine-extends:afterRefresh ...
2026-7-4 18:26:52-debug: Run asset db hook engine-extends:afterRefresh success!
2026-7-4 18:26:52-debug: asset-db:refresh-all-database (2476ms)
2026-7-4 18:26:52-debug: asset-db:worker-effect-data-processing (3ms)
2026-7-4 18:26:52-debug: asset-db-hook-engine-extends-afterRefresh (4ms)
2026-7-4 18:26:55-debug: Query all assets info in project
2026-7-4 18:26:55-debug: Skip compress image, progress: 0%
2026-7-4 18:26:55-debug: init custom config: keepNodeUuid: false, useCache: true
2026-7-4 18:26:55-debug: Num of bundles: 3..., progress: 0%
2026-7-4 18:26:55-debug: 查询 Asset Bundle start, progress: 0%
2026-7-4 18:26:55-debug: Init all bundles start..., progress: 0%
2026-7-4 18:26:55-debug: // ---- build task 查询 Asset Bundle ----
2026-7-4 18:26:55-debug: Init bundle root assets start..., progress: 0%
2026-7-4 18:26:55-debug: Query preload assets/scripts from cc.config.json: 60f7195c-ec2a-45eb-ba94-8955f60e81d0,1c02ae6f-4492-4915-b8f8-7492a3b1e4cd,810e96e4-e456-4468-9b59-f4e8f39732c0,efe8e2a3-eace-427b-b4f1-cb8a937ec77d,e9aa9a3e-5b2b-4ac7-a2c7-073de2b2b24f,8bbdbcdd-5cd4-4100-b6d5-b7c9625b6107,50f4348b-c883-4e2f-8f11-ce233b859fa1,fda095cb-831d-4601-ad94-846013963de8,f92806d7-1768-443f-afe8-12bcde84d0f0,dd3a144d-ab7f-41f0-82b8-2e43a090d496,f0416e68-0200-4b77-a926-4f9d16e494da,970b0598-bcb0-4714-91fb-2e81440dccd8,bcd64cc6-2dd9-43f6-abbe-66318d332032,d930590d-bb92-4cc8-8bd1-23cd027f9edf,a3cd009f-0ab0-420d-9278-b9fdab939bbc,6a2d0734-bd9e-4ddf-946e-caa52498cb75,c27215d8-6835-4b68-bfbb-bdeac6100c04,b5d6115f-0370-4d7c-aad3-c194cc71cf98,871c3b6c-7379-419d-bda3-794b239ab90d,ff9b0199-ce04-4cfe-86cc-6c719f08d6e4,de1c2107-70c8-4021-8459-6399f24d01c6,cbf30902-517f-40dc-af90-a550bac27cf1,5c601d96-e4c7-4698-991b-7ee674b11079
2026-7-4 18:26:56-debug:   Number of all scenes: 3
2026-7-4 18:26:56-debug:   Number of all scripts: 71
2026-7-4 18:26:56-debug: Init bundle root assets success..., progress: 0%
2026-7-4 18:26:56-debug: // ---- build task 查询 Asset Bundle ---- (158ms)
2026-7-4 18:26:56-debug:   Number of other assets: 4124
2026-7-4 18:26:56-log: run build task 查询 Asset Bundle success in 158 ms√, progress: 5%
2026-7-4 18:26:56-debug: [Build Memory track]: 查询 Asset Bundle start:253.32MB, end 255.45MB, increase: 2.13MB
2026-7-4 18:26:56-debug: 查询 Asset Bundle start, progress: 5%
2026-7-4 18:26:56-debug: // ---- build task 查询 Asset Bundle ----
2026-7-4 18:26:56-debug: // ---- build task 查询 Asset Bundle ---- (20ms)
2026-7-4 18:26:56-log: run build task 查询 Asset Bundle success in 20 ms√, progress: 10%
2026-7-4 18:26:56-debug: [Build Memory track]: 查询 Asset Bundle start:255.49MB, end 256.14MB, increase: 664.34KB
2026-7-4 18:26:56-debug: 整理部分构建选项内数据到 settings.json start, progress: 10%
2026-7-4 18:26:56-debug: // ---- build task 整理部分构建选项内数据到 settings.json ----
2026-7-4 18:26:56-debug: // ---- build task 整理部分构建选项内数据到 settings.json ---- (4ms)
2026-7-4 18:26:56-log: run build task 整理部分构建选项内数据到 settings.json success in 4 ms√, progress: 12%
2026-7-4 18:26:56-debug: 填充脚本数据到 settings.json start, progress: 12%
2026-7-4 18:26:56-debug: [Build Memory track]: 整理部分构建选项内数据到 settings.json start:256.19MB, end 256.24MB, increase: 49.88KB
2026-7-4 18:26:56-debug: // ---- build task 填充脚本数据到 settings.json ----
2026-7-4 18:26:56-debug: // ---- build task 填充脚本数据到 settings.json ---- (3ms)
2026-7-4 18:26:56-debug: [Build Memory track]: 填充脚本数据到 settings.json start:256.28MB, end 256.31MB, increase: 35.39KB
2026-7-4 18:26:56-log: run build task 填充脚本数据到 settings.json success in 3 ms√, progress: 13%
2026-7-4 18:26:56-debug: 整理部分构建选项内数据到 settings.json start, progress: 13%
2026-7-4 18:26:56-debug: // ---- build task 整理部分构建选项内数据到 settings.json ----
2026-7-4 18:26:56-debug: // ---- build task 整理部分构建选项内数据到 settings.json ---- (17ms)
2026-7-4 18:26:56-log: run build task 整理部分构建选项内数据到 settings.json success in 17 ms√, progress: 15%
2026-7-4 18:26:56-debug: [Build Memory track]: 整理部分构建选项内数据到 settings.json start:256.35MB, end 256.49MB, increase: 135.10KB
2026-7-4 18:27:00-debug: refresh db internal success
2026-7-4 18:27:02-debug: refresh db assets success
2026-7-4 18:27:02-debug: Run asset db hook engine-extends:afterRefresh success!
2026-7-4 18:27:02-debug: Run asset db hook engine-extends:afterRefresh ...
2026-7-4 18:27:02-debug: asset-db:worker-effect-data-processing (13ms)
2026-7-4 18:27:02-debug: asset-db-hook-engine-extends-afterRefresh (14ms)
2026-7-4 18:27:02-debug: asset-db:refresh-all-database (2487ms)
2026-7-4 18:27:21-debug: refresh db internal success
2026-7-4 18:27:22-debug: refresh db assets success
2026-7-4 18:27:22-debug: Run asset db hook engine-extends:afterRefresh ...
2026-7-4 18:27:22-debug: Run asset db hook engine-extends:afterRefresh success!
2026-7-4 18:27:22-debug: asset-db:worker-effect-data-processing (3ms)
2026-7-4 18:27:22-debug: asset-db:refresh-all-database (1626ms)
2026-7-4 18:27:22-debug: asset-db-hook-engine-extends-afterRefresh (5ms)
2026-7-4 18:28:24-debug: refresh db internal success
2026-7-4 18:28:25-debug: %cImport%c: D:\jjfbol-cocos\jjfbol-cocos\jjfb\assets\Script\Game\BattleScene.tsbackground: #aaff85; color: #000;color: #000;
2026-7-4 18:28:25-debug: refresh db assets success
2026-7-4 18:28:25-debug: Run asset db hook engine-extends:afterRefresh ...
2026-7-4 18:28:25-debug: Run asset db hook engine-extends:afterRefresh success!
2026-7-4 18:28:25-debug: asset-db:refresh-all-database (1739ms)
2026-7-4 18:28:25-debug: asset-db:worker-effect-data-processing (4ms)
2026-7-4 18:28:25-debug: asset-db-hook-engine-extends-afterRefresh (5ms)
2026-7-4 18:28:32-debug: refresh db internal success
2026-7-4 18:28:34-debug: Run asset db hook engine-extends:afterRefresh ...
2026-7-4 18:28:34-debug: refresh db assets success
2026-7-4 18:28:34-debug: Run asset db hook engine-extends:afterRefresh success!
2026-7-4 18:28:34-debug: asset-db:refresh-all-database (1884ms)
2026-7-4 18:28:34-debug: asset-db:worker-effect-data-processing (3ms)
2026-7-4 18:28:34-debug: asset-db-hook-engine-extends-afterRefresh (4ms)
2026-7-4 18:30:31-debug: refresh db internal success
2026-7-4 18:30:32-debug: refresh db assets success
2026-7-4 18:30:32-debug: Run asset db hook engine-extends:afterRefresh ...
2026-7-4 18:30:32-debug: Run asset db hook engine-extends:afterRefresh success!
2026-7-4 18:30:32-debug: asset-db:refresh-all-database (1561ms)
2026-7-4 18:30:32-debug: asset-db:worker-effect-data-processing (4ms)
2026-7-4 18:30:32-debug: asset-db-hook-engine-extends-afterRefresh (5ms)
2026-7-4 19:01:59-debug: refresh db internal success
2026-7-4 19:02:00-debug: %cImport%c: D:\jjfbol-cocos\jjfbol-cocos\jjfb\assets\Script\Game\GameArea\PlayerGridMove.tsbackground: #aaff85; color: #000;color: #000;
2026-7-4 19:02:00-debug: %cImport%c: D:\jjfbol-cocos\jjfbol-cocos\jjfb\assets\Script\Game\GameArea\PlayerStateSync.tsbackground: #aaff85; color: #000;color: #000;
2026-7-4 19:02:00-debug: %cImport%c: D:\jjfbol-cocos\jjfbol-cocos\jjfb\assets\Script\Game\GameArea\WorldOnlineSync.tsbackground: #aaff85; color: #000;color: #000;
2026-7-4 19:02:00-debug: refresh db assets success
2026-7-4 19:02:00-debug: Run asset db hook engine-extends:afterRefresh ...
2026-7-4 19:02:00-debug: Run asset db hook engine-extends:afterRefresh success!
2026-7-4 19:02:00-debug: asset-db:refresh-all-database (1360ms)
2026-7-4 19:02:00-debug: asset-db:worker-effect-data-processing (3ms)
2026-7-4 19:02:00-debug: asset-db-hook-engine-extends-afterRefresh (4ms)
2026-7-4 19:48:56-debug: refresh db internal success
2026-7-4 19:48:57-debug: Query all assets info in project
2026-7-4 19:48:57-debug: refresh db assets success
2026-7-4 19:48:57-debug: Run asset db hook engine-extends:afterRefresh ...
2026-7-4 19:48:57-debug: Run asset db hook engine-extends:afterRefresh success!
2026-7-4 19:48:57-debug: asset-db:refresh-all-database (1636ms)
2026-7-4 19:48:57-debug: asset-db:worker-effect-data-processing (3ms)
2026-7-4 19:48:57-debug: asset-db-hook-engine-extends-afterRefresh (4ms)
2026-7-4 19:48:57-debug: init custom config: keepNodeUuid: false, useCache: true
2026-7-4 19:48:57-debug: Skip compress image, progress: 0%
2026-7-4 19:48:57-debug: Num of bundles: 3..., progress: 0%
2026-7-4 19:48:57-debug: Init all bundles start..., progress: 0%
2026-7-4 19:48:57-debug: 查询 Asset Bundle start, progress: 0%
2026-7-4 19:48:57-debug: // ---- build task 查询 Asset Bundle ----
2026-7-4 19:48:57-debug: Init bundle root assets start..., progress: 0%
2026-7-4 19:48:57-debug: Query preload assets/scripts from cc.config.json: 60f7195c-ec2a-45eb-ba94-8955f60e81d0,1c02ae6f-4492-4915-b8f8-7492a3b1e4cd,810e96e4-e456-4468-9b59-f4e8f39732c0,efe8e2a3-eace-427b-b4f1-cb8a937ec77d,e9aa9a3e-5b2b-4ac7-a2c7-073de2b2b24f,8bbdbcdd-5cd4-4100-b6d5-b7c9625b6107,50f4348b-c883-4e2f-8f11-ce233b859fa1,fda095cb-831d-4601-ad94-846013963de8,f92806d7-1768-443f-afe8-12bcde84d0f0,dd3a144d-ab7f-41f0-82b8-2e43a090d496,f0416e68-0200-4b77-a926-4f9d16e494da,970b0598-bcb0-4714-91fb-2e81440dccd8,bcd64cc6-2dd9-43f6-abbe-66318d332032,d930590d-bb92-4cc8-8bd1-23cd027f9edf,a3cd009f-0ab0-420d-9278-b9fdab939bbc,6a2d0734-bd9e-4ddf-946e-caa52498cb75,c27215d8-6835-4b68-bfbb-bdeac6100c04,b5d6115f-0370-4d7c-aad3-c194cc71cf98,871c3b6c-7379-419d-bda3-794b239ab90d,ff9b0199-ce04-4cfe-86cc-6c719f08d6e4,de1c2107-70c8-4021-8459-6399f24d01c6,cbf30902-517f-40dc-af90-a550bac27cf1,5c601d96-e4c7-4698-991b-7ee674b11079
2026-7-4 19:48:57-debug:   Number of all scripts: 71
2026-7-4 19:48:57-debug:   Number of other assets: 4124
2026-7-4 19:48:57-debug:   Number of all scenes: 3
2026-7-4 19:48:57-debug: Init bundle root assets success..., progress: 0%
2026-7-4 19:48:57-debug: // ---- build task 查询 Asset Bundle ---- (69ms)
2026-7-4 19:48:57-debug: [Build Memory track]: 查询 Asset Bundle start:238.47MB, end 239.82MB, increase: 1.35MB
2026-7-4 19:48:57-debug: 查询 Asset Bundle start, progress: 5%
2026-7-4 19:48:57-log: run build task 查询 Asset Bundle success in 69 ms√, progress: 5%
2026-7-4 19:48:57-debug: // ---- build task 查询 Asset Bundle ----
2026-7-4 19:48:57-log: run build task 查询 Asset Bundle success in 7 ms√, progress: 10%
2026-7-4 19:48:57-debug: 整理部分构建选项内数据到 settings.json start, progress: 10%
2026-7-4 19:48:57-debug: [Build Memory track]: 查询 Asset Bundle start:239.87MB, end 240.51MB, increase: 660.25KB
2026-7-4 19:48:57-debug: // ---- build task 查询 Asset Bundle ---- (7ms)
2026-7-4 19:48:57-debug: // ---- build task 整理部分构建选项内数据到 settings.json ----
2026-7-4 19:48:57-log: run build task 整理部分构建选项内数据到 settings.json success in 2 ms√, progress: 12%
2026-7-4 19:48:57-debug: [Build Memory track]: 整理部分构建选项内数据到 settings.json start:240.55MB, end 240.59MB, increase: 42.48KB
2026-7-4 19:48:57-debug: 填充脚本数据到 settings.json start, progress: 12%
2026-7-4 19:48:57-debug: // ---- build task 整理部分构建选项内数据到 settings.json ---- (2ms)
2026-7-4 19:48:57-debug: // ---- build task 填充脚本数据到 settings.json ----
2026-7-4 19:48:57-log: run build task 填充脚本数据到 settings.json success in 2 ms√, progress: 13%
2026-7-4 19:48:57-debug: [Build Memory track]: 填充脚本数据到 settings.json start:240.63MB, end 240.67MB, increase: 34.29KB
2026-7-4 19:48:57-debug: // ---- build task 填充脚本数据到 settings.json ---- (2ms)
2026-7-4 19:48:57-debug: 整理部分构建选项内数据到 settings.json start, progress: 13%
2026-7-4 19:48:57-debug: // ---- build task 整理部分构建选项内数据到 settings.json ----
2026-7-4 19:48:57-debug: [Build Memory track]: 整理部分构建选项内数据到 settings.json start:240.71MB, end 240.84MB, increase: 137.35KB
2026-7-4 19:48:57-debug: // ---- build task 整理部分构建选项内数据到 settings.json ---- (10ms)
2026-7-4 19:48:57-log: run build task 整理部分构建选项内数据到 settings.json success in 10 ms√, progress: 15%
2026-7-4 19:49:11-debug: refresh db internal success
2026-7-4 19:49:12-debug: refresh db assets success
2026-7-4 19:49:12-debug: Run asset db hook engine-extends:afterRefresh ...
2026-7-4 19:49:12-debug: Run asset db hook engine-extends:afterRefresh success!
2026-7-4 19:49:12-debug: asset-db:worker-effect-data-processing (3ms)
2026-7-4 19:49:12-debug: asset-db:refresh-all-database (1629ms)
2026-7-4 19:49:12-debug: asset-db-hook-engine-extends-afterRefresh (4ms)
2026-7-4 19:52:33-debug: refresh db internal success
2026-7-4 19:52:34-debug: Run asset db hook engine-extends:afterRefresh ...
2026-7-4 19:52:34-debug: refresh db assets success
2026-7-4 19:52:34-debug: Run asset db hook engine-extends:afterRefresh success!
2026-7-4 19:52:34-debug: asset-db:refresh-all-database (1680ms)
2026-7-4 19:52:34-debug: asset-db:worker-effect-data-processing (2ms)
2026-7-4 19:52:34-debug: asset-db-hook-engine-extends-afterRefresh (3ms)
2026-7-4 19:54:47-debug: refresh db internal success
2026-7-4 19:54:48-debug: %cImport%c: D:\jjfbol-cocos\jjfbol-cocos\jjfb\assets\Script\Game\BattleScene.tsbackground: #aaff85; color: #000;color: #000;
2026-7-4 19:54:49-debug: Run asset db hook engine-extends:afterRefresh ...
2026-7-4 19:54:49-debug: refresh db assets success
2026-7-4 19:54:49-debug: Run asset db hook engine-extends:afterRefresh success!
2026-7-4 19:54:49-debug: asset-db:refresh-all-database (2702ms)
2026-7-4 19:54:49-debug: asset-db:worker-effect-data-processing (4ms)
2026-7-4 19:54:49-debug: asset-db-hook-engine-extends-afterRefresh (5ms)
2026-7-4 19:55:00-debug: Query all assets info in project
2026-7-4 19:55:00-debug: init custom config: keepNodeUuid: false, useCache: true
2026-7-4 19:55:00-debug: Skip compress image, progress: 0%
2026-7-4 19:55:00-debug: Init all bundles start..., progress: 0%
2026-7-4 19:55:00-debug: Num of bundles: 3..., progress: 0%
2026-7-4 19:55:00-debug: 查询 Asset Bundle start, progress: 0%
2026-7-4 19:55:00-debug: // ---- build task 查询 Asset Bundle ----
2026-7-4 19:55:00-debug: Init bundle root assets start..., progress: 0%
2026-7-4 19:55:00-debug: Query preload assets/scripts from cc.config.json: 60f7195c-ec2a-45eb-ba94-8955f60e81d0,1c02ae6f-4492-4915-b8f8-7492a3b1e4cd,810e96e4-e456-4468-9b59-f4e8f39732c0,efe8e2a3-eace-427b-b4f1-cb8a937ec77d,e9aa9a3e-5b2b-4ac7-a2c7-073de2b2b24f,8bbdbcdd-5cd4-4100-b6d5-b7c9625b6107,50f4348b-c883-4e2f-8f11-ce233b859fa1,fda095cb-831d-4601-ad94-846013963de8,f92806d7-1768-443f-afe8-12bcde84d0f0,dd3a144d-ab7f-41f0-82b8-2e43a090d496,f0416e68-0200-4b77-a926-4f9d16e494da,970b0598-bcb0-4714-91fb-2e81440dccd8,bcd64cc6-2dd9-43f6-abbe-66318d332032,d930590d-bb92-4cc8-8bd1-23cd027f9edf,a3cd009f-0ab0-420d-9278-b9fdab939bbc,6a2d0734-bd9e-4ddf-946e-caa52498cb75,c27215d8-6835-4b68-bfbb-bdeac6100c04,b5d6115f-0370-4d7c-aad3-c194cc71cf98,871c3b6c-7379-419d-bda3-794b239ab90d,ff9b0199-ce04-4cfe-86cc-6c719f08d6e4,de1c2107-70c8-4021-8459-6399f24d01c6,cbf30902-517f-40dc-af90-a550bac27cf1,5c601d96-e4c7-4698-991b-7ee674b11079
2026-7-4 19:55:00-debug:   Number of all scripts: 71
2026-7-4 19:55:00-debug:   Number of other assets: 4124
2026-7-4 19:55:00-debug:   Number of all scenes: 3
2026-7-4 19:55:00-debug: Init bundle root assets success..., progress: 0%
2026-7-4 19:55:00-debug: // ---- build task 查询 Asset Bundle ---- (62ms)
2026-7-4 19:55:00-debug: [Build Memory track]: 查询 Asset Bundle start:238.09MB, end 234.20MB, increase: -3981.97KB
2026-7-4 19:55:00-log: run build task 查询 Asset Bundle success in 62 ms√, progress: 5%
2026-7-4 19:55:00-debug: 查询 Asset Bundle start, progress: 5%
2026-7-4 19:55:00-debug: // ---- build task 查询 Asset Bundle ----
2026-7-4 19:55:00-log: run build task 查询 Asset Bundle success in 6 ms√, progress: 10%
2026-7-4 19:55:00-debug: // ---- build task 查询 Asset Bundle ---- (6ms)
2026-7-4 19:55:00-debug: [Build Memory track]: 查询 Asset Bundle start:234.23MB, end 234.87MB, increase: 655.70KB
2026-7-4 19:55:00-debug: 整理部分构建选项内数据到 settings.json start, progress: 10%
2026-7-4 19:55:00-debug: // ---- build task 整理部分构建选项内数据到 settings.json ----
2026-7-4 19:55:00-debug: // ---- build task 整理部分构建选项内数据到 settings.json ---- (2ms)
2026-7-4 19:55:00-debug: [Build Memory track]: 整理部分构建选项内数据到 settings.json start:234.91MB, end 234.93MB, increase: 27.50KB
2026-7-4 19:55:00-log: run build task 整理部分构建选项内数据到 settings.json success in 2 ms√, progress: 12%
2026-7-4 19:55:00-debug: 填充脚本数据到 settings.json start, progress: 12%
2026-7-4 19:55:00-debug: // ---- build task 填充脚本数据到 settings.json ----
2026-7-4 19:55:00-log: run build task 填充脚本数据到 settings.json success in 1 ms√, progress: 13%
2026-7-4 19:55:00-debug: [Build Memory track]: 填充脚本数据到 settings.json start:234.96MB, end 234.99MB, increase: 26.91KB
2026-7-4 19:55:00-debug: // ---- build task 填充脚本数据到 settings.json ---- (1ms)
2026-7-4 19:55:00-debug: 整理部分构建选项内数据到 settings.json start, progress: 13%
2026-7-4 19:55:00-debug: // ---- build task 整理部分构建选项内数据到 settings.json ----
2026-7-4 19:55:00-debug: [Build Memory track]: 整理部分构建选项内数据到 settings.json start:235.02MB, end 235.15MB, increase: 130.84KB
2026-7-4 19:55:00-log: run build task 整理部分构建选项内数据到 settings.json success in 6 ms√, progress: 15%
2026-7-4 19:55:00-debug: // ---- build task 整理部分构建选项内数据到 settings.json ---- (6ms)
2026-7-4 20:03:12-debug: refresh db internal success
2026-7-4 20:03:13-debug: %cImport%c: D:\jjfbol-cocos\jjfbol-cocos\jjfb\assets\Script\Game\BattleScene.tsbackground: #aaff85; color: #000;color: #000;
2026-7-4 20:03:14-debug: refresh db assets success
2026-7-4 20:03:14-debug: Run asset db hook engine-extends:afterRefresh ...
2026-7-4 20:03:14-debug: Run asset db hook engine-extends:afterRefresh success!
2026-7-4 20:03:14-debug: asset-db:refresh-all-database (2122ms)
2026-7-4 20:03:14-debug: asset-db:worker-effect-data-processing (5ms)
2026-7-4 20:03:14-debug: asset-db-hook-engine-extends-afterRefresh (8ms)
2026-7-4 20:03:17-debug: Query all assets info in project
2026-7-4 20:03:17-debug: init custom config: keepNodeUuid: false, useCache: true
2026-7-4 20:03:17-debug: Skip compress image, progress: 0%
2026-7-4 20:03:17-debug: Init all bundles start..., progress: 0%
2026-7-4 20:03:17-debug: 查询 Asset Bundle start, progress: 0%
2026-7-4 20:03:17-debug: Num of bundles: 3..., progress: 0%
2026-7-4 20:03:17-debug: // ---- build task 查询 Asset Bundle ----
2026-7-4 20:03:17-debug: Init bundle root assets start..., progress: 0%
2026-7-4 20:03:17-debug:   Number of all scripts: 71
2026-7-4 20:03:17-debug:   Number of other assets: 4124
2026-7-4 20:03:17-debug: Query preload assets/scripts from cc.config.json: 60f7195c-ec2a-45eb-ba94-8955f60e81d0,1c02ae6f-4492-4915-b8f8-7492a3b1e4cd,810e96e4-e456-4468-9b59-f4e8f39732c0,efe8e2a3-eace-427b-b4f1-cb8a937ec77d,e9aa9a3e-5b2b-4ac7-a2c7-073de2b2b24f,8bbdbcdd-5cd4-4100-b6d5-b7c9625b6107,50f4348b-c883-4e2f-8f11-ce233b859fa1,fda095cb-831d-4601-ad94-846013963de8,f92806d7-1768-443f-afe8-12bcde84d0f0,dd3a144d-ab7f-41f0-82b8-2e43a090d496,f0416e68-0200-4b77-a926-4f9d16e494da,970b0598-bcb0-4714-91fb-2e81440dccd8,bcd64cc6-2dd9-43f6-abbe-66318d332032,d930590d-bb92-4cc8-8bd1-23cd027f9edf,a3cd009f-0ab0-420d-9278-b9fdab939bbc,6a2d0734-bd9e-4ddf-946e-caa52498cb75,c27215d8-6835-4b68-bfbb-bdeac6100c04,b5d6115f-0370-4d7c-aad3-c194cc71cf98,871c3b6c-7379-419d-bda3-794b239ab90d,ff9b0199-ce04-4cfe-86cc-6c719f08d6e4,de1c2107-70c8-4021-8459-6399f24d01c6,cbf30902-517f-40dc-af90-a550bac27cf1,5c601d96-e4c7-4698-991b-7ee674b11079
2026-7-4 20:03:17-debug:   Number of all scenes: 3
2026-7-4 20:03:17-debug: Init bundle root assets success..., progress: 0%
2026-7-4 20:03:17-debug: // ---- build task 查询 Asset Bundle ---- (69ms)
2026-7-4 20:03:17-debug: [Build Memory track]: 查询 Asset Bundle start:249.26MB, end 248.73MB, increase: -542.58KB
2026-7-4 20:03:17-log: run build task 查询 Asset Bundle success in 69 ms√, progress: 5%
2026-7-4 20:03:17-debug: 查询 Asset Bundle start, progress: 5%
2026-7-4 20:03:17-debug: // ---- build task 查询 Asset Bundle ----
2026-7-4 20:03:17-debug: [Build Memory track]: 查询 Asset Bundle start:248.76MB, end 249.39MB, increase: 652.91KB
2026-7-4 20:03:17-debug: // ---- build task 查询 Asset Bundle ---- (7ms)
2026-7-4 20:03:17-log: run build task 查询 Asset Bundle success in 7 ms√, progress: 10%
2026-7-4 20:03:17-debug: 整理部分构建选项内数据到 settings.json start, progress: 10%
2026-7-4 20:03:17-debug: // ---- build task 整理部分构建选项内数据到 settings.json ----
2026-7-4 20:03:17-log: run build task 整理部分构建选项内数据到 settings.json success in 4 ms√, progress: 12%
2026-7-4 20:03:17-debug: [Build Memory track]: 整理部分构建选项内数据到 settings.json start:249.43MB, end 249.45MB, increase: 27.34KB
2026-7-4 20:03:17-debug: // ---- build task 整理部分构建选项内数据到 settings.json ---- (4ms)
2026-7-4 20:03:17-debug: 填充脚本数据到 settings.json start, progress: 12%
2026-7-4 20:03:17-log: run build task 填充脚本数据到 settings.json success in 3 ms√, progress: 13%
2026-7-4 20:03:17-debug: // ---- build task 填充脚本数据到 settings.json ----
2026-7-4 20:03:17-debug: // ---- build task 填充脚本数据到 settings.json ---- (3ms)
2026-7-4 20:03:17-debug: [Build Memory track]: 填充脚本数据到 settings.json start:249.48MB, end 249.51MB, increase: 25.91KB
2026-7-4 20:03:17-debug: 整理部分构建选项内数据到 settings.json start, progress: 13%
2026-7-4 20:03:17-debug: // ---- build task 整理部分构建选项内数据到 settings.json ----
2026-7-4 20:03:17-log: run build task 整理部分构建选项内数据到 settings.json success in 7 ms√, progress: 15%
2026-7-4 20:03:17-debug: [Build Memory track]: 整理部分构建选项内数据到 settings.json start:249.54MB, end 249.67MB, increase: 128.42KB
2026-7-4 20:03:17-debug: // ---- build task 整理部分构建选项内数据到 settings.json ---- (7ms)
2026-7-4 20:03:42-debug: refresh db internal success
2026-7-4 20:03:44-debug: refresh db assets success
2026-7-4 20:03:44-debug: Run asset db hook engine-extends:afterRefresh ...
2026-7-4 20:03:44-debug: asset-db:refresh-all-database (1642ms)
2026-7-4 20:03:44-debug: asset-db:worker-effect-data-processing (5ms)
2026-7-4 20:03:44-debug: asset-db-hook-engine-extends-afterRefresh (7ms)
2026-7-4 20:03:44-debug: Run asset db hook engine-extends:afterRefresh success!
2026-7-4 20:04:16-debug: refresh db internal success
2026-7-4 20:04:17-debug: refresh db assets success
2026-7-4 20:04:17-debug: Run asset db hook engine-extends:afterRefresh ...
2026-7-4 20:04:17-debug: Run asset db hook engine-extends:afterRefresh success!
2026-7-4 20:04:17-debug: asset-db:refresh-all-database (1647ms)
2026-7-4 20:04:17-debug: asset-db:worker-effect-data-processing (2ms)
2026-7-4 20:04:17-debug: asset-db-hook-engine-extends-afterRefresh (3ms)
2026-7-4 20:04:33-debug: refresh db internal success
2026-7-4 20:04:35-debug: refresh db assets success
2026-7-4 20:04:35-debug: Run asset db hook engine-extends:afterRefresh ...
2026-7-4 20:04:35-debug: Run asset db hook engine-extends:afterRefresh success!
2026-7-4 20:04:35-debug: asset-db:refresh-all-database (1523ms)
2026-7-4 20:04:35-debug: asset-db:worker-effect-data-processing (2ms)
2026-7-4 20:04:35-debug: asset-db-hook-engine-extends-afterRefresh (3ms)
2026-7-4 20:04:58-debug: refresh db internal success
2026-7-4 20:04:59-debug: Run asset db hook engine-extends:afterRefresh ...
2026-7-4 20:04:59-debug: refresh db assets success
2026-7-4 20:04:59-debug: Run asset db hook engine-extends:afterRefresh success!
2026-7-4 20:04:59-debug: asset-db:refresh-all-database (1415ms)
2026-7-4 20:04:59-debug: asset-db:worker-effect-data-processing (4ms)
2026-7-4 20:04:59-debug: asset-db-hook-engine-extends-afterRefresh (5ms)
2026-7-4 20:05:06-debug: refresh db internal success
2026-7-4 20:05:07-debug: refresh db assets success
2026-7-4 20:05:07-debug: Run asset db hook engine-extends:afterRefresh ...
2026-7-4 20:05:07-debug: Run asset db hook engine-extends:afterRefresh success!
2026-7-4 20:05:07-debug: asset-db:refresh-all-database (1467ms)
2026-7-4 20:05:07-debug: asset-db:worker-effect-data-processing (2ms)
2026-7-4 20:05:07-debug: asset-db-hook-engine-extends-afterRefresh (3ms)
2026-7-4 20:05:32-debug: refresh db internal success
2026-7-4 20:05:33-debug: Run asset db hook engine-extends:afterRefresh ...
2026-7-4 20:05:33-debug: refresh db assets success
2026-7-4 20:05:33-debug: Run asset db hook engine-extends:afterRefresh success!
2026-7-4 20:05:33-debug: asset-db:refresh-all-database (1441ms)
2026-7-4 20:05:33-debug: asset-db:worker-effect-data-processing (3ms)
2026-7-4 20:05:33-debug: asset-db-hook-engine-extends-afterRefresh (4ms)
2026-7-4 20:05:54-debug: refresh db internal success
2026-7-4 20:05:56-debug: Run asset db hook engine-extends:afterRefresh ...
2026-7-4 20:05:56-debug: refresh db assets success
2026-7-4 20:05:56-debug: Run asset db hook engine-extends:afterRefresh success!
2026-7-4 20:05:56-debug: asset-db:refresh-all-database (1793ms)
2026-7-4 20:05:56-debug: asset-db:worker-effect-data-processing (3ms)
2026-7-4 20:05:56-debug: asset-db-hook-engine-extends-afterRefresh (4ms)
2026-7-4 20:06:22-debug: refresh db internal success
2026-7-4 20:06:24-debug: Run asset db hook engine-extends:afterRefresh ...
2026-7-4 20:06:24-debug: refresh db assets success
2026-7-4 20:06:24-debug: Run asset db hook engine-extends:afterRefresh success!
2026-7-4 20:06:24-debug: asset-db:refresh-all-database (2459ms)
2026-7-4 20:06:24-debug: asset-db:worker-effect-data-processing (2ms)
2026-7-4 20:06:24-debug: asset-db-hook-engine-extends-afterRefresh (4ms)
2026-7-4 20:10:45-debug: refresh db internal success
2026-7-4 20:10:46-debug: %cImport%c: D:\jjfbol-cocos\jjfbol-cocos\jjfb\assets\Script\Game\BattleScene.tsbackground: #aaff85; color: #000;color: #000;
2026-7-4 20:10:46-debug: refresh db assets success
2026-7-4 20:10:46-debug: Run asset db hook engine-extends:afterRefresh ...
2026-7-4 20:10:46-debug: Run asset db hook engine-extends:afterRefresh success!
2026-7-4 20:10:46-debug: asset-db:refresh-all-database (1936ms)
2026-7-4 20:10:46-debug: asset-db:worker-effect-data-processing (5ms)
2026-7-4 20:10:46-debug: asset-db-hook-engine-extends-afterRefresh (7ms)
2026-7-4 20:10:53-debug: Query all assets info in project
2026-7-4 20:10:53-debug: init custom config: keepNodeUuid: false, useCache: true
2026-7-4 20:10:53-debug: Skip compress image, progress: 0%
2026-7-4 20:10:53-debug: Init all bundles start..., progress: 0%
2026-7-4 20:10:53-debug: 查询 Asset Bundle start, progress: 0%
2026-7-4 20:10:53-debug: // ---- build task 查询 Asset Bundle ----
2026-7-4 20:10:53-debug: Num of bundles: 3..., progress: 0%
2026-7-4 20:10:53-debug: Init bundle root assets start..., progress: 0%
2026-7-4 20:10:53-debug:   Number of all scenes: 3
2026-7-4 20:10:53-debug:   Number of all scripts: 71
2026-7-4 20:10:53-debug: Query preload assets/scripts from cc.config.json: 60f7195c-ec2a-45eb-ba94-8955f60e81d0,1c02ae6f-4492-4915-b8f8-7492a3b1e4cd,810e96e4-e456-4468-9b59-f4e8f39732c0,efe8e2a3-eace-427b-b4f1-cb8a937ec77d,e9aa9a3e-5b2b-4ac7-a2c7-073de2b2b24f,8bbdbcdd-5cd4-4100-b6d5-b7c9625b6107,50f4348b-c883-4e2f-8f11-ce233b859fa1,fda095cb-831d-4601-ad94-846013963de8,f92806d7-1768-443f-afe8-12bcde84d0f0,dd3a144d-ab7f-41f0-82b8-2e43a090d496,f0416e68-0200-4b77-a926-4f9d16e494da,970b0598-bcb0-4714-91fb-2e81440dccd8,bcd64cc6-2dd9-43f6-abbe-66318d332032,d930590d-bb92-4cc8-8bd1-23cd027f9edf,a3cd009f-0ab0-420d-9278-b9fdab939bbc,6a2d0734-bd9e-4ddf-946e-caa52498cb75,c27215d8-6835-4b68-bfbb-bdeac6100c04,b5d6115f-0370-4d7c-aad3-c194cc71cf98,871c3b6c-7379-419d-bda3-794b239ab90d,ff9b0199-ce04-4cfe-86cc-6c719f08d6e4,de1c2107-70c8-4021-8459-6399f24d01c6,cbf30902-517f-40dc-af90-a550bac27cf1,5c601d96-e4c7-4698-991b-7ee674b11079
2026-7-4 20:10:53-debug: Init bundle root assets success..., progress: 0%
2026-7-4 20:10:53-debug:   Number of other assets: 4124
2026-7-4 20:10:53-debug: // ---- build task 查询 Asset Bundle ---- (57ms)
2026-7-4 20:10:53-log: run build task 查询 Asset Bundle success in 57 ms√, progress: 5%
2026-7-4 20:10:53-debug: [Build Memory track]: 查询 Asset Bundle start:244.71MB, end 246.25MB, increase: 1.54MB
2026-7-4 20:10:53-debug: 查询 Asset Bundle start, progress: 5%
2026-7-4 20:10:53-debug: // ---- build task 查询 Asset Bundle ----
2026-7-4 20:10:53-debug: [Build Memory track]: 查询 Asset Bundle start:246.28MB, end 246.92MB, increase: 653.27KB
2026-7-4 20:10:53-log: run build task 查询 Asset Bundle success in 7 ms√, progress: 10%
2026-7-4 20:10:53-debug: // ---- build task 查询 Asset Bundle ---- (7ms)
2026-7-4 20:10:53-debug: 整理部分构建选项内数据到 settings.json start, progress: 10%
2026-7-4 20:10:53-debug: // ---- build task 整理部分构建选项内数据到 settings.json ----
2026-7-4 20:10:53-debug: // ---- build task 整理部分构建选项内数据到 settings.json ---- (2ms)
2026-7-4 20:10:53-log: run build task 整理部分构建选项内数据到 settings.json success in 2 ms√, progress: 12%
2026-7-4 20:10:53-debug: 填充脚本数据到 settings.json start, progress: 12%
2026-7-4 20:10:53-debug: [Build Memory track]: 整理部分构建选项内数据到 settings.json start:246.95MB, end 246.98MB, increase: 29.13KB
2026-7-4 20:10:53-debug: // ---- build task 填充脚本数据到 settings.json ----
2026-7-4 20:10:53-debug: [Build Memory track]: 填充脚本数据到 settings.json start:247.01MB, end 247.04MB, increase: 26.83KB
2026-7-4 20:10:53-debug: // ---- build task 填充脚本数据到 settings.json ---- (2ms)
2026-7-4 20:10:53-log: run build task 填充脚本数据到 settings.json success in 2 ms√, progress: 13%
2026-7-4 20:10:53-debug: 整理部分构建选项内数据到 settings.json start, progress: 13%
2026-7-4 20:10:53-debug: // ---- build task 整理部分构建选项内数据到 settings.json ----
2026-7-4 20:10:53-log: run build task 整理部分构建选项内数据到 settings.json success in 6 ms√, progress: 15%
2026-7-4 20:10:53-debug: [Build Memory track]: 整理部分构建选项内数据到 settings.json start:247.07MB, end 247.20MB, increase: 130.31KB
2026-7-4 20:10:53-debug: // ---- build task 整理部分构建选项内数据到 settings.json ---- (6ms)
2026-7-4 20:12:18-debug: refresh db internal success
2026-7-4 20:12:19-debug: Run asset db hook engine-extends:afterRefresh ...
2026-7-4 20:12:19-debug: refresh db assets success
2026-7-4 20:12:19-debug: Run asset db hook engine-extends:afterRefresh success!
2026-7-4 20:12:19-debug: asset-db:worker-effect-data-processing (7ms)
2026-7-4 20:12:19-debug: asset-db:refresh-all-database (1431ms)
2026-7-4 20:12:19-debug: asset-db-hook-engine-extends-afterRefresh (8ms)
2026-7-4 20:28:28-debug: refresh db internal success
2026-7-4 20:28:29-debug: %cImport%c: D:\jjfbol-cocos\jjfbol-cocos\jjfb\assets\Script\Game\BattleScene.tsbackground: #aaff85; color: #000;color: #000;
2026-7-4 20:28:30-debug: Run asset db hook engine-extends:afterRefresh ...
2026-7-4 20:28:30-debug: refresh db assets success
2026-7-4 20:28:30-debug: Run asset db hook engine-extends:afterRefresh success!
2026-7-4 20:28:30-debug: asset-db:worker-effect-data-processing (4ms)
2026-7-4 20:28:30-debug: asset-db:refresh-all-database (2050ms)
2026-7-4 20:28:30-debug: asset-db-hook-engine-extends-afterRefresh (5ms)
2026-7-4 20:28:33-debug: Query all assets info in project
2026-7-4 20:28:33-debug: init custom config: keepNodeUuid: false, useCache: true
2026-7-4 20:28:33-debug: Skip compress image, progress: 0%
2026-7-4 20:28:33-debug: 查询 Asset Bundle start, progress: 0%
2026-7-4 20:28:33-debug: Init all bundles start..., progress: 0%
2026-7-4 20:28:33-debug: Num of bundles: 3..., progress: 0%
2026-7-4 20:28:33-debug: // ---- build task 查询 Asset Bundle ----
2026-7-4 20:28:33-debug:   Number of all scenes: 3
2026-7-4 20:28:33-debug: Init bundle root assets start..., progress: 0%
2026-7-4 20:28:33-debug: Query preload assets/scripts from cc.config.json: 60f7195c-ec2a-45eb-ba94-8955f60e81d0,1c02ae6f-4492-4915-b8f8-7492a3b1e4cd,810e96e4-e456-4468-9b59-f4e8f39732c0,efe8e2a3-eace-427b-b4f1-cb8a937ec77d,e9aa9a3e-5b2b-4ac7-a2c7-073de2b2b24f,8bbdbcdd-5cd4-4100-b6d5-b7c9625b6107,50f4348b-c883-4e2f-8f11-ce233b859fa1,fda095cb-831d-4601-ad94-846013963de8,f92806d7-1768-443f-afe8-12bcde84d0f0,dd3a144d-ab7f-41f0-82b8-2e43a090d496,f0416e68-0200-4b77-a926-4f9d16e494da,970b0598-bcb0-4714-91fb-2e81440dccd8,bcd64cc6-2dd9-43f6-abbe-66318d332032,d930590d-bb92-4cc8-8bd1-23cd027f9edf,a3cd009f-0ab0-420d-9278-b9fdab939bbc,6a2d0734-bd9e-4ddf-946e-caa52498cb75,c27215d8-6835-4b68-bfbb-bdeac6100c04,b5d6115f-0370-4d7c-aad3-c194cc71cf98,871c3b6c-7379-419d-bda3-794b239ab90d,ff9b0199-ce04-4cfe-86cc-6c719f08d6e4,de1c2107-70c8-4021-8459-6399f24d01c6,cbf30902-517f-40dc-af90-a550bac27cf1,5c601d96-e4c7-4698-991b-7ee674b11079
2026-7-4 20:28:33-debug:   Number of other assets: 4124
2026-7-4 20:28:33-debug: Init bundle root assets success..., progress: 0%
2026-7-4 20:28:33-debug:   Number of all scripts: 71
2026-7-4 20:28:33-debug: // ---- build task 查询 Asset Bundle ---- (57ms)
2026-7-4 20:28:33-log: run build task 查询 Asset Bundle success in 57 ms√, progress: 5%
2026-7-4 20:28:33-debug: [Build Memory track]: 查询 Asset Bundle start:237.05MB, end 239.43MB, increase: 2.39MB
2026-7-4 20:28:33-debug: 查询 Asset Bundle start, progress: 5%
2026-7-4 20:28:33-debug: // ---- build task 查询 Asset Bundle ----
2026-7-4 20:28:33-debug: // ---- build task 查询 Asset Bundle ---- (6ms)
2026-7-4 20:28:33-log: run build task 查询 Asset Bundle success in 6 ms√, progress: 10%
2026-7-4 20:28:33-debug: [Build Memory track]: 查询 Asset Bundle start:239.46MB, end 240.10MB, increase: 656.45KB
2026-7-4 20:28:33-debug: 整理部分构建选项内数据到 settings.json start, progress: 10%
2026-7-4 20:28:33-debug: // ---- build task 整理部分构建选项内数据到 settings.json ----
2026-7-4 20:28:33-log: run build task 整理部分构建选项内数据到 settings.json success in 2 ms√, progress: 12%
2026-7-4 20:28:33-debug: [Build Memory track]: 整理部分构建选项内数据到 settings.json start:240.14MB, end 240.16MB, increase: 27.09KB
2026-7-4 20:28:33-debug: 填充脚本数据到 settings.json start, progress: 12%
2026-7-4 20:28:33-debug: // ---- build task 整理部分构建选项内数据到 settings.json ---- (2ms)
2026-7-4 20:28:33-debug: // ---- build task 填充脚本数据到 settings.json ----
2026-7-4 20:28:33-debug: // ---- build task 填充脚本数据到 settings.json ---- (2ms)
2026-7-4 20:28:33-log: run build task 填充脚本数据到 settings.json success in 2 ms√, progress: 13%
2026-7-4 20:28:33-debug: [Build Memory track]: 填充脚本数据到 settings.json start:240.19MB, end 240.22MB, increase: 27.08KB
2026-7-4 20:28:33-debug: 整理部分构建选项内数据到 settings.json start, progress: 13%
2026-7-4 20:28:33-debug: // ---- build task 整理部分构建选项内数据到 settings.json ----
2026-7-4 20:28:33-debug: [Build Memory track]: 整理部分构建选项内数据到 settings.json start:240.25MB, end 240.39MB, increase: 146.29KB
2026-7-4 20:28:33-debug: // ---- build task 整理部分构建选项内数据到 settings.json ---- (7ms)
2026-7-4 20:28:33-log: run build task 整理部分构建选项内数据到 settings.json success in 7 ms√, progress: 15%
2026-7-4 20:45:56-debug: refresh db internal success
2026-7-4 20:45:57-debug: refresh db assets success
2026-7-4 20:45:57-debug: Run asset db hook engine-extends:afterRefresh ...
2026-7-4 20:45:57-debug: Run asset db hook engine-extends:afterRefresh success!
2026-7-4 20:45:57-debug: asset-db:worker-effect-data-processing (3ms)
2026-7-4 20:45:57-debug: asset-db:refresh-all-database (1370ms)
2026-7-4 20:45:57-debug: asset-db-hook-engine-extends-afterRefresh (3ms)
2026-7-4 20:52:49-debug: refresh db internal success
2026-7-4 20:52:49-debug: %cImport%c: D:\jjfbol-cocos\jjfbol-cocos\jjfb\assets\Script\Game\BattleScene.tsbackground: #aaff85; color: #000;color: #000;
2026-7-4 20:52:50-debug: refresh db assets success
2026-7-4 20:52:50-debug: Run asset db hook engine-extends:afterRefresh ...
2026-7-4 20:52:50-debug: Run asset db hook engine-extends:afterRefresh success!
2026-7-4 20:52:50-debug: asset-db:refresh-all-database (1861ms)
2026-7-4 20:52:50-debug: asset-db:worker-effect-data-processing (4ms)
2026-7-4 20:52:50-debug: asset-db-hook-engine-extends-afterRefresh (4ms)
2026-7-4 20:55:22-debug: refresh db internal success
2026-7-4 20:55:23-debug: %cImport%c: D:\jjfbol-cocos\jjfbol-cocos\jjfb\assets\Script\Game\story-local-mode.tsbackground: #aaff85; color: #000;color: #000;
2026-7-4 20:55:23-debug: %cImport%c: D:\jjfbol-cocos\jjfbol-cocos\jjfb\assets\Script\Game\StoryManager.tsbackground: #aaff85; color: #000;color: #000;
2026-7-4 20:55:23-debug: Run asset db hook engine-extends:afterRefresh ...
2026-7-4 20:55:23-debug: refresh db assets success
2026-7-4 20:55:23-debug: Run asset db hook engine-extends:afterRefresh success!
2026-7-4 20:55:23-debug: asset-db:worker-effect-data-processing (4ms)
2026-7-4 20:55:23-debug: asset-db:refresh-all-database (1638ms)
2026-7-4 20:55:23-debug: asset-db-hook-engine-extends-afterRefresh (5ms)
2026-7-4 20:55:27-debug: Query all assets info in project
2026-7-4 20:55:27-debug: init custom config: keepNodeUuid: false, useCache: true
2026-7-4 20:55:27-debug: Skip compress image, progress: 0%
2026-7-4 20:55:27-debug: Init all bundles start..., progress: 0%
2026-7-4 20:55:27-debug: Num of bundles: 3..., progress: 0%
2026-7-4 20:55:27-debug: 查询 Asset Bundle start, progress: 0%
2026-7-4 20:55:27-debug: // ---- build task 查询 Asset Bundle ----
2026-7-4 20:55:27-debug: Init bundle root assets start..., progress: 0%
2026-7-4 20:55:27-debug: Query preload assets/scripts from cc.config.json: 60f7195c-ec2a-45eb-ba94-8955f60e81d0,1c02ae6f-4492-4915-b8f8-7492a3b1e4cd,810e96e4-e456-4468-9b59-f4e8f39732c0,efe8e2a3-eace-427b-b4f1-cb8a937ec77d,e9aa9a3e-5b2b-4ac7-a2c7-073de2b2b24f,8bbdbcdd-5cd4-4100-b6d5-b7c9625b6107,50f4348b-c883-4e2f-8f11-ce233b859fa1,fda095cb-831d-4601-ad94-846013963de8,f92806d7-1768-443f-afe8-12bcde84d0f0,dd3a144d-ab7f-41f0-82b8-2e43a090d496,f0416e68-0200-4b77-a926-4f9d16e494da,970b0598-bcb0-4714-91fb-2e81440dccd8,bcd64cc6-2dd9-43f6-abbe-66318d332032,d930590d-bb92-4cc8-8bd1-23cd027f9edf,a3cd009f-0ab0-420d-9278-b9fdab939bbc,6a2d0734-bd9e-4ddf-946e-caa52498cb75,c27215d8-6835-4b68-bfbb-bdeac6100c04,b5d6115f-0370-4d7c-aad3-c194cc71cf98,871c3b6c-7379-419d-bda3-794b239ab90d,ff9b0199-ce04-4cfe-86cc-6c719f08d6e4,de1c2107-70c8-4021-8459-6399f24d01c6,cbf30902-517f-40dc-af90-a550bac27cf1,5c601d96-e4c7-4698-991b-7ee674b11079
2026-7-4 20:55:27-debug:   Number of all scripts: 71
2026-7-4 20:55:27-debug:   Number of other assets: 4124
2026-7-4 20:55:27-debug: Init bundle root assets success..., progress: 0%
2026-7-4 20:55:27-debug:   Number of all scenes: 3
2026-7-4 20:55:27-debug: 查询 Asset Bundle start, progress: 5%
2026-7-4 20:55:27-debug: [Build Memory track]: 查询 Asset Bundle start:238.47MB, end 239.59MB, increase: 1.12MB
2026-7-4 20:55:27-log: run build task 查询 Asset Bundle success in 50 ms√, progress: 5%
2026-7-4 20:55:27-debug: // ---- build task 查询 Asset Bundle ---- (50ms)
2026-7-4 20:55:27-debug: // ---- build task 查询 Asset Bundle ----
2026-7-4 20:55:27-debug: [Build Memory track]: 查询 Asset Bundle start:239.62MB, end 238.09MB, increase: -1567.05KB
2026-7-4 20:55:27-log: run build task 查询 Asset Bundle success in 8 ms√, progress: 10%
2026-7-4 20:55:27-debug: // ---- build task 查询 Asset Bundle ---- (8ms)
2026-7-4 20:55:27-debug: 整理部分构建选项内数据到 settings.json start, progress: 10%
2026-7-4 20:55:27-debug: // ---- build task 整理部分构建选项内数据到 settings.json ----
2026-7-4 20:55:27-debug: // ---- build task 整理部分构建选项内数据到 settings.json ---- (3ms)
2026-7-4 20:55:27-debug: [Build Memory track]: 整理部分构建选项内数据到 settings.json start:238.12MB, end 238.15MB, increase: 27.23KB
2026-7-4 20:55:27-debug: 填充脚本数据到 settings.json start, progress: 12%
2026-7-4 20:55:27-log: run build task 整理部分构建选项内数据到 settings.json success in 3 ms√, progress: 12%
2026-7-4 20:55:27-debug: // ---- build task 填充脚本数据到 settings.json ----
2026-7-4 20:55:27-log: run build task 填充脚本数据到 settings.json success in 1 ms√, progress: 13%
2026-7-4 20:55:27-debug: [Build Memory track]: 填充脚本数据到 settings.json start:238.18MB, end 238.21MB, increase: 26.86KB
2026-7-4 20:55:27-debug: // ---- build task 填充脚本数据到 settings.json ---- (1ms)
2026-7-4 20:55:27-debug: 整理部分构建选项内数据到 settings.json start, progress: 13%
2026-7-4 20:55:27-debug: // ---- build task 整理部分构建选项内数据到 settings.json ----
2026-7-4 20:55:27-log: run build task 整理部分构建选项内数据到 settings.json success in 9 ms√, progress: 15%
2026-7-4 20:55:27-debug: [Build Memory track]: 整理部分构建选项内数据到 settings.json start:238.24MB, end 238.37MB, increase: 137.45KB
2026-7-4 20:55:27-debug: // ---- build task 整理部分构建选项内数据到 settings.json ---- (9ms)
2026-7-4 21:13:31-debug: refresh db internal success
2026-7-4 21:13:34-debug: refresh db assets success
2026-7-4 21:13:34-debug: Run asset db hook engine-extends:afterRefresh ...
2026-7-4 21:13:34-debug: Run asset db hook engine-extends:afterRefresh success!
2026-7-4 21:13:34-debug: asset-db:refresh-all-database (2878ms)
2026-7-4 21:13:34-debug: asset-db:worker-effect-data-processing (4ms)
2026-7-4 21:13:34-debug: asset-db-hook-engine-extends-afterRefresh (4ms)
2026-7-4 21:27:53-debug: refresh db internal success
2026-7-4 21:27:54-debug: %cImport%c: D:\jjfbol-cocos\jjfbol-cocos\jjfb\assets\Script\Game\npc-task-indicator.tsbackground: #aaff85; color: #000;color: #000;
2026-7-4 21:27:55-debug: refresh db assets success
2026-7-4 21:27:55-debug: Run asset db hook engine-extends:afterRefresh ...
2026-7-4 21:27:55-debug: Run asset db hook engine-extends:afterRefresh success!
2026-7-4 21:27:55-debug: asset-db:refresh-all-database (2260ms)
2026-7-4 21:27:55-debug: asset-db:worker-effect-data-processing (5ms)
2026-7-4 21:27:55-debug: asset-db-hook-engine-extends-afterRefresh (6ms)
2026-7-4 21:28:36-debug: Query all assets info in project
2026-7-4 21:28:36-debug: init custom config: keepNodeUuid: false, useCache: true
2026-7-4 21:28:36-debug: Skip compress image, progress: 0%
2026-7-4 21:28:36-debug: Num of bundles: 3..., progress: 0%
2026-7-4 21:28:36-debug: 查询 Asset Bundle start, progress: 0%
2026-7-4 21:28:36-debug: Init all bundles start..., progress: 0%
2026-7-4 21:28:36-debug: // ---- build task 查询 Asset Bundle ----
2026-7-4 21:28:36-debug: Init bundle root assets start..., progress: 0%
2026-7-4 21:28:36-debug:   Number of all scenes: 3
2026-7-4 21:28:36-debug:   Number of all scripts: 71
2026-7-4 21:28:36-debug: Query preload assets/scripts from cc.config.json: 60f7195c-ec2a-45eb-ba94-8955f60e81d0,1c02ae6f-4492-4915-b8f8-7492a3b1e4cd,810e96e4-e456-4468-9b59-f4e8f39732c0,efe8e2a3-eace-427b-b4f1-cb8a937ec77d,e9aa9a3e-5b2b-4ac7-a2c7-073de2b2b24f,8bbdbcdd-5cd4-4100-b6d5-b7c9625b6107,50f4348b-c883-4e2f-8f11-ce233b859fa1,fda095cb-831d-4601-ad94-846013963de8,f92806d7-1768-443f-afe8-12bcde84d0f0,dd3a144d-ab7f-41f0-82b8-2e43a090d496,f0416e68-0200-4b77-a926-4f9d16e494da,970b0598-bcb0-4714-91fb-2e81440dccd8,bcd64cc6-2dd9-43f6-abbe-66318d332032,d930590d-bb92-4cc8-8bd1-23cd027f9edf,a3cd009f-0ab0-420d-9278-b9fdab939bbc,6a2d0734-bd9e-4ddf-946e-caa52498cb75,c27215d8-6835-4b68-bfbb-bdeac6100c04,b5d6115f-0370-4d7c-aad3-c194cc71cf98,871c3b6c-7379-419d-bda3-794b239ab90d,ff9b0199-ce04-4cfe-86cc-6c719f08d6e4,de1c2107-70c8-4021-8459-6399f24d01c6,cbf30902-517f-40dc-af90-a550bac27cf1,5c601d96-e4c7-4698-991b-7ee674b11079
2026-7-4 21:28:36-debug:   Number of other assets: 4124
2026-7-4 21:28:36-debug: Init bundle root assets success..., progress: 0%
2026-7-4 21:28:36-log: run build task 查询 Asset Bundle success in 73 ms√, progress: 5%
2026-7-4 21:28:36-debug: [Build Memory track]: 查询 Asset Bundle start:237.42MB, end 234.98MB, increase: -2500.88KB
2026-7-4 21:28:36-debug: // ---- build task 查询 Asset Bundle ---- (73ms)
2026-7-4 21:28:36-debug: 查询 Asset Bundle start, progress: 5%
2026-7-4 21:28:36-debug: // ---- build task 查询 Asset Bundle ----
2026-7-4 21:28:36-debug: // ---- build task 查询 Asset Bundle ---- (11ms)
2026-7-4 21:28:36-debug: [Build Memory track]: 查询 Asset Bundle start:235.01MB, end 234.03MB, increase: -1006.48KB
2026-7-4 21:28:36-log: run build task 查询 Asset Bundle success in 11 ms√, progress: 10%
2026-7-4 21:28:36-debug: 整理部分构建选项内数据到 settings.json start, progress: 10%
2026-7-4 21:28:36-debug: // ---- build task 整理部分构建选项内数据到 settings.json ----
2026-7-4 21:28:36-debug: [Build Memory track]: 整理部分构建选项内数据到 settings.json start:234.06MB, end 234.09MB, increase: 27.29KB
2026-7-4 21:28:36-log: run build task 整理部分构建选项内数据到 settings.json success in 3 ms√, progress: 12%
2026-7-4 21:28:36-debug: 填充脚本数据到 settings.json start, progress: 12%
2026-7-4 21:28:36-debug: // ---- build task 整理部分构建选项内数据到 settings.json ---- (3ms)
2026-7-4 21:28:36-debug: // ---- build task 填充脚本数据到 settings.json ----
2026-7-4 21:28:36-debug: [Build Memory track]: 填充脚本数据到 settings.json start:234.12MB, end 234.15MB, increase: 26.29KB
2026-7-4 21:28:36-debug: // ---- build task 填充脚本数据到 settings.json ---- (2ms)
2026-7-4 21:28:36-debug: 整理部分构建选项内数据到 settings.json start, progress: 13%
2026-7-4 21:28:36-log: run build task 填充脚本数据到 settings.json success in 2 ms√, progress: 13%
2026-7-4 21:28:36-debug: // ---- build task 整理部分构建选项内数据到 settings.json ----
2026-7-4 21:28:36-debug: // ---- build task 整理部分构建选项内数据到 settings.json ---- (10ms)
2026-7-4 21:28:36-debug: [Build Memory track]: 整理部分构建选项内数据到 settings.json start:234.18MB, end 234.32MB, increase: 148.96KB
2026-7-4 21:28:36-log: run build task 整理部分构建选项内数据到 settings.json success in 10 ms√, progress: 15%
2026-7-4 21:30:21-debug: refresh db internal success
2026-7-4 21:30:23-debug: refresh db assets success
2026-7-4 21:30:23-debug: Run asset db hook engine-extends:afterRefresh ...
2026-7-4 21:30:23-debug: Run asset db hook engine-extends:afterRefresh success!
2026-7-4 21:30:23-debug: asset-db:refresh-all-database (1768ms)
2026-7-4 21:30:23-debug: asset-db:worker-effect-data-processing (5ms)
2026-7-4 21:30:23-debug: asset-db-hook-engine-extends-afterRefresh (6ms)
2026-7-4 21:30:23-debug: refresh db internal success
2026-7-4 21:30:25-debug: refresh db assets success
2026-7-4 21:30:25-debug: Run asset db hook engine-extends:afterRefresh ...
2026-7-4 21:30:25-debug: Run asset db hook engine-extends:afterRefresh success!
2026-7-4 21:30:25-debug: asset-db:worker-effect-data-processing (3ms)
2026-7-4 21:30:25-debug: asset-db:refresh-all-database (1589ms)
2026-7-4 21:30:25-debug: asset-db-hook-engine-extends-afterRefresh (3ms)
2026-7-4 21:47:51-debug: refresh db internal success
2026-7-4 21:47:52-debug: %cImport%c: D:\jjfbol-cocos\jjfbol-cocos\jjfb\assets\Script\Game\npc-task-indicator.tsbackground: #aaff85; color: #000;color: #000;
2026-7-4 21:47:52-debug: %cImport%c: D:\jjfbol-cocos\jjfbol-cocos\jjfb\assets\Script\Game\StoryManager.tsbackground: #aaff85; color: #000;color: #000;
2026-7-4 21:47:53-debug: Run asset db hook engine-extends:afterRefresh ...
2026-7-4 21:47:53-debug: refresh db assets success
2026-7-4 21:47:53-debug: Run asset db hook engine-extends:afterRefresh success!
2026-7-4 21:47:53-debug: asset-db:refresh-all-database (2248ms)
2026-7-4 21:47:53-debug: asset-db:worker-effect-data-processing (4ms)
2026-7-4 21:47:53-debug: asset-db-hook-engine-extends-afterRefresh (5ms)
2026-7-4 21:48:39-debug: Query all assets info in project
2026-7-4 21:48:39-debug: init custom config: keepNodeUuid: false, useCache: true
2026-7-4 21:48:39-debug: Skip compress image, progress: 0%
2026-7-4 21:48:39-debug: Num of bundles: 3..., progress: 0%
2026-7-4 21:48:39-debug: 查询 Asset Bundle start, progress: 0%
2026-7-4 21:48:39-debug: Init all bundles start..., progress: 0%
2026-7-4 21:48:39-debug: // ---- build task 查询 Asset Bundle ----
2026-7-4 21:48:39-debug: Init bundle root assets start..., progress: 0%
2026-7-4 21:48:39-debug: Query preload assets/scripts from cc.config.json: 60f7195c-ec2a-45eb-ba94-8955f60e81d0,1c02ae6f-4492-4915-b8f8-7492a3b1e4cd,810e96e4-e456-4468-9b59-f4e8f39732c0,efe8e2a3-eace-427b-b4f1-cb8a937ec77d,e9aa9a3e-5b2b-4ac7-a2c7-073de2b2b24f,8bbdbcdd-5cd4-4100-b6d5-b7c9625b6107,50f4348b-c883-4e2f-8f11-ce233b859fa1,fda095cb-831d-4601-ad94-846013963de8,f92806d7-1768-443f-afe8-12bcde84d0f0,dd3a144d-ab7f-41f0-82b8-2e43a090d496,f0416e68-0200-4b77-a926-4f9d16e494da,970b0598-bcb0-4714-91fb-2e81440dccd8,bcd64cc6-2dd9-43f6-abbe-66318d332032,d930590d-bb92-4cc8-8bd1-23cd027f9edf,a3cd009f-0ab0-420d-9278-b9fdab939bbc,6a2d0734-bd9e-4ddf-946e-caa52498cb75,c27215d8-6835-4b68-bfbb-bdeac6100c04,b5d6115f-0370-4d7c-aad3-c194cc71cf98,871c3b6c-7379-419d-bda3-794b239ab90d,ff9b0199-ce04-4cfe-86cc-6c719f08d6e4,de1c2107-70c8-4021-8459-6399f24d01c6,cbf30902-517f-40dc-af90-a550bac27cf1,5c601d96-e4c7-4698-991b-7ee674b11079
2026-7-4 21:48:39-debug:   Number of all scripts: 71
2026-7-4 21:48:39-debug:   Number of all scenes: 3
2026-7-4 21:48:39-debug:   Number of other assets: 4124
2026-7-4 21:48:39-debug: // ---- build task 查询 Asset Bundle ---- (74ms)
2026-7-4 21:48:39-debug: Init bundle root assets success..., progress: 0%
2026-7-4 21:48:39-log: run build task 查询 Asset Bundle success in 74 ms√, progress: 5%
2026-7-4 21:48:39-debug: [Build Memory track]: 查询 Asset Bundle start:245.66MB, end 247.90MB, increase: 2.23MB
2026-7-4 21:48:39-debug: 查询 Asset Bundle start, progress: 5%
2026-7-4 21:48:39-debug: // ---- build task 查询 Asset Bundle ----
2026-7-4 21:48:39-log: run build task 查询 Asset Bundle success in 7 ms√, progress: 10%
2026-7-4 21:48:39-debug: [Build Memory track]: 查询 Asset Bundle start:247.93MB, end 248.57MB, increase: 658.17KB
2026-7-4 21:48:39-debug: // ---- build task 查询 Asset Bundle ---- (7ms)
2026-7-4 21:48:39-debug: 整理部分构建选项内数据到 settings.json start, progress: 10%
2026-7-4 21:48:39-debug: // ---- build task 整理部分构建选项内数据到 settings.json ----
2026-7-4 21:48:39-debug: // ---- build task 整理部分构建选项内数据到 settings.json ---- (2ms)
2026-7-4 21:48:39-debug: [Build Memory track]: 整理部分构建选项内数据到 settings.json start:248.60MB, end 248.63MB, increase: 27.26KB
2026-7-4 21:48:39-log: run build task 整理部分构建选项内数据到 settings.json success in 2 ms√, progress: 12%
2026-7-4 21:48:39-debug: 填充脚本数据到 settings.json start, progress: 12%
2026-7-4 21:48:39-debug: // ---- build task 填充脚本数据到 settings.json ----
2026-7-4 21:48:39-debug: [Build Memory track]: 填充脚本数据到 settings.json start:248.66MB, end 248.69MB, increase: 26.86KB
2026-7-4 21:48:39-log: run build task 填充脚本数据到 settings.json success in 3 ms√, progress: 13%
2026-7-4 21:48:39-debug: // ---- build task 填充脚本数据到 settings.json ---- (3ms)
2026-7-4 21:48:39-debug: 整理部分构建选项内数据到 settings.json start, progress: 13%
2026-7-4 21:48:39-debug: // ---- build task 整理部分构建选项内数据到 settings.json ----
2026-7-4 21:48:39-debug: [Build Memory track]: 整理部分构建选项内数据到 settings.json start:248.72MB, end 248.85MB, increase: 133.79KB
2026-7-4 21:48:39-log: run build task 整理部分构建选项内数据到 settings.json success in 13 ms√, progress: 15%
2026-7-4 21:48:39-debug: // ---- build task 整理部分构建选项内数据到 settings.json ---- (13ms)
2026-7-4 21:49:28-debug: refresh db internal success
2026-7-4 21:49:30-debug: refresh db assets success
2026-7-4 21:49:30-debug: Run asset db hook engine-extends:afterRefresh ...
2026-7-4 21:49:30-debug: Run asset db hook engine-extends:afterRefresh success!
2026-7-4 21:49:30-debug: asset-db:refresh-all-database (1588ms)
2026-7-4 21:49:30-debug: asset-db:worker-effect-data-processing (1ms)
2026-7-4 21:49:30-debug: asset-db-hook-engine-extends-afterRefresh (2ms)
2026-7-4 21:49:48-debug: refresh db internal success
2026-7-4 21:49:50-debug: refresh db assets success
2026-7-4 21:49:50-debug: Run asset db hook engine-extends:afterRefresh ...
2026-7-4 21:49:50-debug: Run asset db hook engine-extends:afterRefresh success!
2026-7-4 21:49:50-debug: asset-db:refresh-all-database (1522ms)
2026-7-4 21:49:50-debug: asset-db:worker-effect-data-processing (3ms)
2026-7-4 21:49:50-debug: asset-db-hook-engine-extends-afterRefresh (4ms)
2026-7-4 21:54:45-debug: refresh db internal success
2026-7-4 21:54:46-debug: %cImport%c: D:\jjfbol-cocos\jjfbol-cocos\jjfb\assets\Script\Game\npc-task-indicator.tsbackground: #aaff85; color: #000;color: #000;
2026-7-4 21:54:47-debug: refresh db assets success
2026-7-4 21:54:47-debug: Run asset db hook engine-extends:afterRefresh ...
2026-7-4 21:54:47-debug: Run asset db hook engine-extends:afterRefresh success!
2026-7-4 21:54:47-debug: asset-db:refresh-all-database (2102ms)
2026-7-4 21:54:47-debug: asset-db:worker-effect-data-processing (4ms)
2026-7-4 21:54:47-debug: asset-db-hook-engine-extends-afterRefresh (6ms)
2026-7-4 21:54:50-debug: Query all assets info in project
2026-7-4 21:54:50-debug: init custom config: keepNodeUuid: false, useCache: true
2026-7-4 21:54:50-debug: Skip compress image, progress: 0%
2026-7-4 21:54:50-debug: Init all bundles start..., progress: 0%
2026-7-4 21:54:50-debug: Num of bundles: 3..., progress: 0%
2026-7-4 21:54:50-debug: // ---- build task 查询 Asset Bundle ----
2026-7-4 21:54:50-debug: 查询 Asset Bundle start, progress: 0%
2026-7-4 21:54:50-debug: Init bundle root assets start..., progress: 0%
2026-7-4 21:54:50-debug: Query preload assets/scripts from cc.config.json: 60f7195c-ec2a-45eb-ba94-8955f60e81d0,1c02ae6f-4492-4915-b8f8-7492a3b1e4cd,810e96e4-e456-4468-9b59-f4e8f39732c0,efe8e2a3-eace-427b-b4f1-cb8a937ec77d,e9aa9a3e-5b2b-4ac7-a2c7-073de2b2b24f,8bbdbcdd-5cd4-4100-b6d5-b7c9625b6107,50f4348b-c883-4e2f-8f11-ce233b859fa1,fda095cb-831d-4601-ad94-846013963de8,f92806d7-1768-443f-afe8-12bcde84d0f0,dd3a144d-ab7f-41f0-82b8-2e43a090d496,f0416e68-0200-4b77-a926-4f9d16e494da,970b0598-bcb0-4714-91fb-2e81440dccd8,bcd64cc6-2dd9-43f6-abbe-66318d332032,d930590d-bb92-4cc8-8bd1-23cd027f9edf,a3cd009f-0ab0-420d-9278-b9fdab939bbc,6a2d0734-bd9e-4ddf-946e-caa52498cb75,c27215d8-6835-4b68-bfbb-bdeac6100c04,b5d6115f-0370-4d7c-aad3-c194cc71cf98,871c3b6c-7379-419d-bda3-794b239ab90d,ff9b0199-ce04-4cfe-86cc-6c719f08d6e4,de1c2107-70c8-4021-8459-6399f24d01c6,cbf30902-517f-40dc-af90-a550bac27cf1,5c601d96-e4c7-4698-991b-7ee674b11079
2026-7-4 21:54:50-debug:   Number of all scenes: 3
2026-7-4 21:54:50-debug:   Number of other assets: 4124
2026-7-4 21:54:50-debug:   Number of all scripts: 71
2026-7-4 21:54:50-debug: Init bundle root assets success..., progress: 0%
2026-7-4 21:54:50-debug: // ---- build task 查询 Asset Bundle ---- (60ms)
2026-7-4 21:54:50-debug: [Build Memory track]: 查询 Asset Bundle start:248.78MB, end 248.61MB, increase: -173.20KB
2026-7-4 21:54:50-debug: 查询 Asset Bundle start, progress: 5%
2026-7-4 21:54:50-log: run build task 查询 Asset Bundle success in 60 ms√, progress: 5%
2026-7-4 21:54:50-debug: // ---- build task 查询 Asset Bundle ----
2026-7-4 21:54:50-log: run build task 查询 Asset Bundle success in 5 ms√, progress: 10%
2026-7-4 21:54:50-debug: [Build Memory track]: 查询 Asset Bundle start:248.64MB, end 249.28MB, increase: 654.20KB
2026-7-4 21:54:50-debug: 整理部分构建选项内数据到 settings.json start, progress: 10%
2026-7-4 21:54:50-debug: // ---- build task 查询 Asset Bundle ---- (5ms)
2026-7-4 21:54:50-debug: // ---- build task 整理部分构建选项内数据到 settings.json ----
2026-7-4 21:54:50-log: run build task 整理部分构建选项内数据到 settings.json success in 2 ms√, progress: 12%
2026-7-4 21:54:50-debug: [Build Memory track]: 整理部分构建选项内数据到 settings.json start:249.31MB, end 249.34MB, increase: 27.26KB
2026-7-4 21:54:50-debug: 填充脚本数据到 settings.json start, progress: 12%
2026-7-4 21:54:50-debug: // ---- build task 整理部分构建选项内数据到 settings.json ---- (2ms)
2026-7-4 21:54:50-debug: // ---- build task 填充脚本数据到 settings.json ----
2026-7-4 21:54:50-debug: // ---- build task 填充脚本数据到 settings.json ---- (2ms)
2026-7-4 21:54:50-debug: [Build Memory track]: 填充脚本数据到 settings.json start:249.37MB, end 249.40MB, increase: 26.86KB
2026-7-4 21:54:50-log: run build task 填充脚本数据到 settings.json success in 2 ms√, progress: 13%
2026-7-4 21:54:50-debug: 整理部分构建选项内数据到 settings.json start, progress: 13%
2026-7-4 21:54:50-debug: // ---- build task 整理部分构建选项内数据到 settings.json ----
2026-7-4 21:54:50-debug: // ---- build task 整理部分构建选项内数据到 settings.json ---- (6ms)
2026-7-4 21:54:50-debug: [Build Memory track]: 整理部分构建选项内数据到 settings.json start:249.43MB, end 249.56MB, increase: 132.56KB
2026-7-4 21:54:50-log: run build task 整理部分构建选项内数据到 settings.json success in 6 ms√, progress: 15%
2026-7-4 22:19:37-debug: refresh db internal success
2026-7-4 22:19:38-debug: %cImport%c: D:\jjfbol-cocos\jjfbol-cocos\jjfb\assets\Script\Game\npc-task-indicator.tsbackground: #aaff85; color: #000;color: #000;
2026-7-4 22:19:38-debug: %cImport%c: D:\jjfbol-cocos\jjfbol-cocos\jjfb\assets\Script\Game\StoryManager.tsbackground: #aaff85; color: #000;color: #000;
2026-7-4 22:19:39-debug: refresh db assets success
2026-7-4 22:19:39-debug: Run asset db hook engine-extends:afterRefresh ...
2026-7-4 22:19:39-debug: Run asset db hook engine-extends:afterRefresh success!
2026-7-4 22:19:39-debug: asset-db:refresh-all-database (2338ms)
2026-7-4 22:19:39-debug: asset-db:worker-effect-data-processing (4ms)
2026-7-4 22:19:39-debug: asset-db-hook-engine-extends-afterRefresh (6ms)
2026-7-4 22:19:45-debug: Query all assets info in project
2026-7-4 22:19:45-debug: init custom config: keepNodeUuid: false, useCache: true
2026-7-4 22:19:45-debug: Skip compress image, progress: 0%
2026-7-4 22:19:45-debug: Init all bundles start..., progress: 0%
2026-7-4 22:19:45-debug: 查询 Asset Bundle start, progress: 0%
2026-7-4 22:19:45-debug: Num of bundles: 3..., progress: 0%
2026-7-4 22:19:45-debug: // ---- build task 查询 Asset Bundle ----
2026-7-4 22:19:45-debug: Init bundle root assets start..., progress: 0%
2026-7-4 22:19:45-debug:   Number of other assets: 4124
2026-7-4 22:19:45-debug: Query preload assets/scripts from cc.config.json: 60f7195c-ec2a-45eb-ba94-8955f60e81d0,1c02ae6f-4492-4915-b8f8-7492a3b1e4cd,810e96e4-e456-4468-9b59-f4e8f39732c0,efe8e2a3-eace-427b-b4f1-cb8a937ec77d,e9aa9a3e-5b2b-4ac7-a2c7-073de2b2b24f,8bbdbcdd-5cd4-4100-b6d5-b7c9625b6107,50f4348b-c883-4e2f-8f11-ce233b859fa1,fda095cb-831d-4601-ad94-846013963de8,f92806d7-1768-443f-afe8-12bcde84d0f0,dd3a144d-ab7f-41f0-82b8-2e43a090d496,f0416e68-0200-4b77-a926-4f9d16e494da,970b0598-bcb0-4714-91fb-2e81440dccd8,bcd64cc6-2dd9-43f6-abbe-66318d332032,d930590d-bb92-4cc8-8bd1-23cd027f9edf,a3cd009f-0ab0-420d-9278-b9fdab939bbc,6a2d0734-bd9e-4ddf-946e-caa52498cb75,c27215d8-6835-4b68-bfbb-bdeac6100c04,b5d6115f-0370-4d7c-aad3-c194cc71cf98,871c3b6c-7379-419d-bda3-794b239ab90d,ff9b0199-ce04-4cfe-86cc-6c719f08d6e4,de1c2107-70c8-4021-8459-6399f24d01c6,cbf30902-517f-40dc-af90-a550bac27cf1,5c601d96-e4c7-4698-991b-7ee674b11079
2026-7-4 22:19:45-debug:   Number of all scenes: 3
2026-7-4 22:19:45-debug:   Number of all scripts: 71
2026-7-4 22:19:45-debug: Init bundle root assets success..., progress: 0%
2026-7-4 22:19:45-debug: // ---- build task 查询 Asset Bundle ---- (65ms)
2026-7-4 22:19:45-debug: [Build Memory track]: 查询 Asset Bundle start:252.70MB, end 254.26MB, increase: 1.56MB
2026-7-4 22:19:45-debug: 查询 Asset Bundle start, progress: 5%
2026-7-4 22:19:45-log: run build task 查询 Asset Bundle success in 65 ms√, progress: 5%
2026-7-4 22:19:45-debug: // ---- build task 查询 Asset Bundle ----
2026-7-4 22:19:45-debug: // ---- build task 查询 Asset Bundle ---- (6ms)
2026-7-4 22:19:45-log: run build task 查询 Asset Bundle success in 6 ms√, progress: 10%
2026-7-4 22:19:45-debug: [Build Memory track]: 查询 Asset Bundle start:254.29MB, end 254.93MB, increase: 652.92KB
2026-7-4 22:19:45-debug: 整理部分构建选项内数据到 settings.json start, progress: 10%
2026-7-4 22:19:45-debug: // ---- build task 整理部分构建选项内数据到 settings.json ----
2026-7-4 22:19:45-debug: // ---- build task 整理部分构建选项内数据到 settings.json ---- (2ms)
2026-7-4 22:19:45-debug: [Build Memory track]: 整理部分构建选项内数据到 settings.json start:254.96MB, end 253.83MB, increase: -1155.31KB
2026-7-4 22:19:45-log: run build task 整理部分构建选项内数据到 settings.json success in 2 ms√, progress: 12%
2026-7-4 22:19:45-debug: 填充脚本数据到 settings.json start, progress: 12%
2026-7-4 22:19:45-debug: // ---- build task 填充脚本数据到 settings.json ----
2026-7-4 22:19:45-debug: // ---- build task 填充脚本数据到 settings.json ---- (2ms)
2026-7-4 22:19:45-log: run build task 填充脚本数据到 settings.json success in 2 ms√, progress: 13%
2026-7-4 22:19:45-debug: 整理部分构建选项内数据到 settings.json start, progress: 13%
2026-7-4 22:19:45-debug: [Build Memory track]: 填充脚本数据到 settings.json start:253.86MB, end 253.89MB, increase: 26.52KB
2026-7-4 22:19:45-debug: // ---- build task 整理部分构建选项内数据到 settings.json ----
2026-7-4 22:19:45-log: run build task 整理部分构建选项内数据到 settings.json success in 6 ms√, progress: 15%
2026-7-4 22:19:45-debug: [Build Memory track]: 整理部分构建选项内数据到 settings.json start:253.92MB, end 254.04MB, increase: 127.09KB
2026-7-4 22:19:45-debug: // ---- build task 整理部分构建选项内数据到 settings.json ---- (6ms)
2026-7-4 22:33:21-debug: refresh db internal success
2026-7-4 22:33:22-debug: refresh db assets success
2026-7-4 22:33:22-debug: Run asset db hook engine-extends:afterRefresh ...
2026-7-4 22:33:22-debug: Run asset db hook engine-extends:afterRefresh success!
2026-7-4 22:33:22-debug: asset-db:refresh-all-database (1534ms)
2026-7-4 22:33:22-debug: asset-db:worker-effect-data-processing (2ms)
2026-7-4 22:33:22-debug: asset-db-hook-engine-extends-afterRefresh (2ms)
2026-7-4 22:37:03-debug: refresh db internal success
2026-7-4 22:37:05-debug: refresh db assets success
2026-7-4 22:37:05-debug: Run asset db hook engine-extends:afterRefresh ...
2026-7-4 22:37:05-debug: Run asset db hook engine-extends:afterRefresh success!
2026-7-4 22:37:05-debug: asset-db:worker-effect-data-processing (3ms)
2026-7-4 22:37:05-debug: asset-db:refresh-all-database (1451ms)
2026-7-4 22:37:05-debug: asset-db-hook-engine-extends-afterRefresh (4ms)
